# n=12 N=172 max_inner=0.43252385227527079
0.52824360053287178 -0.24363354052626551 -0.19331447562123433 -0.1887892185585206 -0.127738071802417 -0.55955947086231306 0.16137916146931147 0.17808997527417972 -0.1887218256663605 0.39219877722526597 -0.0062845162749282646 0.10922979421476377 
0.071317394685034813 0.4169165107532789 -0.11476002055137609 -0.13776255049964553 -0.014949466718552891 0.13070967805674674 0.40885221277069184 -0.042285098794556615 -0.47942974719990261 -0.37258610937651171 0.46296635563183419 -0.14027923521175917 
0.32719879050221734 -0.14274937917435146 0.13609628066100293 -0.089093502933144456 0.56558919109996453 -0.16391267882401969 0.15039371741221008 0.33098460479193725 0.29992594022457492 0.41795885863281401 0.24579373561635412 -0.20522280709601395 
-0.66122301783744053 0.10955034634914865 0.12162515581325227 0.11539355984014475 -0.11701176974331154 0.54459132505881014 0.073426261246425942 -0.194038680786319 0.17243340220483108 -0.27874102999102568 -0.053515444842702979 -0.24303673840543347 
-0.18156221579819459 0.30845120630041079 0.048201866679438689 -0.54863558271819424 -0.24984768157247528 0.2046132965062705 0.47329557050658849 0.11692150415650725 0.29320525133255326 -0.31924451828056022 -0.030811457541456821 0.19432720983864746 
0.49964752314484945 0.11423530705759846 0.019262002112545341 0.58509142797086144 -0.12789998372252834 -0.056393037080532858 -0.2060400291760201 0.11784464881826076 0.022215111950792413 0.30633738757044865 -0.16364295474747353 -0.44452906003995635 
-0.32440295397875196 -0.107897392093966 -0.12549295918641007 -0.37544424039679569 0.19690168243556205 -0.37603339989623091 0.30927182380206469 0.014872015014314387 0.57088380360106916 0.098985227499830936 -0.21358281164060081 -0.2627705798967136 
0.18804024193632646 0.5655567148150793 0.71056752639230358 0.22975718477420701 -0.11580341028630173 -0.11916510350605404 -0.11015135094134638 -0.18919305944080886 -0.10170374320228873 -0.011170836029385928 -0.031926212323877198 -0.008129492409219773 
-0.13725920369953706 -0.38886781256884856 -0.17822391762239093 0.17392590325867216 0.44081350687760645 0.20980402512475771 0.026856640667881373 0.030857556862296451 -0.23326486469222549 -0.3801947866849556 0.56537775347198682 0.096475016971136501 
0.46089922413752382 0.00089664618668017693 -0.34375918043195297 0.23926394309921709 -0.067076043329626633 0.22310944477065836 -0.083233280795805192 -0.43519533516353415 0.4237326286556044 -0.012351123202202724 -0.35830730485617296 0.23123083349027812 
-0.35069579869742179 0.27024355246489362 -0.46430897751673816 0.043695366201604045 -0.33653199948991408 0.17437610054572109 -0.30104602924528934 -0.41469213260079252 0.10068120817558618 0.33582224868368904 -0.16620489670620578 -0.17231460683776895 
-0.094567990327325296 -0.28243906223431792 -0.17881376298524324 0.096820075773298153 -0.17408283692985463 -0.30230452697537846 -0.48063164505821826 -0.12768738266231822 0.37875092598626503 -0.17601836131898793 -0.18753959121988314 -0.53974720900277751 
-0.27738379447670569 0.19727300326669442 -0.27385175523976879 0.13561000816848542 0.15371053295072687 0.35648478420429797 -0.30620652335969784 0.16997024414364859 -0.5558001564307522 -0.090882738047104575 -0.013483411119178121 -0.44725920682555259 
-3.2520418642147817e-05 0.1873770499917462 0.27558395826355225 0.079769042552312222 -0.26708007904073328 -0.27952747664682326 0.52974662479951151 0.4276427300799811 0.20120229960555688 0.42039026125779644 -0.18839838217640711 -0.12999524778069538 
0.063461951123166743 -0.33121545750881598 0.19040809544605294 -0.13556739229089015 -0.11524457015089286 0.03954819506271081 0.029036984200803109 0.5105100699423063 -0.276244742068948 0.19372010338903825 0.3288899888453955 -0.57733771002459122 
-0.022181190937632333 -0.057898348927937028 0.071389977413858982 -0.30425562999776207 -0.36912417273343762 0.1671568827118502 -0.20945475358218077 -0.51435384906302573 0.54771002448066841 -0.25510047329118185 0.24529949535661305 -0.025062715517330122 
0.027763859861983282 0.17739016367963487 -0.11373349331081996 -0.12590350509375359 0.12089613434701037 -0.24594105903220101 -0.19682481691234785 0.61174896738205575 0.55020394925418414 -0.34168660166947729 0.15542226979415194 -0.085235021398933047 
-0.0408831892863281 0.2047432813823023 -0.18535062787051154 0.15301736254097958 0.40884583984428169 -0.55131930298716858 -0.099001622743536188 0.2168871363426291 -0.26170330449262169 -0.087753133118808682 0.43989987926613189 -0.31778798516891654 
0.57691589200026061 -0.11003914436544997 -0.28225777042257783 -0.15777751159077319 -0.032257869867211034 0.35324050434048715 -0.27456733438735809 -0.13625986192352013 0.085448326198691332 -0.13469213413880105 0.1666908260914369 -0.52677664529286583 
-0.18360049113239688 0.1011918342569004 0.050687997366554785 -0.27566105235356769 -0.43992881445091864 0.33346078336979623 -0.12308506071539925 0.32938693956806714 0.47250721881998037 0.25957877975271493 -0.068791269097975491 -0.39209333847417921 
-0.25179348359408182 -0.45046138817175291 -0.020200677896048812 -0.29862607408915259 -0.056910450313807683 0.29567088353962051 -0.41957102221522036 0.40694168147143894 0.012165220130419803 -0.43390928156206598 -0.00013375895966035025 -0.15287988502428349 
-0.46042308823471334 0.066376346359108135 0.4654133483738343 -0.14368060090742121 -0.31222083870370526 0.16667115850067932 -0.46967939445625695 0.018913796734098258 -0.33802419333309069 0.080285031441881205 -0.27109740830071066 -0.077030005340723864 
-0.036207301028314452 -0.039481389385243718 0.47557867528535203 0.35529110133030528 -0.090519125245832971 0.041439878422185848 0.66678301128493955 -0.19920825155109192 0.076319014286238093 -0.018477542571170895 0.27066223839849163 0.26665494965336506 
0.095345301106971189 -0.25368058996906151 -0.12336161944016429 -0.12252557646688328 0.60231987077685278 0.076953953233725086 -0.11818403128637363 0.22278042538385834 0.38141745062573645 -0.071282392019287863 -0.22039692170802325 0.51466479460117887 
0.50982628374356875 -0.071617810336254889 -0.41794963373318816 -0.23503401307065255 0.087589595556483588 0.10404990832208062 -0.25939320712148561 -0.0065224848321822817 -0.11798693002836794 -0.1836816422621611 0.29819388058385216 0.53162017912135617 
0.19321036190498841 -0.32831390717091341 0.45507418035318509 0.35308545573498701 -0.064729280528581276 0.13750649789570976 -0.074324639549692276 0.036301766846665445 -0.099925828574491879 -0.50279416583277814 -0.04047709017455791 -0.47828073288870471 
-0.64551161009792246 0.0038348280291825047 -0.2894994433611951 -0.27093437466513892 -0.047261703606824558 0.082397059928923225 -0.26565555832626997 0.10733291828238181 0.39110138264291311 0.006540695713452737 0.10002810704358256 0.41468038621015241 
-0.12741413006839505 -0.42927842368889146 -0.050909799614790009 0.33701923690924235 -0.22548524649350571 0.28187552171001168 0.065192585636066322 0.20993742891933209 0.65900290909359149 -0.21534477019231812 0.038689831568070376 0.15011858629736902 
0.015154914392226267 0.072680373838858545 -0.2245087833213355 -0.36644820078260371 -0.32913058206722101 0.0144388908486321 -0.025139602244121921 -0.24369093977122372 -0.12312712376915033 0.39264467760603616 -0.2632178139390387 0.63453366325191496 
0.14941321470408706 -0.46620882007168479 -0.05920037769615967 0.263626450888442 -0.36389438641436583 -0.25182721983085143 0.41676057898137914 -0.26669253537996163 -0.10748625440533936 -0.13351509205822296 -0.41584233007883786 0.21063394104711958 
0.10407788152217058 0.5147764185403042 0.14327042681684302 0.022885426817017971 0.28579265998956538 -0.051152619739868177 0.30733975144492032 0.2811799530889747 -0.5176624823595537 0.077849969083416723 -0.40594240277159072 -0.08052734931297581 
-0.43415636412420927 -0.4930998113023764 0.096610802488998407 -0.1847522662073125 0.47392569982117594 -0.10805725501010412 -0.15629575549688635 -0.26280087459407436 -0.18019917229058333 -0.06976158900499102 -0.11705760362342928 -0.37957644132884044 
-0.34131345819680919 0.030254586463840272 -0.20514871171075666 -0.29376577959081457 0.23464105212176364 0.16104644230475482 -0.17264027368866242 -0.013386807629773616 0.25867299704793084 0.008166123348428065 0.56541356374289842 -0.50651584615100609 
0.051441338100921379 0.33258705744624861 -0.4127888413684081 -0.064222393918328652 0.091955146508155769 -0.026282812083266292 0.077610178463711862 -0.42566186668966327 0.027648114353490381 0.36703646661702016 0.59348447487658518 0.16780520494303391 
-0.19509075501577436 -0.15464419519361361 -0.47963043458860655 0.1445924464226904 -0.20695589631722325 -0.23461146128913779 0.22742107493670979 0.0963905995390755 -0.55515333635865793 0.034039924680300655 0.26364182521315094 0.38642814560596922 
0.038585812199816348 0.030422980108778794 -0.17356997202253671 0.16162871594010361 0.41143768945214282 0.12118306875982558 0.082828936237241024 -0.46629762938443919 0.34404462733200775 0.34375076084286094 -0.11851569536630584 -0.53150495655835484 
-0.15555678577685653 0.24471686516502442 -0.23536920811062101 0.025282158296993398 0.083479405631049636 -0.22659137614661537 0.18249502181080704 0.0058432691286835498 0.11609206006975104 -0.30620751917646438 -0.6862780425233308 0.43590008958284904 
-0.22818597228922408 0.13399906113276222 0.4125165808427092 -0.28429806254031342 0.1301279288762105 -0.084698961295652006 0.20950512219878939 -0.66707434983416913 0.11976676849370488 -0.15992167763341525 -0.3547902858556079 0.014041037327284692 
0.5073652707905858 -0.36949178206871858 -0.20886029322512373 0.3827410518207755 0.062704816222345389 -0.36782238645683418 0.047777930305769337 -0.030435337835070686 0.26327071391961576 -0.27109992675892935 0.32996480402442435 -0.14773393917203151 
0.18066841305362896 -0.18405574172187414 0.30759216712234838 -0.53133963280805208 0.34947739764913499 0.39120752136538456 0.16394580569690606 -0.15931937208086444 -0.078101788161412763 -0.44046840876698867 0.09728885644901035 -0.13975537916330263 
0.094608243341864365 -0.14430471940131212 -0.55462779149673369 -0.61160794651809025 0.013639546501544008 -0.11751916328884085 0.22934620833978298 0.33344032898514814 -0.14783539551541361 -0.25979313141656984 0.068812022839421491 -0.12917957995573795 
0.23866093978384895 -0.41869622931574774 0.042886112625965818 -0.15801966724957803 -0.47193645562732561 0.10040729991197737 0.25505215964076389 0.10623328884766445 -0.1067143101555937 -0.50508925753523359 0.37592407259270033 0.1547908887427335 
-0.35374335899052217 -0.084845327415393287 0.47109933310655189 -0.032085924342693944 -0.13123630321757113 -0.17069418205025785 -0.040158845110966776 -0.36113073711778976 -0.22928114735708158 -0.49526549942165798 0.40813800012134788 -0.043368403219293118 
-0.064164224440285536 -0.2783362319401631 0.039279009170000774 0.3665017439872803 0.45472044159364106 0.33812649069836848 0.33368354550556639 -0.28399674601998876 0.15565275823635596 -0.35202125186087124 -0.34674449859236584 0.032679828115591288 
-0.063737910843205625 -0.40296115218698536 -0.0079924119753933039 0.57334549971370141 0.30736942164224701 -0.10164850340316177 0.20498612926889986 0.16484394259666807 -0.49328138561963158 0.1332555409291373 -0.17791632141024968 -0.19501755725778783 
0.21046689518596906 0.37014286121351814 0.35712440431267767 -0.27017683278151611 0.2418843720960511 0.36126442767236538 -0.47952361077680172 0.2759057130000655 -0.014395994121133042 0.16023857243414 0.18804491927285838 -0.24866274120758658 
-0.28457411087517764 -0.21971324722641022 -0.13698943790932866 -0.39697904807673479 -0.28083274140093695 0.37608605994559036 0.031845085205777626 -0.4352829240145033 -0.45484615416204727 0.075262991602720181 0.21623246936892138 -0.15583993234496743 
0.2968572638480485 -0.047201993266321594 -0.31325774811642049 0.65834399451358372 -0.14409594712424764 0.24533300132101746 0.079625848424426063 0.22090087178286127 -0.2147844708429314 -0.41289741136308267 -0.056058109789695283 0.14917090051316198 
-0.10563198799636203 -0.20315261723005015 0.041545269663471648 0.45605719786642152 0.52674510945082698 0.1956049314190049 -0.43388098447721213 0.27869991589778309 0.26797683459925514 -0.021829946793009966 0.049117424092411432 -0.28549608915166375 
0.036270424033527801 0.20917702967626076 0.11089081613388561 0.18721308139962906 -0.36998254925097745 -0.63751016811764061 -0.009849332111628889 0.19080251538602411 -0.36007163113962753 -0.40955026848318454 -0.16248225977270314 -0.063178465594720637 
0.19814144543546036 -0.15513001425371281 0.36165172610709917 0.10102037776648481 0.099561922073502437 -0.57672474686195685 0.34145464154474298 -0.29988001579032147 -0.12836915030784665 0.085629628171537395 -0.018552042598147682 -0.47167679848507837 
0.12268690764926761 0.56408401215382631 -0.34992667323716831 0.37486336826606892 0.46549971861807365 0.040641541962699909 -0.26016339250953713 -0.11169838713358432 -0.15352367486652749 -0.090960118786110572 -0.042331263019498494 0.26767048244703434 
0.73314422220874531 0.23383317126059303 0.25322602044883447 -0.11465651167470288 -0.067117691290729045 -0.11016008607524648 0.20520251764875724 0.35091516494160385 -0.044731883702119085 -0.24115158446629115 0.094553283170904348 -0.28207651019919855 
0.44267977047859802 -0.059044674441108051 0.096640664241086249 -0.31911741935579446 0.20174441387785738 0.059344405197498271 0.63017855154923419 -0.019356837522055297 0.15116158559351309 0.12934056678742345 -0.43727263837394592 0.12986367279050529 
-0.14311229196072242 0.18290224440961245 -0.42274774282915178 0.56624106092272986 -0.22482324339771512 -0.29917766370275617 -0.23418114874678175 0.19989893207063958 0.2802832286395126 0.12664754881830928 0.28521050562605732 0.18953777100629665 
-0.18190762485233644 -0.5325768551183091 -0.2001083491483317 0.039834404209206961 0.17511388724076976 -0.63827988302478567 -0.062790790552218326 0.31321583321737712 0.022861816961517119 -0.23661019790413845 -0.13617275749122412 0.16272180496351293 
-0.51409649124671342 -0.19557787810694127 -0.17456744056149121 0.41815026868120003 -0.079364378249218451 -0.072807624016285918 -0.45510651401422691 -0.13067710434715907 -0.21192370467858443 -0.39275363893416793 -0.11970237779816102 0.20697056960078344 
0.15682556292823033 -0.16264239445291648 -0.39796582053758101 0.12733932925953884 0.15706709802712315 0.030680412051891627 -0.23676461731207807 0.78851031613947953 -0.18881047873955226 0.14846945862184893 0.088589516309737631 0.073505456841493053 
0.038825387703432815 -0.43233193290746724 -0.01740764408044659 0.44074019789241431 0.090099031454950004 0.18821678689086468 -0.070173595199176222 -0.21490512007521584 -0.053140736021200327 0.21048906575363777 0.075379647120488627 0.68524676335347234 
0.32621411065446415 -0.88037866074803761 -0.14414298526788999 -0.10746343640178771 0.17001864283155968 0.18018319736095281 0.099411557410952867 0.046049435360713611 0.02439448087519875 0.066778904447109794 -0.06277277825566982 -0.061819989586810647 
0.025866033394547721 0.20504677380537598 -0.41222087199814061 -0.037348425957139893 0.14635197164896857 0.23282049752032391 -0.021753121563374143 0.0069882863894753398 0.12569594624330174 -0.80156011913063452 -0.13584956339349552 -0.18184141212488536 
-0.42877171025812716 0.23635038464735941 0.28615151963182384 0.32197402491081917 0.20337364441710176 0.095316422053272731 -0.44777183549898558 -0.10541828886724741 -0.016163066480586775 0.2012668618506202 0.45237316532676375 0.25937151790264612 
-0.069412235920149667 -0.1795364068738684 -0.038026234574021857 -0.24672141173107853 0.083814645318357098 0.65169011068209493 0.24113440256521149 -0.27106086227319159 0.38263253957787374 0.36875716154033022 0.086145843257082341 0.21788959006779665 
0.11627728843678926 0.21603194147996441 0.004173658573477344 0.58991188974353059 -0.10136236909778838 0.23263357570577226 -0.056931777254915023 -0.54059709754794649 0.082916842951913095 -0.19467634006019208 0.37871860086162851 -0.20908208185098867 
-0.33839691818125889 0.72941044186482451 -0.071607125507702818 -0.059312862997651185 -0.17741068259804649 -0.1540812845666388 -0.22058817406379141 -0.11019114368325261 0.11043703054859577 -0.3702702443497255 0.28176510451936287 -0.0098766388462116703 
0.35546285083278922 -0.086720632639611925 -0.32821334194661406 -0.038737932771538933 0.47790675005521988 -0.20740079091615499 -0.088804844696061633 0.20347978688636892 -0.015177142725464901 -0.070943733310465981 -0.53521229132627635 -0.3801121395159236 
-0.25827088381745628 0.15285897068813281 -0.25203744661339078 0.023545668713204047 -0.016786661821624027 0.24835328934697132 0.23157092925293674 -0.520545663907787 -0.042481781371201718 -0.36423672240661165 0.13352784752396404 0.55407238069277454 
0.16518825598751075 0.024682846904587216 0.23308228911088222 0.14037499736661679 0.0055647163924634748 -0.63326419105245113 -0.08933491209194383 -0.22763927705147066 -0.064282399657231828 0.020836111313542221 0.44487339742428095 0.48449718769113925 
-0.024555506766767408 -0.40717950413020682 -0.40676002236356484 -0.27892982802508498 -0.46424787758579916 -0.099380356048203972 -0.3323589056954076 0.12337234724528132 0.082876468046512844 0.25144466274341332 0.41083152666067096 -0.019624418488140574 
-0.18119982992587932 -0.015299809053983666 -0.098328298164701899 -0.076137162367517844 -0.064267420634723779 -0.02563091223465324 0.40651952586677609 0.43199101341873364 0.19875683288028517 0.15395531523386624 0.71454709689618856 0.1449880642458346 
0.57230678083083875 0.01765261360883752 0.11498071152447027 -0.13890662666894421 -0.16906994270836898 0.037003026378082948 0.22178635404399999 -0.67550417158978437 -0.26600440497286981 -0.045638802336428405 0.1096956988159818 0.13897620892195919 
0.19365038204342294 0.63416954340747345 -0.012467259682924517 -0.16432925468772699 0.029877399533264189 0.57292411775996133 0.086513473215377334 -0.35001200219119011 0.0019863838700431655 -0.032262755033328629 -0.20585003306995242 -0.17499208439490499 
-0.26743570953473406 0.49502067618724677 0.055994760896517323 0.20201059102489372 0.070386231048611053 -0.025158446778388657 0.191248065727326 -0.26996468384582656 0.61563620866689817 0.26139248101239443 -0.066812146081554349 0.26953148930903953 
0.15896485427059517 0.36410223715308693 0.37090509941516525 -0.3151887031691884 0.39535179313385244 0.16168238601099708 0.073651375496935498 -0.16608070924009155 -0.064023628767791357 0.11800183353399143 0.14388863553520423 0.59250845231134974 
-0.1775526693663656 0.29300952074984205 0.43743505685948764 0.079075788231307967 -0.34599948858405849 0.21667929522615428 0.050559150041595585 0.60474688691465828 -0.084494241306590584 -0.33484406939882549 0.16682790493763705 -0.054645179469965638 
0.25563386290481771 -0.19785682821500108 0.35001483818222279 -0.15907253987783929 0.10413818920799113 0.32147375528100086 -0.029981297485223248 -0.13633036971777643 -0.32638136450701055 0.33329971071973624 -0.41584689653635587 -0.47272870069378903 
-0.01588294391300183 -0.41557445053337799 0.67765321301394998 0.013732778898008507 0.27927575565551216 -0.11846109648425827 0.11164930448807397 0.069286375784888887 -0.16904561176370483 -0.085506764327752838 -0.36873326506884213 0.29410363364325248 
0.047822399354414562 0.27850771444212002 0.071809099030336693 -0.20410808184889831 0.10870756108369206 -0.20489598925982674 -0.50454441044217435 -0.57939276419873764 -0.20129072077664079 8.298756374088924e-05 0.16109964836744492 -0.40348236629247552 
-0.021687961524889558 0.22172200097487779 -0.4181595610865303 -0.22937336699102245 -0.052929719108120547 -0.35709152880590422 -0.69736082771928298 0.17512065105649341 -0.11839414627654161 -0.018593849412595599 -0.22655940811227307 0.099559401913752871 
-0.017295880094184413 0.22571729858100872 -0.37482165739768275 0.029059044881332881 -0.39209689694266636 0.63695911559512075 -0.1109200362773901 0.11629489141481472 0.10131357355235091 -0.12430696887136139 0.42827559408624744 0.11399805162672499 
-0.092742322554656129 0.31703219010163919 -0.11537946261953387 -0.23717089960714197 0.040200234503122885 0.50051103785748641 -0.24053215130337452 0.39864882346752706 -0.20553070457407688 -0.14732577240111808 -0.31728279589872183 0.43336694796456632 
-0.41615589918489493 -0.085277934541846401 0.25923256926671406 -0.44568624283196961 -0.048964556171739337 -0.13943910411274907 -0.22783531529382714 -0.23735540513985445 0.14689613517299241 0.61822591394942905 0.14028246978223768 -0.012488079876912197 
0.300287560141555 0.0447597211668464 -0.048845279277002773 -0.021545620545019819 0.13785456959483039 -0.1243031525873742 -0.62526149134959841 -0.1389125466889439 0.53986336587032824 0.30611426630775818 0.24384127262103875 0.12511244997955848 
-0.28370215675637134 0.11829005130579819 0.017587031534278503 -0.52768965943751656 0.096963529831458756 -0.055666670991448071 -0.30227462491556834 0.22099344230655668 -0.46479717240146223 -0.048351564386085878 0.46312998415296686 0.20293458896621339 
0.11953757402680168 0.18992800066478882 0.26733056553613382 0.5748374174738865 0.38696590558512062 -0.46014460184347966 0.11015582576847324 0.25631750390836511 0.23569949590805914 -0.079515136584896839 -0.17803599983540877 0.12186908203055054 
-0.40714597796979174 0.45508787636311399 0.12073964248195154 0.15461260006194949 0.13262081393845696 -0.27198302560898235 -0.2640619462637761 0.13850416334066581 0.11737877555389373 0.3691790641883822 -0.15171598632011227 -0.48485069858534302 
0.063899794489773884 -0.21963673257667438 -0.38473317204980872 -0.14221120514087338 -0.089243864139959175 0.1465677717358834 0.62642479884894575 -0.4097600576261638 0.19043193895070601 -0.20561707318672828 0.13965477184347325 -0.30270250995000481 
-0.16998051753322285 0.018604325236441212 -0.30270353216881674 -0.1649589849831781 0.2038778815506804 -0.083765835023461188 0.50473355551104315 0.03614696488398645 -0.33929703400458899 0.50849238546365005 0.14860476746075088 -0.38923486036668581 
-0.40071619289681909 -0.0164699837597794 0.57152060093885682 -0.19899378217109645 0.35708696546840357 0.19121470567360424 0.082429679617372159 0.24857006836417067 0.46076798286669546 -0.046136151666516675 0.14780180182880481 0.063118959543186304 
0.26970399819643304 -0.11057370209908128 -0.22567708396661704 -0.66986971312011545 0.41097894688984915 -0.0073870034363076832 -0.12026593034225817 -0.29904073484944727 -0.10865494071620317 0.35878666895306732 -0.0075966913295470893 -0.04402991700174913 
-0.3921300425692158 -0.48113245556335416 -0.16128345488022514 0.2330366889445305 -0.092724436743911468 -0.35123321328801216 0.16274192373958066 -0.42760146924341258 0.17319946878755746 0.18671174963729462 0.357681675213123 -0.018468431282879418 
0.14208512554515698 -0.040337656935722603 0.53768033921858938 -0.34545054614716791 -0.33790165089119789 -0.058345921623213871 0.30476171581663236 0.069206094317308606 -0.54452517330779349 0.18764363143414314 0.060219363040375548 0.1383955775459686 
-0.41087616843458019 0.044439454129514999 0.061605180077809789 0.11912488840664175 -0.83693925624386212 -0.070000085189922234 0.092616640630974773 -0.11141022220224504 0.069766473149359909 -0.054898365389824622 0.064541994608226738 0.26984384597604877 
-0.032669352190244395 0.58104926782958288 -0.17398389097839242 0.39917735494245044 0.15354001437016604 0.21779675740288432 0.25924846593318929 0.32921390532451694 0.21998092886538514 -0.023512588337216027 0.17429300028017194 -0.38180817152878305 
0.15319408926315525 -0.30051578437956278 -0.496648202389531 0.30427153649005972 0.21102220062729052 -0.056004497330447239 -0.44578322810563176 -0.24731939123444113 -0.29347731506777214 0.32904199482658225 0.1806672316000924 -0.11129497511673579 
0.53511978726406007 -0.074589972841371602 0.2942639742666166 0.22937227632000967 0.61834333365083094 0.0095693034845652971 -0.22120459751792332 -0.36161145335796419 -0.046969078473531885 -0.065086429201890672 -0.0050930298591501926 -0.016660671661249921 
0.081076280050318042 -0.32762938168723077 0.40770069540127235 -0.34590567881945422 -0.25135564258469062 0.24830307654903916 -0.34334762339885228 0.18499362005176845 0.17169943765853662 0.080687807109828355 0.11408042451920314 0.52370331314104335 
0.15646416118929804 -0.10072009970475951 -0.43925241507455248 0.45331538717409769 0.18121680299264303 -0.039184374904085897 0.57397257138795577 0.085099992964445523 0.23177226658792163 0.33617258160437713 -0.017501686111078857 0.16981972721338839 
0.39540283022642625 0.20486370874758711 -0.036126398248098796 0.040601109908369057 0.32524091313250902 0.28019517490739054 0.30227065136610037 -0.042734159321460824 0.50507921204395156 -0.2821011311230569 0.39831940377309699 0.16704714065823228 
-0.36626551772038968 -0.15425777346392097 0.16627143714457543 0.2347340654078218 -0.02255106003914438 0.010983492383391346 0.029496327087011994 0.44738994123625375 0.14435454506484272 -0.15724988456578617 -0.65826972504433723 -0.28065292720788898 
0.15168302976933076 0.32077872547440944 0.37071065425894051 -0.42871126012490857 -0.02060701823582858 0.037026819002688061 0.38462212391956652 -0.23504640127022036 0.24955690450759166 0.25999192015512329 0.34018932419503994 -0.31983384297144773 
-0.22796855140178415 0.23588361119181303 -0.1110215901435271 -0.50195932220274941 -0.24259179299662223 -0.57916783824776796 0.2689522198814982 -0.32575811118560116 -0.21851509938946717 0.019040956160049336 0.083116912047344657 0.018457321186239835 
0.084575586480780188 -0.2035389445965734 0.38908587543992235 0.075368404462773902 0.2130085736714338 -0.44528911273243371 -0.55819349697796006 0.16953492954664542 -0.26051984749998075 0.36433592748266141 -0.026440095550253704 -0.095200824138305551 
0.25543453553551648 0.060621552082458674 0.27553538029536778 0.1783684728796327 0.082568746665982642 -0.036904210743629665 0.16755465067607855 -0.30353642925383978 -0.064531131648616458 0.81768290251041353 -0.051862410736242037 0.13962599459236869 
0.14008505079831038 -0.43634849801688486 -0.055139989960652565 0.22455479691137673 -0.56058674312599188 0.42981094347686977 -0.39872104549523341 -0.13327186237762079 -0.12002234517156908 0.05881464165055738 -0.20159419951688468 -0.047658574224977567 
0.16720878646208576 0.44878560581950427 0.16352132859373733 -0.32331822247443676 -0.44021635687556743 -0.2802581179428586 -0.19274977486896755 0.30747446579246246 0.13273457496633836 0.26987406307762107 0.30945074201923006 0.22163142475779121 
-0.28422023886914599 -0.47456220530659055 0.059168419087115252 -0.50893032513428293 0.1795505500617923 -0.11094295695204821 0.37215420868189908 -0.10642347834939787 -0.052167029001520537 0.0030274800996243009 0.17884063037441819 0.4499028832108613 
-0.23476735040777372 0.26058139907544126 -0.15974299329189143 -0.060093281507704099 0.35956868092531102 -0.41035770787835252 0.0056680263464830545 0.28442334139167497 -0.056650173741241212 0.53211516916739932 0.020440667770867262 0.42716171942214898 
-0.093812820284891449 0.15034240578206037 0.084020676081245513 0.25764282811885775 -0.45160193174568053 -0.28172831492314748 -0.12518083043924708 -0.17398040907678114 -0.43756195101409351 0.38695259943637067 0.4003670109970715 -0.25380292544653776 
-0.524401534184192 0.070799086369452646 -0.049246428894206079 0.43181248203245071 0.25592237039680166 0.22005228226543994 0.26622306664466006 0.4019481923901595 -0.035247497711160557 -0.12077069777139099 0.0043898234602127995 0.41097412893320917 
-0.20654311403557224 0.1588758525361802 0.46943305192754486 0.21117424172062385 0.48146597947862918 0.22189647423245873 0.21741646994790573 -0.10200644417933039 -0.26013395546567419 0.072071581632174878 0.28049964015719459 -0.42055873358280582 
-0.40969792709435576 0.50625127360435096 0.15119793520429536 -0.081009284483369873 -0.1801768171754651 0.3556115676479325 0.27354139761391838 0.040856218057096091 -0.24995475357294211 0.42864913721750991 0.18109342016665467 0.17889731404446013 
-0.25610952790600638 0.019163166795120246 -0.086483521830037477 0.10608994641090769 0.49600502365467031 -0.32883599030203819 -0.1914360483098197 -0.37949916174255788 0.43876362193637475 -0.38584008012836551 0.18554699486608953 0.068344490927556692 
-0.023209193005186934 -0.044766066554537867 0.20970986583927556 -0.64648287676221095 0.074974518336354282 -0.15550412501844349 -0.089900519418533761 0.54390709053570185 -0.049939308284893291 0.21206649998364752 -0.39208994147170845 -0.024871668890157343 
-0.57701663393634639 -0.18765677424699698 -0.037279171673302643 0.058680259800242052 0.078064217889012674 0.080525274580158165 0.37337722931210998 -0.22542783975918446 -0.045450815816076746 0.42007262765232833 -0.47891551565501794 0.12771124126248448 
0.27404351657891163 0.080203828095641014 0.22530826665839698 -0.21667930307590133 -0.58663789703142366 -0.25315902973776966 -0.13477693673358229 -0.32738759519146027 0.12485930163119249 0.29858818175196095 -0.36673516028944297 -0.21893688488637258 
0.22189111380040369 0.30456591410496037 -0.42103198391069918 -0.083157282125666102 -0.28960093589118602 -0.39547270008363933 0.12337230314114701 0.025053495843470809 0.26676489148043814 0.16038774242404372 0.19506756116462837 -0.53175748462389016 
-0.01760547464887648 -0.40010621262946483 -0.14497826899671451 0.1158665977892626 -0.071234527828686209 -0.1319359481144112 -0.2065907867024854 0.24686334254733197 0.39473682886364003 0.61489149569881563 -0.37686038538248673 0.055911697297144014 
-0.062277139863251341 -0.15652051646067147 0.10183574311143945 0.035238529167770344 0.30795392192818444 -0.13803374766546248 0.66279050461272482 0.40180628042733391 0.044724203770135432 -0.4032777944759115 0.061486668209330672 -0.27743160500472119 
0.12281659495896247 -0.39740266811498737 0.32953228624915132 0.47309159718877603 -0.41453818894429267 -0.22439057105062449 -0.029165748338748642 0.43593393806940034 -0.1026455490720251 0.12003901305652198 0.1000379319260194 0.21574261849747037 
0.37829088325045601 -0.057208966280291311 -0.30917556556394071 -0.02894486689692824 -0.53786568363086806 -0.077776588844967728 -0.050789684659632607 0.4400100575459564 0.21152484344844139 -0.18933716612466903 -0.43014975271779171 -0.0062080850993113277 
0.06878007354172995 0.024669803013600132 0.3902131624516757 0.20233022735907952 -0.053175038353602849 0.64901061813587135 -0.073040913712825686 -0.12842590867867429 -0.48784415953959265 -0.20792622837987268 0.12937397211512822 0.24004884480074612 
-0.46707594629378285 0.41721426237449311 -0.44164019235446972 -0.099379568315401401 -0.28989203806916686 -0.1297150803752059 0.18162856724656187 0.45272754224465961 -0.11224171589162088 0.0065352992904096387 -0.209989588006945 -0.085433376438128497 
0.24016832882639097 -0.089584496756476534 0.024918377180604669 0.049087460513693532 0.15066988127297704 0.74582491755900837 0.22734494291808005 0.46047077798480845 0.075838730857335931 -0.074224093313732267 -0.15149855146307226 -0.23318547558509789 
-0.2253086505152111 -0.3449658788837926 -0.26465335565411446 -0.11788593406912841 -0.33736054021309525 -0.30694720572110301 -0.082287186158995274 0.040040020647301756 -0.44152303967486667 0.2184304052714745 -0.40672648816243601 -0.3490158795278579 
-0.076531471225767228 -0.21417042020096222 -0.25638457207243637 -0.50814196256451793 -0.13525706072048052 0.31457131553472534 -0.026881446068824418 -0.19798802979682625 0.15317856301729235 -0.12314767550900299 -0.64163629227511632 -0.12974995673923412 
0.35407451566248388 0.28443711014585565 -0.29454005091634439 -0.28075865979749765 -0.3682352804542931 0.22605704519662853 -0.1076143066553179 0.21652119490538604 -0.45975552145237636 0.37565009089926604 -0.023700583009274103 -0.17302131908283927 
-0.18302632315635456 0.22559351098585448 0.1540558538235175 -0.40027474614571534 -0.098860706969914294 -0.091283244840461422 0.10322342217468107 0.040526645514248505 -0.11501949275158398 -0.31633824927411902 -0.18955621015724414 -0.74298140744201824 
0.23650922267075208 0.020068147201253338 0.066468644292009674 0.22516471839171345 -0.2088707992689372 -0.051408183914579894 -0.65001726617950417 0.18942975943351756 -0.17502730461830873 -0.31942637842811911 0.500385493671194 -0.028532838130348414 
0.13099896318229753 0.16020611774108742 -0.0015824280824992686 0.27562677008752118 -0.053688273850038229 0.028288406350239357 -0.19475460719639281 -0.41131758753443542 -0.35562345736920287 -0.3070765716034255 -0.63600152221208273 -0.21247228284825503 
0.34151810127479659 0.62392629944465527 -0.1994363439565735 0.2327881074295948 -0.38641650498457153 -0.094814448402416679 0.36598485387032059 -0.037981501376237188 -0.055882799581575528 0.021411274751676024 -0.038754897829340981 0.31833618451346463 
0.19731356547880324 0.084885992392277565 0.10944631023801715 -0.14302396663141176 0.048393212450015662 -0.24914783188685513 0.2946858028550845 0.56514957364328611 -0.14627776857600802 -0.25883298234919561 0.034119642892641917 0.6010168207436104 
0.034719132000826929 0.11670933330489112 -0.30299652172033464 0.27118323528177568 0.061230332867888017 -0.66454020064737573 -0.089038032597267086 -0.40133933497139035 0.058183224602295656 0.28584434799841252 -0.34542031459236577 0.03247978595435113 
-0.1335954479285765 0.23090661868295556 0.33725505630598923 -0.071211148407590644 0.46385297973946349 -0.1511482423393084 -0.40105584051810855 0.18973757863354884 -0.20808871009479013 -0.54146972391369341 -0.19296028223720982 -0.038037237540134237 
0.10311009735915667 0.21907613740409737 0.14399698734740318 0.24232789371709759 -0.3057080135248279 -0.18165609749365505 0.35530545841041067 -0.15460505733867483 0.51612803733790169 -0.42441314931117774 -0.25229764116417186 -0.27412811167743079 
-0.30032773429157505 0.081428806489665898 0.41555843331739478 -0.10353465691330496 -0.17919638793393067 -0.53128523529697735 -0.31399459968838062 0.056517711504080727 0.40458502903826227 -0.095082325043790356 -0.27169551512722107 0.23885981363022632 
0.01506390585123233 0.10938740681892227 0.42304426718435723 0.095591018262315364 -0.37695535973108946 0.43380338809234803 0.20049227033939049 -0.034341706135768778 0.18539764322404628 0.051466310682730131 -0.55182498496358423 0.29413308539677141 
-0.16117751914496517 0.20972024877490769 -0.12339495511750924 0.51391451858538773 -0.23464864500057586 0.075125799346410962 -0.18316992199362131 0.17006802085716777 -0.36656170059073845 0.41293724875025295 -0.40515877025012764 0.24184348655545226 
0.66973025592108959 0.011324992159637528 0.20549645100399877 0.078417022305890857 -0.050760251450324971 0.046603376694534189 -0.25673532385618536 0.12775904775545033 -0.28570869169083812 0.10537632099717892 -0.4150910259534728 0.3885061699466873 
0.4340408427898137 0.53252045953144711 0.005793858368473394 -0.35031469436848006 0.20816580558927042 -0.39747483851516002 -0.07662870425612997 -0.19021271705468365 0.30082507852402285 -0.17678113863856934 -0.19271622123669621 0.054932926335518148 
0.37896606775969388 -0.2950609195051076 -0.033089004263752123 -0.16200032681096094 0.12366648532482853 -0.15761759675462036 -0.16598237997779966 -0.018481334342442778 -0.74801580350251573 -0.2873175895909959 0.045431208943272322 -0.17266538237909596 
0.18153338262376181 0.35269447358166606 -0.59461999874078375 -0.28534825229961458 0.14917861549276132 0.20863783602728941 0.0039173317857765207 0.23113979336045146 0.40588175859339631 0.30885420427707294 -0.15294099422143267 0.070063161702428572 
0.17698860608277545 0.015350859036590661 -0.5744919686914931 0.040508667943076629 -0.47477033428571941 -0.20972234933365855 -0.16144937741694373 -0.4146335149432922 -0.18381902162044059 -0.35793661867241094 0.0794021907839388 -0.034168103055192384 
-0.38133452855471711 -0.14097063301568363 0.028264097690564507 -0.17486764731156967 -0.069766661554315823 0.12153833433637767 0.30780506745386665 0.065328425340861904 -0.55162861645823413 -0.51363892443663772 -0.33055603734529349 0.085420250301656508 
0.54834834599933002 -0.16158281325600854 0.014109508857774393 0.079514402879504661 -0.51084821167603223 0.22148845541251683 0.28692655054672905 0.017824364909020705 0.32006989557762755 0.32705637915580349 0.25349339573776147 -0.018610960847431805 
-0.22314623673056405 -0.22197707949175577 0.44869792387108937 0.56886755907717745 -0.051599475391461938 -0.04532899189450236 -0.21493501885151187 -0.39853823980106079 0.20745837866716324 0.19392963515781111 -0.28059235870360622 -0.08285552632667012 
-0.22018459983308428 -0.29149247331295242 0.15197922517068721 -0.12662348717427582 0.47055826989832439 0.4159615277176224 -0.11876956863727475 0.25337540465123864 -0.3293520324425897 0.46387609670261704 0.042499813775763007 0.17089550914563184 
0.194544006291169 0.23452410472917912 0.21030515044852457 0.31204511076508723 0.051904004223831547 0.32679067443992244 -0.067191554713012663 0.47305792636241256 0.33756034822117464 0.39042334660805061 0.084852099142581919 0.39266873085137399 
-0.34576486130998563 -0.1536862633819355 -0.28269345021556619 0.28827768247497998 -0.37172809301971432 -0.082355178328982967 0.10165218254023353 0.21217406752890267 -0.038319278530303223 -0.3934798411063829 0.36265168641499262 -0.45352115090104567 
-0.02124207937699063 0.39955412204799207 0.065066128263423909 0.34939809779359537 -0.21213833305906299 0.26814947141860729 -0.57411038210235199 0.11139964336785525 0.35677806556181202 -0.21975575026570804 -0.2796221322659227 -0.030025129143103856 
0.13678506218576333 -0.086842331583139573 -0.34603335831791948 -0.18090374347337429 -0.25611221957444608 -0.40238827720440407 0.24398542913133989 -0.077601070182253637 0.54242792627381853 -0.11596788414908274 0.11798126632091298 0.45456155997780284 
-0.060914372680906985 0.25472546348598679 0.15446612174539695 -0.10582171632459178 0.38546183102364828 0.08495926771052284 -0.40613767531723299 -0.16755055781585854 0.10809086226584193 0.35563805835898638 -0.6256037187881851 0.13410586093441951 
0.24912179656724007 -0.026699661910902395 0.3148176030306451 0.22691960967459857 -0.05636214799631023 -0.019443892776856327 -0.15037715238619123 -0.13412505527841012 0.21777639090942036 -0.66226583901585168 -0.057661030895611788 0.50310819764836046 
-0.2869726995994582 -0.20226008419925967 -0.081908464254824218 0.48587130030775788 -0.12624611752968654 0.42180720867616334 0.048081848120898232 0.086695464936589736 0.060613910914456309 0.52759684594882583 0.28601590921044706 -0.25774534220856538 
0.25900639918700652 0.23596090036171904 0.16814766769174069 -0.5060793274727271 -0.41245744771687115 0.11000599679971501 -0.33929285992886699 -0.072131242930757844 -0.21874823134802096 -0.4728108178214675 -0.12524072501748396 0.056719405418169805 
0.014349831202131536 0.088720978484841964 0.038037328087666508 0.28921150899923648 -0.48370522842731861 0.3021650601416308 0.49798610148867711 -0.050134218742618877 -0.34616828344866452 0.040114155778713939 -0.17763972718271498 -0.42196796996830377 
0.40906258821944141 -0.2127366847369313 0.41735488972214041 -0.15753229583908215 0.08634150662113424 0.10538450583366682 -0.20819060786917812 0.088174051661353545 0.58844649071026378 -0.098986772101389064 -0.35893021218562038 -0.18393499001662864 
-0.46634606338319806 0.34315680191578124 -0.2106288456458861 -0.36583566187877259 0.63109978198586369 0.17056888496737793 0.18573671931987468 -0.050158852590982357 -0.065754507608336274 -0.089876337288452623 -0.098507795584527255 0.0080374461634895016 
-0.24795229483749581 -0.55072386135920792 0.45563529463716584 -0.20876595145181703 -0.36873348000884959 0.070203159542332583 0.30913308473905998 -0.11089855032803296 0.19644383027832929 0.027581562646748509 -0.086985872952537444 -0.29726093794789527 
-0.68460096505356594 -0.11890767605294289 0.33749405193670751 0.027663492412245801 -0.019656105996667436 -0.41163357225205899 0.19252585815560638 0.29776916912045376 -0.2669048715806342 0.11928266039636894 0.13623339225798292 -0.05410761649071285 
-0.053435858966373741 0.0034687452814525237 0.4547366444005293 0.28982184116558857 -0.19330047595223496 -0.24559529707236702 -0.081494156456917377 0.10256516259377257 0.48584108502452333 0.075293002706348283 0.48216278195024714 -0.34251406232613435 
-0.11404438617058171 -0.077922075607740546 -0.17373715653602595 -0.10988146397701054 0.33633866246783767 0.57167130651835962 -0.56466056331147862 -0.38433222527398697 0.039363232266349295 -0.14195920484832311 0.012392314763031789 0.10160439635094458 
0.20354449333602792 -0.08831961447785136 -0.46790695946981392 0.020783816205183658 0.20698995281012497 0.46618089446230754 0.24287230044428537 -0.18855971224388962 -0.49227846967716826 0.1255190671499786 -0.30172966054551453 0.16599787012280212 
-0.24593891004063964 0.073270844101806148 0.14078262253431309 0.049254729958470883 0.25217104736052975 -0.17366726748974884 -0.083471564019475281 -0.44478282709804923 -0.70186352781158945 0.16696727664935468 -0.089359994117507849 0.29133167833887191 
0.2016105786593963 -0.41141484127202432 0.34612054109364182 -0.046838665582366774 0.049936647443170695 0.20586603183490451 -0.18716383401918646 -0.31858825834546273 -0.056641723635981002 0.25558192781047173 0.64156349828024817 -0.080995761902792812 
0.4658257517282115 0.11419790429281346 0.057712156951682761 0.32584819747922317 0.20114433805729487 0.072584322082427211 0.18042736556328412 0.19333064467245029 -0.46544492413391436 0.26387901482754128 0.47802632452786514 0.17325959440463209 
-0.46344185314100128 0.30825868538973006 -0.15373256383182923 0.42813577668650166 0.11887145979834023 -0.27965040677013703 0.41790657371078493 -0.31657654217715603 -0.17810201518700314 -0.20404243430113669 -0.075195734168117229 -0.19249639103800667 
0.19014608090722904 -0.28427006889950884 0.24875751107753497 -0.57212643035255484 0.019618438897474475 -0.49315464203598169 -0.18555965636347721 0.026394489042588291 0.16170264953304231 -0.20349737565238837 0.32842281940980095 -0.19922381363075858 
0.2393578727454663 -0.01890544960603158 -0.29359300378546321 -0.053661034805621989 0.54253144063596981 -0.39565759935457129 0.42937472260540699 -0.25496071972758155 -0.22123867539373182 -0.2282280263461213 0.032323511210634419 0.22570272551064788 
-0.17789023211210298 -0.37268598964455513 -0.16456390066317036 -0.16512372445809409 -0.40443734166816853 0.35111405850106148 0.35036607481402499 0.46654480997818837 -0.12845064838476677 0.24731595537047343 -0.14192158597218157 0.22368620371932033 
-0.40259292722121442 -0.34600910341158064 -0.74422628701829052 0.11981987549316742 0.21536446292069475 0.16007857665499478 0.032862146010360978 0.096322974966368616 0.12848315355826101 -0.014612283348245545 -0.14893932540347346 -0.16940385323594587 
0.13718114155718858 -0.47517368410601668 0.03636227401167344 -0.21639783569293569 -0.012891225046323366 -0.27272681494096984 -0.46810010383674161 -0.50153469392214456 -0.034565173299455874 -0.11006019614243236 -0.25240768612336179 0.29158630349422365 
