# n=12 N=172 max_inner=0.43738390216597889
0.22777917307095222 -0.013843360786281516 0.45062664225350529 -0.22706494878823336 -0.18510428301340251 -0.086896185792987468 0.0029215820243385592 -0.5394706916889449 -0.24929035877913247 0.44497271699893826 -0.24985969566354413 -0.1946128801017771 
-0.16824617625593127 0.077498749667641934 0.13053707472470596 0.7400815745055469 0.063690610877546405 0.0059704312484135224 -0.096693092390577898 0.015952363353277661 0.20578311034842531 -0.14388470596278785 0.56843517078538564 -0.032592801330690965 
-0.032344286423373315 0.29750006487191516 0.026901292355326459 0.54210751091180853 0.47044916598731573 0.0025410593118292985 -0.083370412655782059 -0.028680867961055404 0.068107515121130252 0.52454140455289144 -0.12990599952814436 -0.3001388770984228 
-0.80605206582170819 0.17945916922357796 0.36270932427380781 -0.031697411630230495 0.16280722217475985 -0.010356371433058785 0.062978539846394871 -0.17536044262517186 0.25184394324722165 0.15018019689551673 -0.17112787067184473 0.094426983410222612 
-0.13680790267861212 0.16470355299358089 -0.15855524565171245 0.050772353779125277 -0.40371111964850998 0.65555933466242478 0.28112444335011094 0.11372431232606321 -0.32107712932567595 -0.30896528874821666 -0.19810294551272181 -0.062761522145977036 
-0.2620107811961972 -0.47087489295300988 0.18400374200926525 0.35929054557817375 -0.18963458126698049 0.35306223355829064 -0.030047618878164293 -0.28992690002543342 -0.41840355676331409 0.2153259642200685 -0.065405738640879021 -0.27459190218476226 
-0.1810065317586452 -0.30066662336822148 0.15982526141373488 0.19202569326464375 0.1710030403106727 0.27868224587818141 -0.0039594946983501807 0.012494559665547965 0.078076550732239514 -0.30616001439595503 -0.75851183372921605 -0.17936138467960794 
-0.12361916287103707 0.69166578135525025 0.0011930484720607103 -0.14651317641122316 0.25254190223425071 -0.24691304926052537 -0.20362869333561245 -0.34288527977413275 -0.25734855770716142 0.23908051152942802 -0.24819430323720698 0.12681721423143563 
-0.45455131783353819 0.34409775714640672 0.0065538904784730543 -0.15178274477118722 -0.51259473986526349 -0.35157721320533697 -0.39075474518735931 -0.019749454443878125 0.1090715129571562 -0.31531291916637283 0.0035622321397714729 0.033587801983604441 
0.0074821594925616706 -0.10715381890743096 -0.32714689861337298 -0.1273146843123979 0.36807665082670804 -0.12688654846772965 0.11273661426942277 -0.48038144539539684 0.24838843459699367 0.26330931585787859 -0.46485885110279163 -0.35078354895620151 
0.19809032068954513 -0.1008213337179162 0.14034709519450761 -0.19489040536574082 0.12297651529252666 -0.52955277590296024 -0.028966318114187189 0.27505567863350083 0.026142048129996563 0.3858248230168082 -0.11198961762627889 -0.59898730485476925 
0.43286350627491599 0.11426362646372878 -0.60970903199649451 0.1912988325082482 -0.036090720651581962 0.23862753374620888 0.055496454401245579 0.093783634033461738 -0.15101137113598379 -0.1705782400897139 0.50905915238980681 0.10034542494174577 
0.46948848804486915 -0.50007796422551332 0.3031981991438108 0.23321099098261941 -0.43328909182166686 -0.15865977323434369 0.19619238396960667 0.090294786827977216 0.013447883840253142 -0.019273580157269068 -0.24861789274015206 -0.24751957732156188 
0.044973563519213861 -0.022771847106050319 -0.3231514154995821 0.013682092572480781 0.087706812385954444 0.25326938031833551 -0.14914686006469957 -0.31231785639570248 0.40484564890856667 0.12583855401379823 0.50913990933734588 -0.51211415029677643 
0.14014881021995595 0.083619097778625681 -0.14176566648346503 -0.39872218154610128 0.25518676650107103 0.039291502388118071 -0.035518715887824071 -0.097882952504409135 0.077807627726632425 0.82279026575444769 0.18369708956523489 0.00021595436925913577 
-0.078247533012732878 0.51969060721485738 -0.26171896722096905 -0.25259207557968882 -0.093598274541293797 0.27294032419190017 -0.44771824987844283 0.3317736085674764 -0.37228912526161928 -0.14444898830656644 0.13304330406832982 0.14335892699706682 
-0.092604203540437913 0.36047516603840185 0.25425550597312185 -0.068365260211712603 0.24929999508197853 0.33776058683557864 0.20233376259665414 -0.23346292165259169 0.061679437758349227 -0.37836411105755152 0.51173024448034288 0.33414706268321948 
-0.12168535614590022 -0.37270633710521894 -0.36029961144699674 -0.11032714234232611 -0.38953214822849908 -0.1944350452844005 0.43497301255089416 -0.0067143023680903535 -0.40209809796105084 0.038475642303518354 -0.31392831669111104 -0.25257403615128643 
-0.14852678316992546 -0.15884939574508658 -0.33516287592285637 -0.20164518251016214 0.26158735425907581 0.36079182898194939 -0.46474713865450384 0.47384111879881191 0.21440209153737091 0.27556266934036744 -0.17211121430311491 0.095249267331753457 
0.27885841754161605 -0.23716955461551667 0.25153880468730011 0.04347670010937224 0.17387822240682382 0.50558454974201472 0.5841014577589404 -0.27233691908945395 0.086001053501550836 0.17092808159673845 -0.19419494230116285 -0.15909444395147737 
0.083257674745982169 0.12450983304686727 0.29345948355723112 -0.10918035926641528 0.31751505292911619 0.56646133151745182 -0.14829512624723643 -0.22966760888090898 -0.58753191195015875 -0.019659930473058248 -0.17126925732961273 0.090445114960397102 
-0.19047728072448519 0.29120034339717421 -0.55383882591896672 0.35072816952173685 0.011584717969907517 -0.13954333968802243 -0.048347257705690434 -0.090291109180444751 -0.32957597329243987 -0.30285178091734521 -0.42859953965559233 -0.18718838560639628 
0.046976856359277952 0.04804337345706429 0.14309868846332116 -0.61537466895513915 -0.01757621343590933 0.0055674508877737268 0.28861626102559818 -0.54496508283054002 0.39463412891337224 -0.025745006384675018 0.20581006189193191 -0.13014953456676401 
0.22745487219566268 0.52661216168075875 -0.56895010227044118 0.056478637652399015 0.01896100856463238 0.24548555766074714 0.16781899655599528 0.21054952792400236 0.12912493951638213 0.34004701068641657 -0.27719044526667497 0.042344967715944239 
-0.19446175809276547 0.1514744472700108 -0.16902751011496508 -0.27806941130601343 0.17265617938770692 0.42090541093991446 0.29339073380525638 -0.38678166729888541 0.063189875358758987 0.26954233880806505 -0.19694167201272209 0.52465747185214395 
0.08152101317694041 -0.08504058087480669 0.59214278974494794 -0.076392206031856202 0.25047334453561282 0.31492249262794247 -0.17009787554431713 0.084409401347711091 0.23843956191324261 0.36204162847060745 -0.35630371906826019 0.34176360073362683 
0.36332790075783289 0.14501742550585495 -0.052033638444241373 0.36010903890432588 -0.15310274757400086 0.46640825754224857 -0.080543722902637713 0.024225632186663643 -0.0030384255743920769 0.018094196009058237 -0.25036455948703296 -0.63522156152143494 
0.13681900028818078 0.27114851686592711 -0.34721888892045721 -0.26572473471397101 -0.038955639408283275 -0.098545327810009409 -0.28406533036447418 -0.50237185801407891 -0.18076105987347241 -0.47784395562269999 0.24519661434468992 -0.22618210806177672 
-0.26118471985802133 -0.18772187192252343 -0.35956401562193158 0.061824319979299824 -0.015651962004249405 0.2300202684690085 -0.12784514635677305 -0.29311679501372295 -0.57060589450936883 -0.24857709272742989 0.19699277605785656 0.4264159431349176 
0.32795151827503916 -0.20703999660816874 -0.2264054861098736 -0.1568162380693762 -0.21278286287241008 -0.089916719168101955 0.46982891840520691 -0.2065292246817802 0.42125861776845575 -0.14902112309856924 -0.41002587534930462 0.29864532783453435 
-0.34955159404312491 0.32245645244069054 -0.096431427403142561 0.064558569147719819 -0.23493326518455368 0.32083077365801521 0.38288979515382693 -0.32406836450017584 0.050222513069789032 0.44605258974646927 0.046657466679476338 -0.38334792680450003 
-0.19426032794116216 0.58356912471674482 0.093416161823660207 0.15500816842995191 -0.068973373055279757 -0.022676369879303888 0.18398222060013833 0.10951576806188364 -0.00085431086818324594 -0.41540679668555991 -0.3606699181967401 0.48496892553164955 
-0.032844080220087495 0.01958640000235427 0.65121996118548819 0.04734634133195223 -0.034032486470798269 0.099551576776091805 0.0029576122525684064 -0.15960435364505204 0.27942972428929236 0.42824536942613267 0.49144699227310962 -0.18072710984578536 
0.14169718847126234 0.67857111117555891 0.3612617467168836 -0.28131849831227501 -0.12019262057872576 0.26450174387437092 -0.012573942516588452 -0.095650134259348318 -0.13760009459764352 -0.084494693830531195 0.16911594491178808 -0.40177751780443172 
-0.32267556521827401 0.21253555092587847 -0.081051844293072495 0.22320778324901547 -0.22264077707387983 0.38138650219755282 -0.38738282576231692 -0.08332434340450319 -0.11754629754494499 0.37635530845942194 -0.51896508350749215 0.13228686817469429 
0.054421317405732188 -0.3432956079586722 -0.49587137587653818 -0.067394924881005541 0.40861140654003847 0.039287497893717889 -0.046133757467391338 -0.29599971435037187 0.39042128058136866 -0.14827577675884543 0.21789576255771428 0.38550221697277026 
0.29399627219034452 0.1019491955450342 -0.49813374376409875 -0.017135355099974103 0.60205699579116523 -0.37943116163246421 -0.30592568900931477 0.047498414466057237 -0.14306992321923967 0.12599137919485018 0.088387188538436953 -0.091100612316799751 
-0.30101704105323157 0.22630658916467217 0.48124886742736639 -0.21591385215565251 0.34312549869410081 0.12423973754003821 0.2518798901166871 0.47067592409211906 -0.23176713843854385 -0.18901986602717494 -0.23368058107115941 -0.13324319779057794 
0.14201882553770021 -0.32531166097539749 -0.14922918907792021 -0.035096119242425505 0.038607321610325276 -0.79643636774797832 -0.09789651371984473 -0.31039213690724055 0.15707740647673038 -0.27733202486242869 -0.047248571294764029 -0.07038947103496436 
-0.036094646267975053 0.3350705504080016 0.45015462225489516 0.52047823361844903 -0.052764102377981403 0.10063733884480822 0.27804174484498367 -0.40473519156317961 -0.15741655370605664 0.20225573929136759 -0.047653954081591551 0.30149653517046465 
0.556389039115877 0.13405267408290714 0.092294329081016244 -0.030703239130904583 -0.028835029600456981 0.12170552114624567 -0.62893158675180771 0.16691982539745254 -0.18110529408509157 0.4156037446406044 -0.10389836717037482 -0.087286041892603444 
0.4444309152557791 -0.31704614913416357 0.32421501569472227 0.095812061801111417 0.20474541634180912 -0.19283984634392681 0.25384513932195357 0.043600001986392668 0.31190503133407754 -0.35720288789268756 0.43183025769497585 0.17568535329610391 
0.34098970584419713 0.064174336960414496 -0.43141680014922962 -0.22553617257934108 0.11634723863014609 0.10805546215388308 -0.3683287153446968 -0.19204229710611923 -0.13076673333090538 -0.18112592031913372 -0.50133658593014818 0.37896806617211881 
-0.33378503098527706 0.11011625230861188 0.41047258650974511 0.031719982742080891 0.063552181533947497 -0.41106985777052368 -0.19830653330395401 -0.15030514818420998 -0.34121109599874488 0.037897339973226432 0.4817615602701304 0.3493969299464042 
-0.27145386868273635 0.035494433460901371 -0.064546544871082162 0.077187960057347654 0.11458749017733541 -0.30201167682314844 -0.6906685445207762 -0.2817361386727108 0.33580545429724384 0.37113546201369896 0.060654486292501912 -0.0018076678957967003 
-0.073752447716762273 -0.09959063586054373 0.11785561165990206 -0.13444488145017608 -0.42893808169634196 -0.18346064457329911 -0.19238787477395913 0.01109517700676212 -0.2589437177137538 0.13232692665587531 -0.24698310115436739 0.74319049394480208 
0.43056645719305991 0.15671837574615818 0.11034336795608184 0.513663577220282 0.29412571721526826 -0.21138844912866836 0.37031393043269878 -0.0094787273490017192 0.11255594726735195 -0.27644673618997656 -0.37640659539089777 -0.12179948958380941 
-0.21762638463488418 -0.13983976929814904 0.65809107712261239 -0.13361074424828914 -0.41594345533883725 0.33110868329705057 0.25594695288383024 0.018740600611269517 0.25748690695322834 -0.24085919249356577 -0.094738900498097578 -0.018915885972382807 
-0.28804334117671893 -0.1702445724392373 0.14499873711905761 0.11927378340838102 0.039272374663956951 0.095897911468353192 0.30573880833658018 0.28757575967580651 0.3963613346616171 0.021038533226151047 0.11635064189112497 0.70342006319738404 
0.23101903590032558 0.055344488984278274 -0.16243922281437714 0.47683281130292615 -0.325393026205265 -0.11934979001639354 0.3290900651206477 0.29207192389523218 -0.0092824194578975516 0.47052757620425179 0.28427047471263495 -0.27163913912620019 
-0.37261190541976424 -0.034634729384911807 0.013655274429986687 0.34292965101914868 -0.64966612489624498 -0.22090634283210056 0.32040841427349953 -0.10081169279819571 0.24798461271669692 0.16273042368655935 -0.21096770430627942 0.16124027012828104 
-0.2575856675564332 0.4693534341198452 -0.18777405454030913 0.019843582174673184 0.40535346863614252 0.52014636217533872 -0.24030058589882097 -0.15501483903924715 0.2322553207822726 -0.20835813521365487 -0.20051776219935644 -0.15330835076175076 
0.0014036533843312198 -0.37566269188203305 -0.4231478845988515 -0.51757842249990416 -0.27495731625877917 -0.107821816982728 -0.5098181238973275 -0.02522982438333625 -0.084325790566745842 0.037270412140549526 0.20878462634635667 0.1098405196566193 
0.029608033663369122 0.14144847493982873 -0.10300496896591789 -0.035313196488830662 -0.20096738777474987 0.27113875824837969 -0.44506916014031744 0.19265218599498751 0.55508736880636178 -0.20711892546202282 0.42569095559270304 0.29312127624138962 
-0.11342901123999652 0.31840909790307909 0.37051130037224467 0.19245336601602581 -0.42805580284222189 -0.16708210330827011 0.066670343112017916 0.16732335630562145 -0.40090864451836733 0.040467253320506234 -0.46355934950734462 -0.30098128483650632 
0.18876544820898758 -0.16434768815661868 0.56474812204960301 0.33013616663809386 0.14488415706555904 -0.08364395194284048 0.086303318807518889 0.33708547211768647 -0.46353320832278988 0.37513246810619666 0.060762830976852394 0.032939028370453101 
-0.1407844469489089 0.10909023272293258 0.57474089801612727 0.302621669436832 -0.042101346218193982 -0.54991738804121137 -0.044569377119175309 0.31572591931563521 0.34493633151642528 -0.11441079545302447 -0.067319630106772943 0.062596388991411303 
-0.072499647361528849 -0.51864852203911294 0.24776814396308358 0.49959342802104678 0.20949954231312948 -0.21141663781535402 0.11067655148137354 -0.29673728216657475 0.38041852487733852 0.2508314486464871 -0.1042653998015745 0.085846113998619064 
0.03947337082717655 -0.2352062017913806 -0.3410005696815917 0.4564073554973147 0.23232234563523163 0.28028240899484652 -0.64378137407996694 -0.12886355276226155 -0.093420274020529673 -0.14845675849473128 0.059808321479687447 -0.14350911812120365 
-0.010479174816829407 -0.13499476297468746 0.12256099453305391 0.060520626815964554 -0.46929790231328933 -0.076903472401580922 0.0038161713421970313 -0.46717772311722594 -0.23940527730835548 -0.56028283111584054 -0.3636445059478623 0.12283867280835546 
-0.050524279881586601 0.39042401506035407 -0.13003450536581054 0.40161164494162216 -0.25839782153104579 0.020356484241922327 -0.31837213731353364 -0.23107940264444302 -0.48861962066784514 0.23424232366706682 0.33339010477207232 -0.2002638485670889 
-0.010874696417947728 -0.050938815677818182 0.18248005833129413 -0.38677556904123017 -0.3031358212013987 -0.018292630530570231 0.64444201484581687 0.21983487770439111 0.10044145232978977 0.48777091282686114 -0.056789114246888775 0.085439352264462656 
0.13552490706493445 0.10397064422438233 -0.052451208922858691 0.46885561967213246 0.11763290352821851 0.18825051314243524 -0.20585851198024285 0.61173425921002611 -0.34821682350561045 -0.14535056860675222 -0.35001642651501003 0.13221518050204989 
-0.14319918891230424 -0.29862208073671298 0.22713578469204476 0.24175894668834425 -0.54087846895153346 -0.17079900643863541 -0.50131024582058858 0.23879277394302617 -0.02895157049039401 0.35151611313759396 0.12823409155859339 -0.096846623610955723 
-0.20402554712785451 -0.31505954956188142 0.10463346502163225 0.054409820109637311 -0.029647006097065713 0.11408254387660022 -0.049903388835691453 0.72783975801511813 0.26539285574170163 -0.45633606551414274 0.048670687515613424 -0.13424911202191991 
-0.46177671876474691 0.22956193557559801 -0.056161517332989568 0.0030719503456849281 -0.078342664846460491 0.04958304585555872 0.27733577351079575 0.17959743693556399 -0.62561236787216612 0.39112067145465085 -0.029744709228257588 0.26054297618345967 
-0.13061350344520797 0.080646494859196505 -0.25670307211252058 0.031942976216153489 0.25059234191835561 -0.3661416741107153 -0.15144310447349843 0.24992072255696832 -0.040979233639058837 -0.62714553636380799 0.33775827173090117 0.34379693763195901 
0.30002696081637464 -0.26763010974342338 -0.19356432149317657 -0.14986981921989453 -0.2689364044028168 -0.3661348729505377 -0.0091320980532145768 0.53065780412722907 0.4434703324350065 0.18972784947141866 0.16042688828071122 0.17879548002058329 
-0.19602266328108414 -0.032461013209294586 -0.65104266901241581 -0.19850074247919811 -0.27683235244864079 0.034334681075806381 0.16506024254992185 0.386433372063967 -0.006222926417458168 -0.20447608079587912 -0.1215051240300386 0.43157728446180488 
-0.19981615495207292 -0.18663311147795167 0.1349072509512059 0.035743570354483181 0.52743455201058476 -0.2168163994235508 -0.081955594500570411 0.49173740436116947 0.17442355747581209 0.32557879924063643 0.43897355473251243 0.054056924033264821 
-0.44343710408321996 0.22854489938143685 -0.16706309524182539 -0.46647067585308799 0.10406723808828916 0.31154068530270218 0.29771150088674092 0.31777882355816661 0.35595586472056479 -0.035426815358942418 0.26990602645244333 -0.085520683879173207 
0.46205491143540312 -0.055894621761483659 -0.20005427462002828 0.15433055005658194 -0.36621374912443228 0.3313315482212334 0.14743152646058361 -0.21527820006179915 -0.42177734419886781 0.37413004792770999 -0.11426282190330501 0.27684317217533905 
0.15632833922367814 -0.12536982420807191 -0.23677694857983642 -0.2463830299358345 0.04863291844388716 0.11506156538384173 0.20191490100987444 0.75048527708629054 -0.37374612457403911 0.15741261955829947 0.15675993688836296 -0.18556739345272011 
-0.065013744885437805 0.27362844164275085 0.17627546589138829 0.28539871157317387 0.16218014516146606 0.71017731114478677 0.1651771747204458 0.36829421305692028 0.00066545872532590682 0.27357151448645006 0.1937225403393778 0.049261001600981326 
0.30835645423496455 -0.37137821474686955 -0.61088106014399091 0.0054048655474068863 -0.013919932044717722 -0.03524552536284245 -0.10409414895620488 0.22060539666913198 0.22975705496536294 -0.2977200673051103 -0.25595875719544225 -0.35483920852773726 
0.35456358046923492 -0.32696135506374135 0.31935188628499256 0.14759109367528928 -0.19809862517512777 0.50977622731745931 -0.24180410127096219 0.18218942277193118 -0.13723873114769825 -0.14343076890132311 0.45196477457871986 -0.095687474850654292 
0.29583984112690898 0.53561539325074825 -0.11413773511814587 -0.40342813438863856 -0.30349902153876046 -0.094207916402979486 0.10342545076139531 -0.054216711759438214 0.046937224676682592 0.155321181978538 0.29670323276160909 0.46992511368379286 
0.19978950590288533 0.30167500945198283 0.16137169887631572 -0.36636805158672414 0.3091938507008144 -0.31185449705844309 -0.25316017328700163 0.50697669108548471 0.01055489939998037 -0.0056278192104175923 -0.18168356702692892 0.40210504537253033 
0.42659341650970695 -0.0030407875643865775 0.42750730068591675 -0.3383743613509646 -0.44114411747633619 -0.2542446152855492 -0.37166173305180822 -0.075337801718018307 0.24563254862111858 -0.16157538556193077 0.14534304794927957 -0.1006273786049461 
-0.070881589417556845 -0.022634312002477404 -0.57686116212794747 -0.2060847832549236 0.15982066843342796 0.4030011887349173 -0.06868849898665208 -0.097811557193924273 -0.44313564834083602 0.20445671508100233 -0.0040698032514042163 -0.42284467677423138 
-0.10037079538216688 -0.07381366316364546 0.47484083944990879 -0.59939904460835058 -0.18516477714378271 0.15437130037667171 -0.19862539574203972 0.27811165959684303 -0.31661078977678675 0.28329619242476678 0.18405279133698244 0.10215193645422585 
0.054672801495208055 0.47828452020086348 0.26999092659516766 0.020172678076485505 -0.15554457233829344 0.068698372217931875 0.089433503832005892 -0.26927977540775511 0.51800105995544843 0.095410679183636854 -0.52988287736575546 -0.16530298304967475 
0.20283929997305086 -0.19305375511666129 -0.31102168532379781 0.4585097244354509 -0.15238535542299353 -0.053400780338463967 0.34066290618343537 -0.59761008074884869 -0.081905917091247504 -0.11645581628596666 0.099873739715206605 -0.29174225858116953 
0.020458792727314323 -0.42101694391070782 -0.200295248573198 -0.38424707064081987 -0.11921396888129604 0.2529821707490415 0.27558623305418878 -0.033032022622038491 -0.035454961046730245 -0.59985291537262819 0.33498318994539505 -0.07756948815411191 
-0.1046446236717436 0.31408335240994162 -0.19941065935468796 -0.017817047531982877 -0.15552469459054966 -0.36116891600907297 0.4528694270326355 0.46380671783948235 0.28603570667006972 -0.14115768132523876 -0.28949160054258039 -0.2998891178150373 
-0.15472842125554376 0.34337905929860091 -0.09106079307076731 -0.15151532572848656 0.22735488545460536 0.047247946038543827 0.65569161218022132 -0.33169668998567042 -0.12774933042644501 -0.35800091367418002 -0.18888728814376143 -0.22991569174709658 
0.27678692668653232 -0.14686761559875153 -0.29547379346888369 0.6326351452570339 -0.35525695495658077 -0.2459514931179056 -0.03569406292937486 0.10584350571288866 0.076436746862127633 -0.23013045148978034 -0.049201237793764348 0.39228432730143226 
0.15273761809177774 -0.16097247287193697 0.097802963527485715 0.43543002652852769 0.09177596041623598 -0.33970029520162803 -0.35250473106133107 -0.29588311728332251 -0.39879925416372125 0.11775669551765112 -0.48238704247737574 0.10180417537896169 
-0.073829729090870169 0.031710870709329257 0.31609360431882622 0.34890835693062722 0.75689489468827464 -0.050879675532693971 -0.19929620156896549 -0.010878659454376218 -0.037725710113048268 -0.26803768680149265 -0.087015889960005532 0.2752021866194726 
0.56451122941958642 -0.37218406206299914 -0.18755027142296454 0.33113479603941404 0.39544900799885657 0.20909760883985398 0.077659284651279289 0.27609611170950077 0.11541711496277163 0.29404970403880171 -0.024239116416603486 0.12347108716946135 
0.70212794746559237 0.2689481814430304 -0.23401968178984836 -0.28560104238177014 -0.12923606857038616 -0.17810184821705394 0.26608770044517999 0.0091958858158103368 -0.23001661913356045 -0.11841984767002867 -0.18616014244449644 -0.27830575232086552 
0.59548595014155736 -0.42050049020447955 0.096356756709166505 -0.38575123682057666 0.097127508273853191 -0.31151502719314855 0.0066020882188749701 -0.019806860845142993 -0.31189511304138762 0.20282994914633734 0.088480683370187607 0.23943377826488835 
-0.16808107816539627 -0.2436402487820184 0.25613036609371215 0.47175065383058451 0.066808621719920497 0.18077121380557876 0.46055992425443631 0.10447889887275995 -0.31190699962203949 -0.48970145673648752 0.071219782317288732 0.14797999242855076 
0.22039320832761664 -0.12527267362237829 0.22126547445814196 0.16302166370526766 0.3491519560740029 0.065636524671143032 -0.35673699099286216 0.14399110031099288 0.67007524700677612 -0.035967742844949802 -0.072354280754570344 -0.36119177912773309 
0.16100310667870904 0.11590651186159627 0.017159559490483353 -0.31313790888466547 -0.083118496541773501 -0.23902633455398145 -0.08496523316271487 0.25567931263589205 -0.035096035162111176 -0.061862970144187068 0.81709962177706363 -0.23010878771550447 
0.40954199131725821 0.16880212969638111 0.10258928374721399 0.19905390988512833 -0.094715581929640857 -0.43512920924041099 0.089927747257895305 0.046194724412049082 0.1589209604925847 0.56407870439782604 -0.3245352598798848 0.31038840884990704 
-0.16599630241630012 0.071405824530287501 -0.31113187412364529 0.26873245423394315 0.253612086358593 -0.23145124426781274 -0.15188068087294218 0.14092757767342173 0.53575863636074195 -0.027428689296876394 -0.52807672424588969 0.26618507178171397 
-0.39567278545409146 -0.049726615386667873 0.041572638312510547 0.406237030042088 0.2621064395641502 -0.55756703923801676 0.33445772540663254 -0.0661434438548123 -0.33772983152093289 0.039856501160869605 -0.014383009504995822 -0.25007786155185019 
-0.40147600813819267 0.19016573097549197 -0.29116328712995887 0.091995798498367073 -0.30344769539784483 -0.17808735888723229 0.48981901390773414 -0.089154934371162259 -0.11595872150920709 -0.22174869117678639 0.52057712746255846 0.064252550319052706 
-0.30975774444325793 0.40802073498255725 0.14392968264859357 -0.083144651440686335 0.48807110051993002 -0.33176042411055146 -0.1127565393940793 -0.054156463897700999 0.19754894800834294 -0.20503173838964589 0.30197419958457056 -0.41684898611295135 
0.1017786525135278 0.32834402217971814 -0.32466199959089825 -0.5759998941418647 0.037075209603419625 -0.18855166521148239 -0.29466998144553658 0.073232599827678574 0.49878035011080052 0.0098764513533865627 -0.10497549250158203 -0.23586239149945673 
-0.029455477829849114 0.18843104042776779 0.25330704696496326 0.15087129436670757 -0.54514507654037381 0.029626544586560558 0.12050925673437615 0.56780635057965456 -0.17490072374319121 -0.10894715441399309 0.31827187328492607 0.31297821016873817 
0.064045004464352295 0.083798145489302256 0.46254134840079386 -0.18043018248512641 0.54752168369271947 -0.36972583335873516 0.45100946882110837 -0.17557778682024838 0.026292322133494722 0.24582411039717875 -0.020865223085890817 0.10052927601449349 
-0.44712936848437018 -0.40575153277798442 0.077961581544562009 -0.11768173497597596 -0.19837116283956482 -0.26985479981484994 -0.026896893063981686 -0.047355345917489161 0.53377025151992041 -0.10523901060689436 0.45125282234577352 -0.027573161482167378 
-0.61456531053848673 0.037305979832756679 0.18785692600194498 -0.045899529692532359 -0.13576553475407613 0.28637475812332297 -0.16835603546123348 0.069815111627165694 -0.27759009977522103 -0.3266740944418654 0.4133288286688937 -0.30862131551812183 
0.21807937491493992 0.10635381482708008 0.014690420401507127 -0.039660414690473322 -0.53364298317535708 0.19369173939969286 -0.24588313763942576 0.39253395058904922 0.28688124538650139 -0.19020415452878983 -0.51578310912465053 0.13415687535941725 
-0.48247434354087781 -0.2772476987101391 0.032083105508430299 0.20983082709928846 -0.006415949405755802 0.088125621059218479 0.18966811611521542 0.47371847493435826 0.068978192677799935 0.44242914598118238 -0.29504632349259619 -0.29924834031383279 
-0.42066109432487903 0.1318360681224936 -0.24961753039511389 -0.29644440977869108 0.047665991147126018 -0.63455920406374788 0.14502163171745613 0.052859329910812609 0.16667423798415562 0.29332137659531587 0.031561743375215917 0.33451249225534568 
-0.35296118167666041 -0.077961840301791319 0.15763333283144002 -0.48416858981320643 0.078567954762558762 0.30572772917272317 -0.27199966549813126 0.055198039294622844 0.067481765622816423 -0.46838198845036066 -0.18540477428704186 0.41843691173993497 
0.17190129429583192 -0.028156288311819599 0.20867181786206029 -0.12380842228736362 -0.25343981202533222 0.0075576767691022959 0.32534128990814359 -0.13170101655225397 -0.75274008796420289 -0.11094032340816722 0.33160414411335692 -0.18551830689122265 
-0.54884382056615044 -0.18577791855359305 -0.25444889981979746 -0.39917562060057316 0.21807225248241829 -0.29151223029145801 -0.024413339716954044 0.11813551189151715 -0.053348847657194276 -0.37217910128524129 -0.25339098453533526 -0.29582821846639179 
-0.39284571643867594 0.1265754282563204 -0.57214437729826617 0.20352323310714615 -0.054271234119334051 -0.16873209073204859 -0.25942516337020022 0.40530594102336803 0.11210526336192236 0.03099156768137367 0.28919959805683687 -0.31737253784462544 
-0.19099693988269739 -0.37502695732340002 0.19504109684751461 -0.34828025506431515 -0.25095631855685674 -0.32566301328942843 -0.17526788998377846 -0.015885694374016088 0.35016910089309833 0.20739209160593275 -0.54577826619894421 -0.0049324820820894951 
0.39607691988231891 0.16724624786949549 -0.041140346242745554 -0.080612935855574261 0.50126738883959965 0.29265670472364513 -0.06844025520976843 0.29317863515088288 -0.057945091420166732 -0.53168253678657285 0.14389244761757328 -0.26954977275657904 
0.25181057460610889 0.081266985777926751 -0.38810194465501385 0.04047521742497303 -0.58141239836109881 -0.23984631895471986 -0.30713541708467085 -0.33095054995105772 0.075300426807037787 0.19901671520303771 -0.29764101384042213 -0.21078591963461271 
0.020825008023156504 -0.10915000978065802 -0.041259847953128773 0.23154828219633256 0.48076694670991743 0.16193642067518843 0.24895081656765519 -0.2986418947619876 -0.35154809651364177 0.32096367049988 0.54479876196513355 0.020060598596919971 
0.23978855545428623 -0.50562591126706424 0.15835569678069195 0.071583094378912693 0.084466164588967732 -0.14894151589784402 -0.6055422740999955 0.23729646984255068 0.11480380842508746 -0.2421793652451481 -0.11328555563553606 0.34593305058839152 
0.45458735750442292 -0.063895424400116654 0.2873663499070947 0.27792669771488981 0.23934503170821214 -0.24154518210823631 -0.24565365948437587 -0.27346466191628488 -0.19360948927264668 -0.059165858427762341 0.29057321169735301 -0.50325764310347132 
0.40868248625639048 0.23940646592810208 0.10100186945106246 0.20807311168056913 -0.5488165840158109 0.25666426353858091 0.33466005967982271 -0.20436815566206085 0.30844431843803222 -0.19915638289881996 0.25771153952675369 0.010539751826960965 
0.54077241286281541 0.23480403221637647 0.43506972978828223 -0.067258896744654545 -0.024393349823518175 0.11617787173090649 0.21655071981824531 0.52383391600074147 0.29051360234296369 0.093285782768212894 -0.0054152266104075262 -0.17350677415561941 
0.21398875219836747 -0.46672581994106954 -0.16459576094563952 -0.0082307542923626149 0.51336715944431188 -0.026258697348496361 0.18250374769298938 -0.220344115722273 -0.44851952736020512 -0.32059498377458667 -0.19379076103012779 -0.1470239339432968 
-0.34697173859660418 -0.10651590483555684 0.072258159736424188 0.3165290237433066 -0.19590769555041684 -0.24276922965628323 -0.15240943910619803 -0.20697481445198765 0.25208905941153437 -0.088181777361231936 -0.17720222646807485 -0.70480041594995202 
-0.6778623680724124 -0.30352791881513236 -0.032715834842268296 0.43636974631388836 -0.057991366074775882 -0.12550759410803364 -0.29261022962085281 0.11606662884037369 -0.091473630664170844 -0.20753803552667491 -0.13505097430417801 0.26267649422575867 
-0.34595390544377758 -0.4867092519562049 0.015195297784856664 -0.26003206352723279 0.45734782679050362 -0.11268004878854421 -0.20183884721658821 -0.18112274058591527 -0.21288173608289851 0.3075861208429434 -0.16883919847599646 0.33427489066406602 
-0.15756697605253894 -0.49915969853964481 0.21349208071898734 -0.1156058365608774 -0.17432193511703886 -0.07862372380584863 0.46654579051538497 -0.47118554148862674 -0.13551325260558836 0.053189256567583519 0.19646730710465096 0.36197473373744188 
0.17720633534265862 -0.031728683424464901 -0.029082426627493184 -0.2430296197258924 0.24339722916998363 0.062083872517525625 0.13279299814091203 0.20139067702046587 -0.3693496759457674 0.40453422560723007 -0.69650583847688319 -0.034723369338778627 
-0.1756958308006604 -0.29253243806864337 -0.64234389588929364 0.34516516591356433 0.0049021047506122807 -0.13947641119681001 -0.011844966192466803 -0.1210053543807194 -0.081532511123918627 0.52863010432794255 -0.094285232497375276 0.15021229579248099 
0.19091821598351713 0.13783970350300628 -0.32022953222480732 0.13108213108902006 0.19111156924817535 -0.41124550916247932 0.36676319139390545 -0.34914506593730732 -0.3103268228939331 -0.050128948840709786 -0.034196115002428133 0.51261284943602814 
0.3141638338425819 0.64169481154862174 -0.10919304494389127 0.34890823294466156 -0.015469677936695587 -0.23312610945735365 -0.43254276506834771 0.1273622051846125 0.23820456721390557 -0.17772442714592773 -0.022690025236145984 -0.095525307622897154 
0.062450348887421368 0.25588865771752384 -0.15083008044438673 0.30684971683030932 0.24962870185663044 0.095778172223902336 -0.32872044110778131 0.088832741986713121 -0.088892308315626611 0.35955805056412654 0.21098630005778857 0.66676765245344749 
-0.50071349007683796 -0.31099331213923448 -0.43332885105324459 -0.12748697619488072 -0.2812157897542148 0.32560112768841143 -0.077669299623726235 -0.36337668741740148 0.24573989534197299 -0.11059911067500196 -0.21387028749427539 -0.083713960998728618 
-0.3314885037706482 0.0028528894403222777 -0.42204034470107865 0.13148480567951262 0.65538061415793614 0.15158486289088804 0.33381162288888327 0.27378561255368467 -0.13659089679583089 -0.0087300446415823126 -0.10309012266288288 0.16263328307386291 
0.14761336260038302 0.64037247862434554 0.0056426055363363722 0.19895470270766122 0.3036662872601808 -0.20134347525852123 0.32527094593617895 0.32836662474683659 -0.29769239262810299 0.0090624125930445221 0.30476502034046465 0.023573882505955778 
0.61543907661525921 0.3558403257469096 -0.056537724636808361 0.071383936049511168 0.33199999351001774 0.20996614473511935 -0.022736204842901238 -0.5427247155211915 0.13140911105012079 0.11454312550715032 0.050134129010613163 0.063572655134750647 
0.3999315086824749 0.04908444901169802 0.060056103447044429 -0.18329900834588711 0.16090924747867774 0.28676085271684854 0.51692966616174962 0.28419109676144705 -0.23086221676320756 -0.1831313410796831 -0.075336198207334726 0.50182249592851957 
-0.40355089273518946 -0.1931019806275025 -0.079880611713093241 -0.31864887432998923 -0.10091308745836268 -0.31691408483665723 -0.038271135666590628 -0.34974743225266208 -0.26296770472211106 0.33773714638230812 0.3411432523631921 -0.39741318275058196 
-0.30033581037309887 -0.23944720938456854 -0.24189045399199297 -0.043324849186283938 -0.25813837091345188 0.36089562814284076 0.016915718833163007 0.15986346131438414 -0.037523268125626973 0.41688245071885055 0.60094499967368686 0.18170854101416162 
-0.25098613886464699 0.57493996001125869 0.16350729608150891 -0.07182048054936796 -0.19641166231254417 -0.086899961826203631 -0.17432224685586203 0.41897622260263895 0.19257481160373768 0.52563798458976552 0.051980655719860394 -0.080102312026204187 
0.43859403882757036 0.041411438874033563 -0.14374383886626624 -0.54785594865949605 -0.097022289276193899 0.67331755510051472 -0.048578340094577128 0.037541312536457809 0.1248040599845691 0.04053549206142102 0.036641597016186356 0.0033292804435715024 
0.14814974281131454 -0.19807793615214131 -0.078821125589616514 0.12590563432161361 -0.33670022902249624 0.36698211316401858 -0.062866099288913846 -0.076808379349167497 0.59498919979355547 0.54347534351445415 -0.085892326959607412 0.045848756009982804 
-0.007175213216424477 0.062273133636593168 0.29984397443619482 -0.47779927303177022 -0.20991704750499446 -0.48098903846305419 0.38222069342882747 0.11074274712252989 -0.084586374449838589 -0.45425855950463784 0.03627720475285727 0.17110830820340936 
-0.13201246696803073 -0.12440011219459135 -0.41882469673629896 0.46249437289754408 -0.027211160082193542 0.35018045589190633 0.45995904076310368 0.13529656029684456 0.44309435673801251 -0.12944835873864807 0.0087487154702018295 -0.10668573094705328 
0.19098223655078592 -0.091254628298778437 0.047800669993720186 0.38330284889227428 -0.0069951826709841788 0.61286387269189246 -0.095494900260821899 -0.2042116785600441 0.18465615191806961 -0.28058908079558409 -0.17799937422783177 0.48477598075739037 
0.34361280778565439 -0.18583996994434968 -0.086944619202020179 0.18577182181907781 -0.24158423647453003 -0.26819708242408996 -0.16916794486386189 -0.39432498336180444 0.13057352886582629 0.31202249666386644 0.55881557697084627 0.25345269572440055 
0.15675730965347057 -0.40395799145941153 0.070010098297061618 -0.56454278286496717 0.46389198499560841 0.039922071791887406 0.21582654980835089 0.26685126534849107 0.33750461756451844 -0.069392868980111308 -0.18145402378719425 -0.04903648220439704 
-0.046635246998443326 -0.090855081397072032 -0.13158664167504344 -0.28617774000004459 -0.68415915395781945 0.15951654280772318 0.042009328856406451 0.2487394170631034 0.18522839486346521 0.024019874736884075 0.15006437952164245 -0.52516338167290699 
0.0080312280404394813 -0.71445264277964771 -0.00900493629449272 -0.1642135398107859 -0.22676121242749672 0.43323765089415156 0.089367686847710959 0.25681843412335553 -0.093048159966048191 0.08846626507909526 -0.2466253533119398 0.26847651455607469 
0.15559539885441015 0.10620645340583081 -0.020848777255109332 0.29852002791988702 -0.3438556066928386 -0.22549663401939837 0.036734532104876712 0.20229557229017861 -0.16232344010570107 -0.64571798856216811 0.18552128743240645 -0.4311429923488449 
0.17975697029962359 -0.24902356965725678 0.059693595347858092 -0.32617447312595382 -0.20778747692342681 0.13022227448799073 -0.35120969418227588 0.23743182348651889 -0.47476609568859229 -0.36282264782326507 -0.29631179576060068 -0.333199917486174 
-0.19417395851154734 -0.54891088831294288 0.63653044492167699 -0.14113311457296523 0.1606378150435871 -0.25443533944683494 -0.083647048927074044 -0.041021460335239061 -0.15180064094009246 -0.22183610616800647 0.034256522098511454 -0.25150369123863486 
0.10419951612500122 0.37085743024656787 -0.056549390716768427 0.12370660465044411 0.23261365996438593 -0.15202417127239615 0.29378838138959984 0.0064430758038242523 0.72906114784013554 0.205824980297621 0.28787090744039867 0.1129988529684153 
0.1449530409238429 -0.048608627062528921 0.23044278337004659 -0.38804724571049487 0.45827220972854305 0.14419501960327819 -0.5743723308163019 -0.20359503901666548 0.05082339005144125 -0.015912209945818236 0.40468501692869119 0.064613941649734691 
0.013961135979869997 -0.69342711508949684 -0.20978880647641621 0.28357897191336068 -0.015968840503887395 -0.25417317465490086 -0.020166683316757215 0.19807279237325762 -0.27368919643488659 -0.080824979153390958 0.44040970267039775 -0.12098699774891482 
-0.20647025213319115 0.43331073981869822 -0.44667839558710737 0.32455622299933029 -0.17694835613513052 0.04587153465454788 -0.074401647304338972 -0.49867158470588629 0.28227040784954077 -0.034520857822097087 0.10457200957964195 0.2921062407155211 
0.080447755796585405 0.11986989444366643 0.30774010761929599 -0.091026384239151881 0.075785718619125725 -0.27545530448559857 -0.18010164199232201 -0.45714825733621622 0.40051946838294217 -0.1209824068070055 -0.073016301321519622 0.61052878098348584 
0.094300230890599843 0.45129881973294411 0.16614202091433114 0.069362151507629977 -0.28744152156420871 -0.61382554088007657 0.24301189871423157 -0.33482886846707355 0.068210570627989284 0.10424951870684676 0.2026851555622807 -0.26048237785606848 
-0.37629074883377311 -0.47881365231406264 0.15393256582030343 0.068069695670780805 0.42441949554602348 0.55101394755690181 -0.010743064468889729 -0.058799546353463635 0.23396159098629743 -0.088184388977924896 0.22358401712242382 -0.031442590460466269 
-0.36875371321565548 0.045473769881088519 0.1161012231639789 0.0087012609614686761 0.31559330580766276 -0.12839649326436423 -0.54302276015324003 0.2562883381562901 -0.49440623473311868 0.18246893692089564 -0.095133503272150532 -0.29150057200384938 
-0.24969645605517216 -0.090450853228247682 0.27089474831474708 -0.44460701017850923 0.10593892696695655 0.38124205875054357 -0.23170701712509681 -0.076782319434976487 0.13006225723767043 0.21200843787360846 -0.20257707231779548 -0.58254398643628924 
-0.32638828967265332 -0.038426378874426008 0.15743828198902557 0.11025871643269346 0.31018360400755624 -0.0010053760817132892 -0.12587079741667154 -0.83481571341365612 -0.086159369229415736 -0.17235055698823204 0.031902713028866179 -0.089043551740194765 
-0.19600065932490854 0.29350855257732272 -0.12057001981044213 -0.67362872955843567 -0.39578102825199268 0.071945044450826043 0.073471597610324887 -0.15747815115968888 -0.19344242309528301 0.017086876067638798 -0.42056282777345677 -0.022858174898905591 
-0.092610703605570707 0.14314620500427833 -0.15623595400633244 -0.67918172915031139 0.42175909234291681 -0.070775092438594561 0.15708523775959668 -0.038435868682046813 -0.42983701160345811 -0.073482375555415674 0.2543240306593007 0.14612243084304993 
0.23164230479253672 0.16115285542472621 0.34871808430610207 -0.3836278726802459 0.33286114338334483 -0.19470487299617598 -0.17705989758756119 -0.26298880341554626 -0.0043837839661138977 -0.39564442144633888 -0.45441072808127647 -0.19832869389516408 
-0.1151222497235791 0.081985267298555944 0.18426950778238896 -0.20282871435813821 -0.48549146200397447 0.41889314857745791 -0.31151129413904166 -0.53367344170087294 -0.057151043072299644 0.061819489035581064 0.24492752390707148 0.21173828993589588 
-0.11591649823806871 0.05539748442865803 0.012394462189760811 0.086872891801901497 0.024761947287767698 -0.013173524111331646 0.048651629911754854 -0.23913859067879392 0.57607270680393508 -0.75813513366055862 -0.057293796031256297 -0.074443241719455308 
0.35973421001839034 -0.59304208515640633 0.063374097748585365 -0.14533108138365164 -0.044920959174987146 0.21643386359617497 -0.27222777224949196 -0.53186938554195917 0.1937984153086573 -0.11684022152346248 -0.11875085448364199 -0.1502971795035847 
-0.058443440262069581 -0.13861482217707127 0.21408207317870442 0.084278977999913102 0.17537975838499559 0.1281815922961248 0.482241554665646 0.1867363493068078 0.011703192756328905 -0.074182068889677377 0.33012849232286284 -0.70370127768224 
0.16263515141670432 -0.20408952932935148 -0.48527439291337549 -0.20609030083189711 0.21620427552501131 -0.30311832623473456 0.59248407566369765 -0.0018208155031047991 0.12111103085024287 0.13991459512532828 0.30327397609759699 -0.19505906538230686 
0.53778242587143332 0.25427141035341372 0.26158441716201636 0.14393152356016595 -0.049909389463335702 -0.075677315577568932 -0.23934618358657336 -0.063675834553621052 -0.40624338827626555 -0.39255809856546908 0.13234099949984665 0.3883098239229294 
0.11823168900239865 0.1222789569945617 -0.23173642631989547 -0.0013203819958930775 -0.27800108378559918 -0.66514384345516342 -0.18012670655682902 0.30833228308926236 -0.51213909450265571 0.053114636136122197 0.046896988980446599 0.053322632645097283 
-0.023001664997608737 -0.42717456755529043 0.027142487079898206 0.089692794028530712 0.157528900199601 -0.47812284689491946 0.3097333127426784 0.42987051083916555 -0.13000753569211396 -0.088652687343922676 -0.39256534006135968 0.30854870535388307 
-0.10051656047517948 0.17923775916709409 0.59767682342689399 0.29646622948805318 -0.089752667144257905 0.19107376025658893 -0.60087630149424576 -0.13865846834768675 0.01214520919765387 -0.24210339521977245 -0.13311990988867778 -0.10646474589401059 
