# n=12 N=169 max_inner=0.45080977913313414
-0.20044475972680015 0.16238031781643117 0.44117194503453538 0.067241161543987196 -0.40261699725549921 0.22919493680272121 -0.040089399054859191 0.34581232682722313 0.01739322493596205 -0.58277722630181572 0.064708779186532658 -0.23314659568984106 
0.21243800394418361 0.33754773265939919 0.31487586111248506 0.13426027232211202 -0.092357673096252674 0.43327233966700274 -0.053748828486545774 0.2075080753037889 0.48427468546756569 -0.061888556038797282 0.47433871985137172 0.13493039145287525 
-0.094549471093322499 -0.4712336828652976 0.60661401385513025 -0.0019970094601414424 0.1646089271051451 -0.0066910982543138186 0.17212774057848235 0.32572163450598074 0.14318580852278462 0.35014807947334947 -0.14101434169431987 -0.27415388739142016 
-0.10962933150847959 0.19612968323151081 0.65717975841022258 0.5015613491019929 0.058915243261385093 0.068113013032224931 -0.1633665675030774 0.3704949783616226 -0.13744216523504563 0.1427070808635518 -0.09948194588808898 0.21177267335238076 
-0.076394912629588918 0.3439722266252343 -0.5370376832825392 -0.28974825050185504 -0.04744359308005526 0.22829802050274867 0.090072624811571328 -0.26538936077445757 -0.16614851517329832 0.1156555696320784 0.30416251543795375 0.48689994432032652 
0.26965812318005444 0.13007731693863386 0.24910684486726664 0.39929589262558296 -0.17918203003495992 -0.15638933330419913 0.359167969957845 0.30098067141004714 -0.32469974694493231 0.3532730287858572 0.13812213789684405 -0.40423836534645846 
-0.35756103844693715 0.11240788727653322 0.01393344489605098 0.20998402962593241 -0.30501140311624714 -0.29293895127744612 0.063312440375444964 -0.28558764348235288 -0.27088495710335203 -0.41239132485506363 -0.24842335618254882 0.49563470011490074 
-0.085244048042590698 0.45869086495841427 -0.092519876865624726 -0.38317937516681044 0.14301537935098865 0.17957931696598126 0.047408268667351837 -0.0018824480384016711 -0.27079761933257923 -0.20727645629253488 -0.59582484533758118 0.31732386902987875 
-0.20616490039655461 -0.12590788876512618 0.12741887015247827 0.4750645571662318 0.26700645036732601 0.42947130073481127 -0.12840725681673437 -0.014493879742966967 0.42174809395811003 0.4020549707185232 -0.013759210639831669 0.29593213155162901 
-0.13090922388384416 -0.069194986063039032 0.13092456746675971 -0.026069030312591522 0.43759180085441313 0.59183689019299568 0.28272876809029612 -0.39209480871396357 0.047878986168797662 -0.28595024670268337 0.16476082405403847 0.2713236778362792 
-0.33773249617574402 0.051236905058409554 0.10718300431721708 0.18339768995148953 0.083332589477143976 0.11320530646391182 -0.33617966162122764 0.49704948636383334 -0.18682496287756892 0.09510200456472391 0.12072103630408626 -0.63232300780320705 
-0.29737082201962534 0.32817660221088796 -0.10490166981475077 0.13165954296432039 0.21709498306186145 -0.41346389488659946 0.12187106789656368 0.073367294732861382 -0.43317777246960809 0.19604959599482119 0.5576834055210611 0.011178898517536168 
-0.013439862062976165 -0.032934979771066422 0.55489847538146475 -0.32210686106068037 -0.037390795157925365 0.091032825065919212 0.067478337613191081 0.33369834317259933 -0.43851500358748702 0.046936436049541307 0.5153393508594678 -0.037462891804336818 
0.45572020951167425 -0.42316596400183626 0.27832905900964394 0.2325055039302063 0.58042202861132219 0.16963072289030348 -0.17321407235577832 0.17185319814508876 0.020952524905974556 -0.19476254851810762 0.00029063951474468072 0.13472672344093672 
0.40917391280709953 -0.22500161360718471 -0.072114456112540304 -0.19034369259397058 -0.014397145695491548 0.49894648555132387 -0.20811595955761225 -0.085965100266817182 -0.12166656206872301 -0.038577752473348478 0.62370520524702744 0.18805175926631895 
0.10863880928436866 0.14050457679129838 0.14174862060441915 -0.60716129925742468 -0.15364520796388234 -0.15053883409918326 0.37305664732445171 0.25706916088815079 0.039677097919480091 0.51437302474781765 -0.11924481489162464 -0.21867955002189823 
-0.31759200099214618 0.0074843752449912197 -0.12807722688628131 0.11239643128952784 -0.24685864003848509 0.22095095090308872 0.49062997800835179 -0.6702931629310046 0.067108379710759836 0.17950285505973032 -0.1613338495999494 0.086717588363622422 
0.13379452818919257 -0.23889936746447912 -0.42524062434888904 -0.13833182546868009 0.19499839007811998 -0.13985536155024791 0.22524863522656086 0.22954927460052676 -0.21681014271110585 -0.22338031294904673 0.044895217794276153 -0.68200156870251216 
-0.13303148821433733 -0.063788253945889314 -0.24036278816534182 0.15716829011617789 0.30565916924720726 -0.45441418792476007 -0.36788062294531382 -0.08316346110654127 0.39479920259636458 -0.16465978158168998 0.14399078251733904 -0.49987282885157813 
0.56518625109309595 0.096163715313767426 -0.14095355502888501 -0.068906516611375354 -0.13341303514386474 0.090150534744559641 0.32601559161375432 -0.11807689161053296 0.41742008344749942 -0.34786671746927483 0.13693371296668574 -0.43190847713593405 
0.088473523314327202 0.023132485608451721 0.24444001068208762 -0.31687572554219651 0.30801383966707413 0.44812986215814199 0.40910346103511458 0.42988429780710163 -0.12230128888547666 -0.2551342279267737 -0.21450183502764791 -0.23990625805168075 
0.030649573777416037 -0.41374872664437479 0.13010263729396182 0.056512978766185488 0.4118990726586404 -0.53588777633991014 0.44086054745531567 -0.17030467896670134 0.18056724260564516 -0.29841910243999598 0.075761745228517613 0.012473536629461211 
0.48215146102663792 0.090572036468364953 0.26787263037379488 0.4694613171121077 -0.18788517309643918 0.56553724241294656 0.034178752785563329 -0.1452685101582524 -0.10087543245652481 -0.20207576719677009 -0.19359109803414407 0.035842442177224501 
-0.39778498133316481 0.011573158451959489 0.089915133333447153 0.17384468959982441 0.4336946640441911 -0.059128384332845584 0.44902942435106175 -0.23075279865858142 -0.20797476709549326 0.17407200452630325 -0.13016844451997223 -0.51610712782500823 
-0.17145673226262551 0.24527220333598979 0.43784918291272679 -0.040342271579050751 0.4695693063871913 0.2490383002787957 -0.48480097136765893 -0.096516209343193549 -0.15341904091267364 -0.37931482662523186 0.089974392385058902 -0.12136486011186154 
0.52218873443686564 -0.05449653466990128 0.21810294774866482 -0.22656965577651142 0.26802847643691136 -0.34286083583985766 0.077440194723863681 0.1198524160307118 0.30809368255171754 -0.014292370531390517 -0.54630778474730712 -0.14870696527228153 
0.3211464880654345 -0.11524458918715871 -0.054369591701471862 0.14719329760688066 -0.086076872421751563 -0.37472824512320857 -0.064529184337925538 0.28815381932295453 0.065768877806877957 -0.77563493007486606 -0.12997559696890595 -0.033253988869798336 
-0.44472592782997733 -0.15792163459021369 -0.40232980567975191 -0.48883503586661481 0.23741600936788548 -0.43696899215680857 -0.044190129024561861 0.20990750021942414 -0.034822738103479696 0.24706582035443733 0.13361343829875422 -0.054970540131656476 
-0.032692102657977763 0.57632410546281843 -0.079461320791953421 0.38115822863275794 0.20653123005800589 0.16579696001794386 -0.11819727309022439 -0.48031972856267624 0.24747429715050473 -0.17476804818877678 -0.25448063618255679 0.20932473472367469 
-0.29456776952372932 -0.1936739686022618 0.20245195264788968 -0.3201552693067542 0.046794373554310272 -0.37835474141403325 0.15296555853994223 0.29235166828859827 0.2100701488777269 -0.06670979013479468 -0.41327983939189067 0.50857070349493427 
-0.80065607958567864 -0.30984247871304682 0.1743473436785842 -0.10762035134332112 0.19465935207020924 0.26490460041805952 0.17254181738002192 0.2427101832395579 -0.11942845664191629 -0.048293748540844735 0.059338742362564 0.064079584293400604 
-0.2485842701419379 -0.023125104581809466 -0.42013479474906773 -0.23710932486530181 -0.091139502911484524 0.052258580644217359 -0.051812862105316784 -0.423490219939955 0.40552563444834305 -0.58216855158843073 -0.090873293176586017 0.01555272023997871 
-0.10684803292742227 -0.23284581916939667 0.051662410781617152 -0.52076235101795332 -0.29030411650987076 0.25693080904076609 0.43856243481286039 0.13500200148823205 0.34526712561893763 -0.201252263685327 0.37266634604703341 0.032547718045160823 
-0.40410884888797988 -0.41728214835960781 0.15113334544849738 0.36786041694631455 -0.19269098728254344 0.30565633946290682 -0.32397212912550521 -0.36350597274643237 0.02611032248376835 -0.36613702146693961 -0.021045891843365954 -0.039723146273320499 
0.15182388785756373 -0.083862714723908646 0.11320070393333317 0.099816666565671203 -0.10507629664753208 -0.13285473112776591 -0.58980801736366983 0.14337967357908471 -0.30082099634271864 0.58171082265208662 0.16756429055586763 0.30505344698377368 
0.42917236434892153 -0.20034973931777014 -0.44375649882950524 -0.1409351514200799 0.036734140753848163 0.29876234733285084 0.19140344379664775 -0.17430837562454679 -0.30875764248364801 -0.50397150954692194 -0.15493820181868664 0.16714389152619952 
-0.38217721769408658 -0.0286559496465312 -0.065600854598403188 0.67460792230664457 0.51515218027021048 -0.10128576838451078 0.0016244401192061068 0.093317708003367764 -0.059270908789323777 -0.30104463266888137 0.078483882007605449 0.095226306727714913 
0.0066615824347900981 0.5258672361256177 -0.46605358089121063 -0.062266129544082539 -0.060715421691075626 0.567958841148402 0.053135540798065393 0.28477745396960669 0.12743964244839667 -0.12286081135789387 -0.042997751000322097 -0.24283043972717233 
0.14824842106433744 -0.16179081638893841 -0.081304873193211377 0.42160624098297939 -0.25670326577677399 -0.419283087639579 0.26775161206613768 -0.2042212756257491 0.054556075561056988 -0.060272037382516984 -0.43042543272251393 -0.4695919144479378 
0.172775117222456 0.43476423208695547 0.15060331405545765 0.18831030161585868 -0.2638725093514025 0.22969189841231821 0.012198404852327933 -0.14654157900973144 0.04255329461295175 0.696577553299493 -0.30020447244817317 0.042691834104265185 
0.33064651922765514 0.47039198399697413 -0.37814987163898206 0.2374705840211746 0.017056588019904083 -0.0093460090341086158 0.54057260696494969 -0.15508275463476928 -0.31456515808943791 0.045287782682888918 -0.22437304904598307 -0.044960990536208244 
-0.32421898902000068 0.10361067830853347 -0.38302119123416034 -0.18824593779924009 0.15141993187320005 -0.16075868767098944 0.64995149502192651 0.12258093743504642 -0.084545442450422212 -0.41901454544600591 0.054343954357328174 0.17348296291975329 
-0.14107526428353323 0.2631384152050435 -0.074345573705140611 -0.04998117992919919 0.47826144326209963 0.2750263169331984 -0.10211851469213588 0.61125303236425144 -0.24229419839931446 0.17334900322383345 0.19358037727793914 0.29693248369942382 
0.19192797578996126 -0.29806597034029658 0.15354644102401671 -0.45223009607297049 0.21388315440313813 0.16978535502179684 -0.1318511706948782 0.34003557014511354 0.34199048845737062 0.40072819431376788 0.15759901174110263 0.36915002502920513 
-0.040935057781870933 0.033600401127997719 -0.45475941525686409 0.13596376488701198 -0.075656703971021477 0.016780968153125301 -0.35911981198512055 0.43627709317362356 0.34391834602467114 0.35301855685791811 0.44948291501711496 -0.040693521776464146 
-0.50786589274086147 0.31597677390537166 0.25895141599986377 -0.25681437509001459 0.22149793694926503 0.091255462411503452 0.05301176748228599 -0.065533591486527307 0.65649836404463224 -0.040341602863787532 -0.045383810674457827 0.10025179528568187 
-0.26383214855180587 0.42622916068858185 -0.43792683435719848 -0.37107928479826979 -0.42944894603350597 -0.13094101904167407 -0.072416684271145976 -0.17830528354623429 0.13179949673076538 0.2550832429732604 -0.27598416934373088 -0.14841436649412967 
0.28000203160294862 0.28248889523514814 -0.3273887711057602 0.025351840214675146 0.28071795238283576 -0.43490389666650103 -0.15648968806095589 0.030412490440495928 -0.074723444809057918 0.57672282380381434 -0.09826786262497926 -0.30457424615920753 
0.0031702852508504911 0.05657821303501083 0.21763628775966762 0.38225859081176672 -0.29197896941138457 -0.19824156348861788 -0.011082875655999842 -0.21329343184025459 0.52068166738443833 0.37728421990993699 0.30766346720585747 -0.35358694324539569 
-0.42628760407051192 0.33492972157050416 -0.36242169036753191 0.24028529662035805 -0.016851569769018849 -0.27425490549597514 -0.23153744768533827 -0.12250977662705057 -0.43701623559641639 -0.082160028528355647 -0.2654871759250283 -0.32354225399212955 
-0.34072786450826159 0.07231404051917889 0.00026745635697644429 -0.41344609463982096 0.17097242409067212 -0.18454278911955294 -0.18322806604077826 0.26218535199185661 0.090781701360223233 -0.41628284579611458 -0.44872665668505635 -0.39905867483402568 
-0.24303894882985458 -0.5135243881281194 -0.099352655716921173 -0.17486808827222355 0.58613393763978194 0.043428792024741619 -0.17740727162744777 -0.1630011549928681 0.32863660475165729 0.08426204757512791 -0.34296884619103585 -0.023737400201458515 
0.26254931999484127 0.25912799618928428 -0.078692907392101621 -0.45485376771734221 0.22674527311946358 0.10517963683706355 -0.3304775871523421 -0.41663690010159499 0.3737460118456159 0.29539014081646564 -0.23508060932680866 0.15281945528516278 
-0.40855824225334969 0.34189354977702224 -0.30041645716481352 -0.03347490375750313 0.49598011381380397 0.2733801226868246 -0.25811740606742628 -0.22200101490812393 0.10597160847719879 0.284236180742793 0.23585548186920594 -0.2013165147279446 
-0.12368724349449102 -0.043076072285882699 0.58436631880404832 -0.19436621315186392 -0.14151404094574394 0.4571583727213242 -0.17617464127800947 -0.41744658379168337 0.20211626716973055 0.26069029514180569 0.12947886640123954 -0.20901997527146271 
0.2177180358376922 0.41450934976622489 0.034231546196015775 0.083650207633508139 -0.088462951259788078 -0.42269884437167737 0.1390252663698108 0.3968775817019296 0.22359426136541344 0.3762107299490739 0.12863756983458405 0.44854801537008371 
-0.3516862036906146 -0.16249602735406549 -0.49671031746541905 -0.199800661522201 0.011217458833358916 0.32612256325112432 -0.39707715167054586 0.070871077593222698 -0.3376028690215247 -0.32608359390167618 0.2390719606296425 -0.12897313674422412 
0.079904885483421381 0.26686336664009219 0.46368649146607688 -0.29160884588336666 -0.36031994416987867 -0.28876939415970654 -0.3644633192135851 0.20699421391853687 -0.2833380694659301 -0.047302093275571576 -0.38158836142789948 0.073022622685045654 
0.13246870834519336 0.62784803332476691 0.30052361441893544 -0.046752612508541631 0.063113073543267131 0.049896122521066955 -0.002800428696938073 -0.1060279325313891 0.0099753830062474166 0.0024076853900454956 -0.23771702942942882 -0.64916970007193842 
-0.49704065938638825 -0.20591247858544123 0.18719656937017415 -0.2523724507251201 -0.15192914237877747 -0.0065140608243267322 -0.70630578792675969 0.1467089653668677 0.24041985407752689 0.075484261796508537 -0.0087537100163122654 0.068729420830345986 
-0.087664063259580705 0.12911428575698533 -0.37442164435549652 0.68237187038094216 -0.16483280939834022 -0.10044157993212861 -0.0044820439919641408 -0.25355756571322852 -0.12492946256146971 0.41179461392770583 0.19217918190469821 0.21479448191637451 
0.091386120037250967 -0.27206136911753515 0.023778089570494116 -0.063281898122067304 -0.3200649561256218 0.10414978658091864 0.59328232691465876 -0.048119817931492462 -0.35541466162902391 0.048085423223543922 0.15761259017123294 0.54036976564695949 
0.05178071409227842 0.020481645745564325 0.083041621261765786 -0.16946243529411084 -0.3039679772090651 0.24047644484924069 -0.17927961498163536 0.30957529523188321 0.63824157331511566 0.15873337050047887 -0.25154868892898868 -0.43273202425541901 
0.19922996100773296 -0.02980220966971503 -0.73002127616654311 0.051336985713231781 -0.17895314996383654 -0.55145221697721969 -0.020420357544103093 -0.22640833566843679 -0.048346043463162097 -0.13276483518892326 0.12088542837674739 0.038393619901575617 
0.3859233790591719 -0.50424240199009418 -0.3771258475529875 0.49970543291797231 -0.13700701159909773 0.16217489171021665 -0.19877055200988 -0.026646426063701628 0.070753066901931741 -0.027927580666953226 0.16938535180381273 -0.29172692061250888 
0.25999951296276819 0.040468668846618518 -0.53420265248959464 -0.46539251470832887 -0.097458940418813464 -0.15303651611369062 0.048150926476962244 0.46088210661971601 0.36338811529540221 -0.1390252787070814 -0.12115768917121708 0.12285149193241091 
-0.38354275094936763 -0.090424728545796751 -0.2088035234744208 0.10086060426196751 -0.16362139194894873 0.32395027049366454 0.19757255137441387 -0.18457519038177742 0.2206530009430821 -0.072607303029775888 0.444482650728726 -0.57844922686404665 
0.48376137959825966 0.43374995727232962 0.26115006251752776 -0.50195911728651987 -0.074681787862718577 0.33013350667995189 0.19872302985829818 -0.25002131663853033 -0.12926614431325695 -0.086548633924889359 0.096513016122752496 0.087128779249905766 
0.2885983614518477 -0.48722337934510335 -0.023424338464544909 -0.042524894801565828 -0.17649223426111285 -0.59648740588362248 0.017316956766716667 0.33038437466628739 0.1714653725279752 0.27401828885645679 0.20600706734911781 -0.18341631205307657 
-0.07276528088369176 -0.36311673265560884 0.21695945883991974 0.2902872959288178 -0.47719682475334785 0.50733477878858446 -0.037026217848371956 0.26682308048035924 -0.10080280864901561 0.27133510029657759 0.29619041457084344 -0.048267405453389783 
-0.051451042416450175 -0.24326508898417643 0.23793434360508917 -0.057990666500166148 -0.094123181065710632 0.37455935283217906 -0.27275089042932915 0.24627400891783593 -0.4375605958799646 -0.34887245864783389 -0.1064513186613181 0.51913220765703971 
0.41132489398410027 0.024279756785135189 0.024013432490429278 0.069032849449213868 0.35377298015205455 0.4394442815263126 0.042674213914132592 0.17073812150870429 0.18416276210173671 0.42779668534966403 0.2007182662951833 -0.46736196215500386 
0.48849602835084038 -0.01063095188993125 0.28759148394384804 -0.052712147469503499 0.17627334286734533 0.14354478806136509 0.23500666432519643 0.24344000120580037 -0.40727304771655043 0.36230139291252228 -0.3080165978683107 0.34292092048299005 
-0.060279597743323712 -0.53484538957864325 -0.40908243512346121 0.009153665900393777 0.27172961137113555 -0.084659960644898891 -0.040687140243022939 0.10646806238064602 -0.042925716529561564 -0.13358194402919063 0.25675420979703573 0.60271874994658348 
-0.029690108838390124 0.38943573244858132 -0.079205663237117752 -0.13291851466791252 -0.38924213281856546 -0.55862001475642808 0.054778057650875608 0.32624074539921355 -0.0089222291889478212 -0.14189474221263854 0.19196494854462734 -0.43983378131034712 
-0.056557579042869385 0.23675342550456779 -0.1114597748542821 -0.036350171350413643 0.70759598196492723 -0.075483448032542547 0.39972366931242753 -0.028000569436391468 0.14228691478094693 0.26697501381891037 -0.23933380763742837 0.33354111512679979 
0.063265014430892205 -0.46819204603227221 0.071047868334251932 0.11521416048489232 -0.092118848244748586 -0.1134814487477081 -0.20307807246442905 0.0350892049065284 0.76363385817982155 -0.23058774496353987 0.13930598928725968 0.19728717709005683 
0.32315667245008012 -0.22793424026792766 -0.26824124495414858 -0.46346197064810934 0.37066155726237709 -0.047546674738742349 -0.3881144837559492 0.21261061207899171 -0.41620099100731989 0.058699411184653785 -0.20412017190209877 0.05517836429270314 
0.090437609494460044 -0.13975718845063442 -0.45316496358158848 0.28611377813099087 0.20502176522291959 0.15037942843261093 -0.4344792327251073 0.040377162335863158 0.069374931690985117 -0.31423536766984511 -0.5612439178068489 -0.10708636923325578 
0.29525693368682276 -0.31442630243629849 0.23257342962800526 -0.51623225017414642 0.038154191483918097 0.31106427387129942 -0.32593009360986586 -0.048388776479968941 0.23688283744650313 -0.45433140369937003 -0.1179588062964407 -0.10069706894262276 
-0.43155879437257599 -0.20139330591523635 -0.089343705267653284 -0.062381968396233618 -0.28974084859882165 -0.16174736587020527 0.12198755581693488 -0.07653500792592012 0.37631614266269447 0.44814644947359444 0.30982478030738514 0.43821561001214349 
-0.11497023199826796 -0.74555755433971194 -0.21814298787853051 -0.21852396530934828 -0.23572901452847755 0.12475144246769451 -0.063158738655728047 0.41227470039336833 0.02731478350267208 -0.12545120601024479 -0.25007879823153628 -0.10711040562262791 
0.067864073910381628 0.033101119194389857 0.0044685580089752104 -0.097673465909297957 0.028536111563721409 0.71569506936693406 -0.55867818240283096 0.11223231390813643 -0.15032878844044187 0.24633154450460115 -0.24437613688076068 -0.063165599346239956 
0.15799503865953948 -0.22802871529156854 -0.14136089507883717 0.23046851488656095 -0.49549845891595912 0.081812781844159563 -0.22565538339756711 -0.18429709313703518 -0.59046672704826808 0.13201504266726716 -0.38304337081813739 0.006546596401989113 
-0.082970673034338485 -0.57216797670356156 0.19596096435571111 0.420886436321874 0.096069745890361394 0.050513375576629882 0.23103815207556927 -0.040208916628369909 -0.12983712912197293 -0.042883305127393946 -0.53589603599066604 0.27845283405620946 
-0.42513175719206475 0.063404159965149795 0.55686335851043234 0.23768891442922524 0.035085450573208547 -0.54477046966870457 -0.15438224447190829 -0.103841044570657 0.0027576542729718608 -0.2038531260139326 -0.046487776482423603 -0.26889137772736832 
-0.024228233535939236 -0.088128538847597165 0.23607066131911322 -0.60752417517033108 0.53456463967217804 -0.011598950022901698 0.16557708069865074 -0.2115878894263038 0.13985335102117555 0.06601046834755335 0.28151005772613014 -0.32494310922060127 
0.083667963734396306 -0.29717293520396626 0.061697067430088202 -0.28236706269043504 -0.18174729521740141 -0.29554488037825566 -0.13980633663588005 -0.23494943691416847 -0.053378684537769706 -0.47465943152734663 0.5591957382121181 -0.29184515305721875 
-0.21720590179247923 0.033192533126604078 -0.35489841466823985 -0.27156330216792746 -0.11629718289574202 0.24174907893776623 0.29092635713068493 0.29200834894229671 -0.65461515125248049 0.24973921741865543 -0.11850100991680634 -0.072197678585962696 
-0.18184774711463836 0.24101558934092304 0.48843548582515844 -0.15091665384895303 0.01525396931907679 0.089685548915744887 0.049293787651427591 -0.30353524702418172 -0.079022047864709857 0.24765501701549666 -0.018117887408569264 0.69047256864017825 
-0.045053778217255425 0.10590140570746949 -0.03533554622654745 0.22232816752977977 -0.16558213501472419 -0.46712540581421591 -0.37679290306972657 -0.12292114101049194 0.46648193928588083 0.22050394200275111 -0.4967641181258875 0.14271850038810838 
0.079391434492223592 0.065722795243886009 -0.22231791554584709 0.37064760326850937 0.075112046369047739 -0.072995542692799509 -0.62720182185133933 -0.26155040810326247 -0.19137364124991174 -0.3234515394050384 0.37463518567763215 0.21958008015623476 
-0.48005181886065079 0.079076637500284513 0.32972876790476718 -0.030011280168131604 -0.54247589879007274 -0.1140727591998401 0.13409859458047557 -0.086177112404295389 -0.3794559312386207 0.35139200856119779 0.010784178909801047 -0.23107213248451267 
-0.23043103627263239 -0.088945143820784181 -0.24890625153112336 0.18543173224381346 0.39315471431537696 0.22529920105999052 -0.20477664577644653 -0.38068897554254066 -0.47633918272059556 0.16293341249960344 -0.28703110218745748 0.33857045333343821 
0.24694868926508595 -0.34466739785789724 -0.42454277404414409 -0.47510624364839443 -0.1648201187430921 0.079784306072136463 -0.16696740472577085 -0.25680626101914378 0.21300225836176065 0.29483969784687708 0.18072950958952702 -0.34919318130488608 
-0.025755027071232544 0.0029114918303232164 -0.018290324223844811 -0.29630804208330708 -0.62523619646142792 0.50589580840692561 0.11083772662489573 -0.20875095115036466 -0.11638603477499782 -0.22860919028324683 -0.24597222420665407 -0.28665688967795883 
0.24387829489660279 0.42697139676254847 -0.13823435861282293 0.70215622024140401 0.00051393712141116087 -0.082597031913738198 -0.10830548551083997 0.31395602696579727 0.25337303219249413 -0.072614592240556178 -0.068644682113895836 -0.23405735279362738 
0.13489800336950508 -0.16640051281415577 -0.12631707413692481 -0.49475466219692033 -0.32520791722660225 -0.42150996035996524 0.3090144764110927 -0.090213702693020204 -0.33634318740410496 -0.23559033147481248 -0.36700396289305465 -0.054721763188907632 
0.13940074385821075 0.099083636037687217 -0.32633548151274622 0.28120529510789705 -0.23076918974972369 0.0661036638505864 0.22217680650263655 0.30918733976326884 -0.14576452388488753 -0.34170043031000485 0.66468995369449035 -0.052687080207835878 
-0.30455650842522908 -0.0015475762405379792 -0.035373266719086721 -0.16764468119655379 -0.02961691937923713 -0.34943328589031519 -0.37599412754079931 -0.67062536979430909 -0.10785532723289512 0.2959782455156727 0.24301473705869933 -0.07418976637273085 
0.34489166339253019 0.221774075406861 0.09369579736588865 0.1056876738583402 -0.69401895043109152 -0.22555279882513024 0.17563190247383761 -0.4391345937270813 -0.095936245722115926 -0.058946594909550593 0.20253436220119864 0.044681716545651617 
0.049244897638736455 0.55254875887757959 0.094219146862555905 -0.24804298975445804 0.130677799797845 -0.63055462330588341 0.1994906495766389 -0.38474216915577902 0.0029216062067867741 -0.031178867987546811 -0.10704091662208298 0.08321625422245861 
0.065477889113942866 0.11007083766443414 0.66550563634406612 0.037838177211628313 -0.11766781237060882 -0.10046189184951218 0.59203190111986548 -0.10912007433778949 -0.18227714211864252 -0.18255899099932982 -0.29301590035280828 -0.022566548922199402 
-0.48724343581951057 -0.33502129864537816 -0.34866024779845783 0.14913194200900315 -0.14293089029638714 0.15073800708803994 -0.18411118208691091 -0.033780675039612906 -0.0053473533099064538 0.56617313395095559 -0.19239826504348478 -0.26601373543133039 
0.036514497098767244 0.034826641058698378 -0.13552274097399167 0.10711281484844405 -0.041166488718882378 -0.051384557953000051 -0.12559403948133249 0.69558351681089914 -0.039694334411673422 0.37221562634694028 -0.56692355665031402 -0.046329819558633849 
-0.022718827478098922 -0.088433299991024089 0.33834281393520593 0.35529743496589439 0.28263081116914174 0.20773179012897783 0.16348067822718046 -0.071642760837762706 0.50512281705138018 -0.37256653782131155 -0.26753692387831202 -0.36128811060016552 
0.12156887755535074 0.4013491034674686 0.026762789507099274 -0.58377006672925091 0.042720605198600083 0.023310588752157132 -0.49613485031860766 0.28438509189931954 0.077313502238698331 0.081532136288545637 0.30980785398233296 -0.21127538978175323 
0.17691455017356555 0.47497719574671454 -0.33995684073712124 0.14700820883927276 -0.35670372189715815 -0.032464633628866986 -0.24180065727271036 0.36743681551021229 -0.39615870092911337 -0.14695455589947051 -0.062363786473099252 0.31893631000705924 
0.069737992091798484 -0.20271641363151519 0.26417023598593098 0.49095949023859425 0.23340639460202597 0.0078590825839716244 -0.42338846529091284 -0.2738619963654218 -0.055783755040131548 0.33717877286701703 -0.26084344710893126 -0.38675105889214545 
0.39735634230488265 0.26906078068740885 0.16376547169676267 0.3157907926928557 0.28850193491527765 -0.30413689313864301 -0.24731775569155712 -0.10544515205774498 -0.44585807410924622 -0.18226362447236577 -0.40330653597793753 0.022097453448603227 
0.17113028175735617 -0.06692550315694222 -0.41130208109473315 0.09024500022179896 -0.60949731768858872 0.12468427153508636 0.44387759232895496 0.2016640739289994 0.16082003020748795 0.3547012614247036 0.025995240683144405 -0.10881708818631808 
0.56873642600103402 0.012457832129131988 -0.1813522849281417 -0.33400330798367212 0.23388377258721108 -0.28403946540306652 0.39416093434809696 0.12411976136753085 -0.20152132730133429 0.067503979587155899 0.41440946613355323 0.094262328704760173 
-0.46587306423215269 0.0046608248751232699 -0.10546034001839572 0.21275583914127569 0.0066431008790928401 -0.26656307178103844 0.39404701600296388 0.46185234041776396 0.44428434855180465 0.082815101593879489 -0.061837290978913516 -0.28071733675775751 
0.25079323078621329 -0.12536036043484139 -0.23398064685567141 0.56391235906147241 -0.11759702399462051 -0.045223075140523913 0.3915431689911682 -0.18567499795044254 0.32239345243708456 -0.28875523009265402 0.02384724246210166 0.39636118243323903 
0.077630651001420012 0.056666088487503243 -0.27856739091827426 0.14691466560660391 -0.56904750832967022 0.38229615257807592 -0.39967318268509638 -0.18898247178839345 0.33624950473826987 0.042735074684115658 -0.0098271756188898652 0.33342719467461407 
0.21991512455486645 -0.60931402391220069 0.25753994527308421 -0.0090240970748515746 -0.0023706607406037703 0.30800432839171427 0.38325330594249274 -0.29935908420270002 -0.17355603046080786 -0.13372285353161126 0.11463862406529288 -0.34849497122945666 
0.56801577504216094 0.16202883501506452 -0.43486798658037085 0.24115372095966486 0.28827140128930256 0.26692981583074799 -0.16267643600165027 0.082243260543469351 0.070702354330128503 0.19512503606476853 -0.0092775605458810546 0.41605441133248289 
0.64460120404724863 -0.072768596503851438 0.022132218062343105 -0.1651133244259472 -0.36514196049436154 0.17691669928318215 -0.10929285932903537 0.4839073780267375 -0.24042550026263479 -0.07974138771630139 -0.006228313952401668 -0.27658709790995406 
-0.059376492225586892 -0.17232146056278899 -0.21946442782486461 -0.39434663421302113 -0.65918402376042828 -0.15681031647508667 -0.20965649419803722 0.16169895154025632 -0.26985700648165695 0.079135183193691797 0.35415116613227576 0.17141226543929602 
0.04015711018468552 0.042438523704819021 -0.59247162738708437 0.20148831599436143 0.15861531631205897 0.058033424832886898 0.19630344246601589 -0.19368028650727953 0.61432284602207077 0.24104773092441631 -0.17543293137931237 -0.18471365529776734 
-0.50043281821156094 0.42099367251717723 0.08532719110690519 -0.5289861488582821 -0.08426151917740049 0.054231249763755492 0.087742609923354462 -0.21686501406719985 -0.23307773011804545 -0.26865006935182767 0.24011765985601274 -0.1905241095746748 
0.13243485776325051 -0.22658527458080707 -0.47096267202325232 -0.15253006237809655 -0.096785444101393878 -0.16858012969230657 0.095001297143508245 -0.095519312392376529 -0.026031728367197502 0.48827749996728487 -0.42626324615220323 0.45751510656139072 
0.15815175466375378 0.51244907293980779 -0.43561953073007448 -0.14538737304135652 0.49967942673261528 -0.16931963299775829 -0.15515411476319141 0.067908525829906502 -0.10021005718802883 -0.41748650592289588 0.079848271224372519 -0.061125174134900949 
-0.086026036583516083 -0.16003698048382325 0.26656757310253948 0.22942094658863271 0.057394962238994547 -0.60393237705753156 0.24563909617523261 -0.1899596839606934 -0.19172220092857259 0.52548341681305488 -0.15333264612159583 0.20601595873590267 
0.15620794356318385 0.35324764317239599 -0.24439246355603575 0.014825176483016799 -0.29165272424189481 0.21434482694782425 -0.23068591486870463 -0.17903336323185812 -0.40695675099036899 0.3091121050489597 0.38696371966208037 -0.40458466974798418 
0.14714557847798265 -0.24779618520207256 0.15895289584477681 0.18647108860977582 -0.10485398682205085 0.070824170854927426 0.32153056996891183 0.76024476122574902 0.17308382974997494 -0.16222263794413652 0.078229168800271531 0.31168784703573882 
0.75647857249327954 0.11634999401145288 0.11219032332503558 0.093829959759583942 0.019265993265681854 -0.2798450488783667 -0.4136365993483947 -0.07683841208167147 0.25589840242925038 0.0065393186953215943 0.26545126564665661 -0.033722114369720814 
0.22906763542386904 0.35961838264078438 0.45153863919926218 0.34023589159854972 0.25713238479250461 0.0057813176961205547 0.030514540391139017 -0.44811462531974389 -0.16081635910568595 0.20132543773947598 0.40524686485136591 -0.0069163858610848021 
0.14225347350767181 0.30065650104593228 0.15771076782748447 -0.010352577995525773 0.16146730353211317 0.12873739419422742 -0.45276235044485363 0.4311715141925978 0.3919239682808468 -0.28782040181215846 -0.30446389411763553 0.31890262566338379 
-0.52053546852498089 0.17056791773068677 0.24495176679813943 0.21032383088000914 -0.17740078880957424 0.21977068638346461 0.0098131283861142369 0.0020649294126588052 0.091155677800688659 0.038258501707463637 -0.69958201079105553 -0.1290469422277957 
-0.37828056125163761 -0.080153529082497676 0.4314069940033855 0.32921510592607095 -0.18534383246883385 -0.052648077845875996 0.36836026521428566 -0.13230023522559617 0.099144099493230942 -0.20037722882085129 0.52139745044270092 0.20936085384529782 
-0.57391174998258743 0.17874680490268885 -0.51771928064503381 0.14654609459320711 0.040072743531103988 0.0524870160606647 -0.14818528172861198 0.2279991491889479 0.20100548633369791 -0.025325382402084404 -0.22840654833855384 0.42148373437411174 
0.36106991808996208 -0.3411107495644739 0.35630331468600057 0.43952422885815573 -0.18777774134700032 -0.27635122911799037 -0.01721532072599765 0.04456381051535073 -0.41369586865821856 -0.17397724682905821 0.29090292355730474 0.18217772482783698 
-0.38597038062622785 -0.54378335049997717 -0.2638128462440863 0.17716800824880971 -0.13933329262412991 -0.26581021864435411 0.2339162037763198 -0.23611550002597614 -0.44755431596883494 -0.044414615372477012 0.19919220199281371 -0.10885585129593493 
0.40190797936481232 -0.11684142871048536 0.2629042428090354 -0.038672871677085489 0.089826817825298194 0.046456983026993345 0.54770130455300059 -0.28148297371897196 0.45511579587770556 0.36377465111812968 0.053374200710167234 0.14985373882140679 
-0.29940944539420999 0.29362412193277554 0.14462368397333741 -0.31773371625597546 -0.4461701369966608 0.3623941699245754 0.025117302870122427 0.44945585904144619 0.069413821479962917 0.20572980458420492 -0.072222342773835491 0.34186293019358172 
0.17639351285073621 -0.027371783113733974 -0.023463607805697496 0.27717086744631575 0.3803836438758777 0.34376290784843261 0.053241434857995644 0.068852173255058782 -0.72169098360519757 -0.097623757082398566 0.20512796706403735 -0.21880631009415694 
0.049579644525310801 -0.16775198461065827 -0.1426179342748653 -0.11635265768194801 -0.015891571780248512 0.57239469778613816 0.27416793496076425 0.080203792967732432 0.42886328316023387 -0.064340443288349508 -0.47488815799488882 0.33533894259056735 
-0.20341817246873978 -0.49668597600572462 0.19158627358180549 0.18073642918973587 0.31033295681599882 -0.028178790244488609 -0.28166834132040935 -0.015748893049312974 0.043980031837997854 0.16507558885264326 0.6477757597902748 -0.13065156960343377 
0.038724261105790442 0.49194799104302456 0.021005864039688325 0.012695076544441432 -0.42113216947902499 -0.10196100176445279 0.36746749708658105 0.10145464639351111 0.43657209239253142 -0.31684609805075237 -0.33706188454994368 0.13495955673775259 
-0.058182134049933804 0.05212125642838876 0.23366232852797378 0.047574208346554951 0.5612918427584791 -0.4340876185590396 -0.39805435139814754 -0.096956792066292721 0.22332277526534411 0.10485574572399999 0.13622004309738675 0.43160706180453762 
-0.077094039173482246 -0.14936675050834253 -0.29234506443904829 -0.057494442444004014 0.49891745129297049 0.30409786279319617 0.049863971660203107 0.33918715383532982 0.43973259497381523 -0.36091662436901495 0.30263421039173954 -0.093985801418149481 
-0.017417009980617893 0.22073958232101309 0.027316109128051241 0.30487886068735925 0.033000787683631842 -0.032327647839462487 0.22019104628928693 -0.43511994734543874 -0.24271484357916182 -0.66096433873710758 0.14592439352682476 -0.31661888730729665 
0.45950552559502583 -0.18095745238653024 0.37090040356081072 -0.29354687819313274 -0.05592575122665204 -0.23824646714757314 -0.11310378629082632 -0.31922830147780218 -0.39604441829769393 0.31400967998390589 -0.0017775887462499783 -0.31988674465897532 
0.18796468670691716 -0.10565012341121094 -0.20975207985320107 -0.21449151504627659 0.13642448900266904 0.27495797007338302 0.16878049200371575 -0.18878546476673791 -0.14550018417575045 0.28354095564258075 -0.65882554835658036 -0.41176154502432255 
0.11868738423499287 0.080619077669225256 0.63712738650889278 -0.39276450037173299 -0.20662577922051595 -0.38767201286381703 0.0013467557682550297 -0.015017161886904648 0.3793560582464327 -0.061618238760350198 0.26307017996315413 0.095361065360341987 
-0.15744108599014592 0.54253474348136876 0.12911451559329956 -0.01436370076201288 0.050648935215432948 0.2047180752447218 0.6662134194281778 0.094270223848139795 0.11035681655401328 0.22553519105742237 0.31144575042138206 -0.082135725477222768 
-0.36888669402057467 0.098228934028322071 0.049759892634961389 -0.1573142614647339 0.038211467287390187 -0.30219217479046129 -0.23509974332301747 0.41455472970901819 0.016957239707801799 -0.48327789960353024 0.41731917741372809 0.31486782574042876 
-0.018305258167099936 -0.55080464342386837 0.041614785812376619 -0.023935760044164582 0.016877830983973548 -0.54775435566586139 -0.49547610665396963 -0.12407163470850931 -0.19017144806432876 -0.17220611597642846 -0.24585551800952518 0.080618554879583498 
0.4003616558897507 -0.095906458448830209 -0.28632300256534088 0.068812824113025708 0.55994656051642933 -0.02490652872989078 0.014157740474370019 -0.60366307260030727 -0.062103243104379827 -0.013855375422088435 0.080902049141081969 -0.23330767396090271 
0.15644827132206962 0.25433773225483797 0.3751626141957477 0.069416963700556847 0.49709034047248435 -0.30799027359584413 0.10223626938260288 0.46672480662418631 0.17330789669934463 -0.12179624122534269 0.2883268560930044 -0.25889594804942828 
0.35871186264663218 0.02654982099555844 -0.04847451278911543 -0.36166610229021601 -0.18878144904825014 -0.22688713314951503 -0.25041218372089358 -0.16556359009971133 0.081862240288859536 -0.31278383568602097 0.010067124741891495 0.67498036015685248 
-0.016910077127062606 -0.10656051201694029 0.16687045617743176 -0.30275994478813761 0.36054136427287431 -0.23310525101497592 0.032854668073624388 -0.35304445386922145 -0.59034015458227307 -0.28932376496993895 0.1979937339935062 0.29561861653729637 
-0.23664137583481909 -0.13839339102352718 -0.33572314050674218 0.45128553423720258 -0.25547396975551223 0.31228345300445831 0.35315523300325502 0.23831461372094739 -0.17110951039282457 -0.37702848483630819 -0.26746932329424822 -0.14563759232647491 
-0.45814199385719867 0.40141349817337002 0.03541226675838801 0.35943979526126824 -0.12772619900327617 0.54262710700365502 0.0081732472787020716 -0.064587982906181077 -0.36937891961383207 -0.042093766112860552 0.16558027787496926 0.13377613164758623 
-0.18760790357596629 -0.14043515337686921 0.16057705241816439 0.062611577872851473 0.19127990562719857 -0.40149148791253203 0.17458946046610946 0.5243094481930568 -0.580911776268484 -0.18192749448214088 -0.20247627965203427 -0.025651501979516069 
-0.08699163138645892 -0.18274765897850795 0.03734056353431766 -0.10078322413196657 0.20261535593486743 0.27805765790649439 0.23570723636764213 -0.21829849737180526 -0.3015854621214904 0.72007838052926898 0.33431350678379185 0.06834331391161054 
0.13420065261753522 0.082618131738653983 -0.018868176774579627 0.051687444346612231 -0.46450340632425485 -0.086392712757739104 -0.63074948876574566 -0.18025317286293999 0.068371955127805487 -0.25741077720145517 -0.11816622266288278 -0.48339973240725703 
-0.38341758918985036 -0.3921194385742085 0.13587056210595602 -0.31868104435869238 -0.26460893948708325 -0.31586566236439406 0.1668840979422449 -0.28562639899423808 0.38674791789218488 0.063347214200694738 -0.18516502527200399 -0.33484357978144946 
-0.33372219575049966 0.16981725084623125 0.33490207608284395 -0.31324895281688819 0.38134588901695321 -0.0721925222801654 -0.25628097083177814 0.026465621848651189 -0.26783274606002844 0.4925955855231417 -0.33308819442921106 -0.084604620868756045 
0.033034819783445538 0.24902260283913313 -0.19723370920706143 -0.047344339339660174 0.18545376206559994 -0.20943959244099475 0.13837265942864516 -0.34330999246522642 0.4664294884836922 -0.11023213558933863 0.65260551477583051 0.15775134716533695 
0.27406211550847548 -0.47221600336943181 0.10709698575114905 0.16957823826233528 -0.034531274474868028 0.038705808620019794 -0.17667255128432768 -0.6448210928434519 0.043172673330150672 0.20416321943446386 0.094178115423701553 0.39945145105216262 
-0.3055376080666527 -0.19272848400301446 -0.049552102200402515 0.49430882362212242 -0.56335228116146963 -0.33658409279008455 -0.23109742810479511 0.36224699821251294 0.016647009530536893 -0.059176427230105709 -0.019427278475793137 0.057148339895866609 
-0.29137604880073853 -0.3620522161140925 -0.029283526412502068 -0.68093308351803306 -0.086926876279663307 0.25544201260579785 -0.045779411654674036 -0.32248062814017064 -0.1649713761106788 0.11861435645246941 -0.15365609141001804 0.27513500911872313 
0.3048403557779405 -0.36446650065777464 0.38108899771653276 -0.10035023140079204 -0.60621821249234464 -0.00089277708561248214 0.021609591899296957 0.021626184857861153 0.19652447553161728 0.18432201983038277 -0.34843277597847155 0.23769660045818769 
-0.0081775839163932482 -0.054412872230831077 0.31658266619670922 -0.156150216712406 0.078968249621538714 -0.039380662037016748 -0.10632017307433866 -0.70494976902262674 -0.047640174721310775 -0.26200854308742738 -0.52676450517044504 -0.089000044366397649 
0.25168132216439204 0.40914595509035745 0.20860310629412446 0.19176848087013829 0.25249064142585442 0.01310357150404733 0.28397273235883108 0.13516605064942025 -0.1531890932086096 -0.44375578415148503 0.15461917319331089 0.53088502405485405 
0.11519183252838709 -0.36357283299943777 -0.36090852381905913 0.39193668598809267 0.36994560394901255 -0.064769834709919788 0.43192633902445987 0.32801758418246524 -0.12097645152786525 0.34697974821527294 0.020185226154730274 -0.0052762049509656739 
-0.30112640359268544 0.6476629555812411 0.19139495122597816 0.13817005734239488 -0.34637790289590692 -0.17266365957234284 -0.39505640835977657 -0.10511280405580362 0.11934428128245941 0.047364877293733905 0.27172198330814679 0.16402624583718542 
