# n=12 N=169 max_inner=0.42261788166108516
-0.086013311101316783 0.25776003562912914 -0.43471229354629343 -0.57413787333793254 0.31476811379786634 0.056315123615758529 0.10012948307941098 -0.088159654044444577 0.23978813060862902 0.47245294000085641 0.031124471779531173 -0.07632261231165928 
0.26712891392354993 0.073134154500004489 0.3461737330011192 0.027521469087250873 0.28513513557979614 0.2621057536686392 0.092869621760398799 -0.22113257870554262 0.36745569825116209 0.54880915872580749 0.11871103439500176 -0.38061332857118652 
0.27534594855175193 0.40736081796950774 0.45026632945499395 0.091020200834510429 0.25117507656380894 -0.14380132619655889 -0.49832669127238466 0.0064264245635661955 -0.20465330813614543 -0.061045868699488484 -0.41086644913064196 0.025651196679260538 
-0.049390501728922634 0.092826732729627798 0.24697613770110338 -0.48341551699478796 0.36271090103306142 -0.29959225620351559 -0.06960297421025502 0.26524995606153295 -0.0036431199347193221 0.23665843520965296 -0.30190928191928856 -0.50056914473623659 
-0.29814534439752399 -0.27381417115520562 0.25354290460742529 0.54695248569797172 0.12184023624218558 0.26102690381626736 0.30171257446814226 0.17329276006062494 0.15526380875780527 -0.11357456218398779 0.44552808767734686 -0.18207655763697092 
-0.36605397990461835 0.36510347536011478 0.13006146612998992 0.12902671212489353 0.26571410309588783 -0.11222535233427636 0.59542870432110029 0.22654619290911213 0.18551664921945163 0.39300654344065222 -0.020260016702456096 -0.14422893717636867 
0.48114293578799666 -0.16875178199934199 -0.022788492520559034 0.1051457684204538 0.035568846369559121 -0.0012563387692582589 0.078128349406428918 -0.029024327885131207 0.21916072312671189 -0.46277509605836814 0.58208857323670238 -0.34527796397967625 
-0.46000587731375692 -0.50624539153294412 0.1997736029807686 0.018329607070913707 -0.50277541947465032 -0.042733485514494865 0.2466458506950179 0.32569457800778162 -0.083144719819816179 0.14743301407263967 -0.044597980358778849 -0.19926315389393986 
-0.32923420328222625 -0.30191844526530726 -0.57090165572228879 -0.30446331574881308 -0.15004363246027091 0.11126316537078107 -0.18077917988546569 0.12306280761607957 -0.38439627988743591 0.23059884439423234 -0.082654319462374851 -0.30222056017555987 
0.37651042192016027 -0.037628590640957547 -0.021925991779031467 0.36054083496636363 -0.26843784967040113 0.065419940100141835 0.74595497695892199 -0.1028576623769049 0.14838100609166091 0.15032225952048334 0.017563748389468829 -0.19510044737707211 
-0.088095261678242873 -0.18885260592611741 -0.11496955171372013 -0.42237021715396739 -0.10273526038575717 -0.10070829235124387 0.63515227778612804 0.096376139812064096 0.2345616787069949 0.094005861177351283 -0.51285981335183206 -0.068369427108791445 
0.23526228570654428 0.10779083232607063 0.025250472234025777 -0.065731504731532067 0.061092316685626445 0.18528255686146824 0.20075611064713597 -0.025332639543965443 -0.78936995603098647 -0.34703057663421966 0.28204249149045324 -0.16119803068003008 
-0.09881048404113596 0.00044343115225258271 -0.16071563027473648 0.1184741852860836 -0.18191131664300342 -0.010382713541649102 -0.15579570993153471 0.43365453956424893 0.18586860276712913 0.77719310924545704 0.14064213620195459 -0.21560630187649182 
-0.60495388165898001 0.087497709204910401 0.44729710676483697 -0.12477813887999689 0.16380616630581074 0.11383307102622527 0.25842734488396407 -0.32806138667988011 -0.3483256894531625 0.011287969018943975 0.2513366674613926 -0.10910063018018858 
-0.29247503151065579 -0.13965184357375643 -0.36245797523194112 -0.14028046596848473 -0.67057299761051481 0.095252862322097828 -0.021989308934310826 -0.31484644622103269 0.15085929621445282 -0.11119477902727609 -0.30847480190080334 0.23509306398192076 
-0.18146663661346957 0.027488059723198129 -0.069957474754338306 -0.18083841731870495 -0.17347077952573095 -0.29795876390754739 0.34694132117476306 -0.17494910793909252 0.14921833307306387 -0.021991764177575597 0.24274628955177283 -0.75973361658074534 
0.24449191953915997 -0.35317684775171154 0.36154403652926531 0.16590487535438447 -0.089760864765171075 0.21644376843794011 0.016065494700394055 0.32183662114480061 0.26409940552792577 0.37554550478647397 -0.53600480356222446 -0.020625161812809458 
0.095738878063749991 -0.23229535760702605 0.52203188635260966 -0.22555103119009068 0.24446898146675569 0.16020463162038809 0.51902132585922933 0.40970556583626982 -0.29410568725991543 0.042161149141186002 -0.017278016877898945 -0.047283550129701264 
0.11207285061614126 -0.38161600082866226 0.30145109258782138 -0.1631592922389051 0.41848665246895889 -0.42302269278374188 0.01145842007245703 0.13684525926060009 0.035392062100098501 -0.12791377899339382 -0.47761474665741138 0.32503478549531661 
0.070195668694416569 0.00091160381389936238 0.19630485426519367 -0.660472994896663 -0.1144989079317448 0.42976737527240588 0.01754362528641263 -0.019527369942293153 -0.16040883734576708 0.16003666543873077 0.25449660772017119 -0.45354296138689176 
-0.39645080391085841 0.26240585411558526 -0.10104658345691668 -0.1339840022694315 0.16211594054819689 -0.076850125259372196 -0.3194699652929967 -0.42849612341726734 0.35551528781618147 0.067739680883935866 -0.0093254726678692629 0.54487021187981288 
-0.025128232121114816 -0.077734343096013597 -0.041692898051129988 0.26812338615904024 0.45987049894324922 0.072369969468113277 -0.35187933425028051 -0.031425845268997506 0.26092302328715239 0.35492944970140083 0.59370601419802427 0.17784821718711449 
0.049596523911122695 0.66488377034709878 0.3259113914209853 -0.2322299486068394 -0.022131398613871929 -0.32680822930365333 0.39102881090457525 -0.15506437043016297 -0.199037885243217 -0.19516490190617097 -0.1152252945706629 -0.14176239970628537 
0.43881929981328338 0.12409177681541093 0.38013626244011267 -0.0019598161269906264 -0.15304352110204672 0.35761494369930669 0.16346146472794712 -0.27230636452997897 -0.44190194751526407 0.30990533280955745 -0.31943238474524405 -0.044660556069688648 
-0.10305614196956205 0.44051012371313442 -0.25387447841923039 0.10709199612065924 -0.035886731973030196 0.024589144404940928 0.30202260035214362 -0.54119971626652097 0.11395403335390934 0.24679590520654371 -0.50268203239280962 -0.082577734791126192 
-0.23891981804334003 -0.0067506490787893119 -0.052353938529112194 -0.33391066471798414 -0.25195897486779284 -0.49369671635743834 0.13169621465756731 0.29856974179331575 -0.48227545237875252 -0.2776750292269588 -0.2570910414185778 0.19783348695814718 
-0.25263108638172621 0.22377456154784386 0.37767237130361481 -0.05671208803967874 0.040298978279346635 -0.057091246304286622 0.34189962701918158 0.47645688580546885 0.31286713532335658 -0.46373656685028608 -0.18736298950003674 0.20836872161047026 
-0.014632911609685198 -0.51574194655692396 0.37074279178064395 -0.056643306519792415 -0.15102789048436682 -0.26283083399981122 0.22712156604209288 -0.45116715012640879 -0.26942790256289478 0.34124833248335479 -0.028700776988831462 0.23716326192526374 
0.067012938589741763 0.33215311667429059 -0.17122569248096972 0.49249903423965324 -0.10673989603615471 -0.24191258057076451 0.081116209847752876 -0.26678667459916905 -0.48102214703868323 -0.2921355965144784 -0.31813907434238675 0.21840783421978058 
0.33485147074687338 -0.15294296106488586 -0.32502309815008829 -0.46584951575168421 0.38461593555882356 0.012058056560560517 -0.019506304946499371 0.31051450556907284 -0.45062276426933101 0.083717217456507051 0.0058993152593938038 0.29470042200512531 
0.15237526678047186 0.39854198029123028 -0.3075456972243652 -0.1519173056015308 -0.30160152008382696 0.018008528752836192 -0.19945443750381411 -0.16569388981631208 0.43759216519388727 0.11793416821446207 0.57995318007323882 -0.0041785716412292015 
0.17657964780832508 -0.14989036348873847 0.048473255060219475 -0.041322444310632762 0.0093372651441056848 -0.72295875637734563 0.28166539770815252 0.035935346790128719 0.3776185856143135 0.40406605598897943 0.18162190985370213 0.007766643570122478 
-0.30094385440723131 0.050090984316386596 0.25340770740909185 0.086942721895913275 -0.20500101738732376 0.66023367419700796 0.44494805936304294 -0.13275975163581666 0.22532884586643129 0.1198632613226073 -0.21564164423360216 0.17311767367519512 
-0.47866741855370815 0.29175657832435337 -0.39490336278376775 -0.069177401512951514 -0.20663023527477614 -0.59397716613819007 -0.15327539972205778 0.038356601062440758 0.1932637297231995 0.17567071381580004 -0.13307568695464503 -0.1364980226808182 
-0.17414574062810048 -0.084586550786086651 0.046564885089703099 0.082927999905288111 -0.36389280607792557 0.0090826812994972764 0.16583996851844665 0.10676562638983184 0.87067090790645607 0.042364348674918062 0.03531883495741818 -0.14477839337406334 
-0.3323874928459799 0.56559306015971433 -0.037687187870954847 0.080503860720683884 0.1231175577280855 -0.075301136722696962 -0.1559821147220456 0.26114151266356456 -0.57296976257007481 0.17003527254768738 -0.038152400377529025 -0.29951026164657718 
0.088108627681413559 -0.29588705238658891 -0.056896390409239529 0.62004136964366596 -0.370685130434315 -0.036115321787096852 -0.052908490480728744 -0.12710993008403448 0.19394846486265208 -0.44469327538577497 -0.24019525501394764 -0.25742828289826442 
0.013530350821684092 0.10386040830322622 0.22359873660481791 -0.41323089200980312 -0.048915081167304392 -0.011421781320785024 0.44389689887564326 -0.59712247651816086 0.41839754552842917 0.011715833016646072 0.16046302003055873 0.10587153242343836 
-0.1702500417040568 0.23852138725919944 -0.39911121259100979 0.2862104568388732 -0.077523387760922116 0.12111544779945736 -0.64709891277553866 -0.32098643881677064 0.017333856577127969 -0.082410577433681631 -0.27447483599710248 -0.21917974332121909 
-0.15427869730088975 -0.54523690224131827 -0.17872998420910424 0.094229890193733137 0.29466514268809402 0.27596654592422321 0.43450398586845346 -0.015107280343574678 -0.057479586340061395 0.52611758219146809 -0.027586654066889999 -0.072245854365501919 
-0.3143408694817818 0.23895376588100856 0.34415608761173849 0.2782261644514652 0.19613052449002374 -0.65559355309949485 -0.072231110537536045 0.011183296878084904 -0.14124646115929654 -0.030709580964114244 0.14392223732206921 0.36471627850895544 
0.15648137162664658 -0.085492047686388281 0.32565510465281761 0.41585481753572962 0.25539928975131221 0.16302961595918231 -0.28036324403031304 -0.54032477071749874 -0.24474099992670803 -0.15569612930592572 0.11515204720983303 -0.3598012209820019 
0.14934576446946579 -0.080859601796029038 -0.13953878726379651 0.13113304233734302 0.16203287401122141 0.37995522442994545 -0.12230648545116711 -0.23728979445988452 0.094941497347179465 -0.18997897310716924 -0.68422440895529579 0.4234804975048318 
0.086325808015216998 0.075236429660235846 -0.15689510323536937 0.03352625350445395 0.41311828470163658 0.46099836952497458 -0.35296101537505681 0.091416273205600182 -0.25188088690260002 0.52979870549772157 -0.30982561002258208 -0.070000471630922434 
0.058602965393140652 -0.01049660517880243 -0.026394840798675691 -0.070472297450482432 0.16848087797361302 -0.22048010614694194 0.70892051698698955 0.042009763543124669 -0.11062290474568906 -0.019581628044823118 0.10520145202345094 0.62110696791425202 
-0.089914152799781988 0.5298453855936559 -0.01987084344317238 0.25998098992250296 0.42614724796598835 -0.28762124539619993 -0.086785532225818307 -0.33235013806769309 0.32891836412877379 -0.062557290880379923 0.19463626089903377 -0.33300835929658296 
0.020790221094502639 0.097370689858896825 -0.068630539399426607 -0.18942758985309546 0.062105190360073871 -0.25032871406575596 -0.49919035944216689 -0.35552168952978302 -0.21710701214529121 0.47489115922586733 0.32476686339028082 -0.3595204624161793 
0.45476020910891823 0.22256497888018867 -0.081825250616514453 0.02849392281502286 -0.38584182347944451 0.35883180924307506 0.023344121493282244 -0.56515622085032124 0.056822141481447035 -0.36651544930219465 -0.020393036110272576 -0.024327326305958682 
-0.2064702861186884 -0.21839962465232016 0.61762275229731789 -0.29710755262799149 -0.28445749352258182 0.20616854215230784 -0.32055352024537132 -0.29778740149658306 0.16742889359324686 -0.086681911407299847 -0.29921224238592736 0.0036441079899953597 
-0.51981003760125055 0.098135125202183759 0.058363443961082867 -0.26146819275094185 -0.14699381324530136 0.017050661367844964 0.034552415626823325 0.021417185792610777 -0.20537650248916789 0.58198964805175013 -0.38876044475041421 0.30466128983524243 
0.19209845597330091 0.14556141721274096 0.13755522788552255 -0.37141819326483627 -0.52188659902466539 -0.19852596113158169 -0.042236478882547696 -0.17805312625173431 0.23580687715744164 0.47136737542202706 -0.28203204849479968 -0.2871201217584875 
-0.11963754900167832 -0.20372862919153381 -0.15217284339156151 -0.29593751533066404 0.11052682652458619 0.42431220182847973 -0.11767530081743564 -0.73729612604066752 -0.1777132078169659 0.20854757335879728 -0.08635729413791185 0.034701304503009345 
0.057903040423180042 -0.17736378631647123 -0.39716660315303487 -0.23908288721469656 0.24957400732603052 0.21082380573734241 -0.25439948014111707 -0.34284238115282639 0.55971516348036032 -0.37431527125418163 0.023832347089994228 -0.085630393514711384 
-0.50097778674456683 -0.02974999225873368 -0.45163061045310149 0.21793438665454509 -0.032591832390741315 -0.020643008805442384 0.57023946253540292 0.072480484825738767 -0.32151897160383675 -0.20850202422295286 0.071688783771288053 -0.11299972732336692 
0.16083907916474424 -0.46843948645001976 -0.016685236864612599 -0.41370075911470916 0.27506397392241755 0.17045951026523323 -0.0627062767437392 0.45142683230464598 0.44202608031878804 0.17269198079375461 0.20067406750613528 -0.073170821965590452 
0.14337075281648806 0.39859075297774765 -0.53116952852874155 0.27383202942626422 0.30392445506192522 -0.3255488487237615 0.10708577032212671 0.25593836896965144 -0.07201798986077991 0.3134241059720666 0.19276242182104855 0.21804274800973711 
0.24764856511514541 0.28024342307120742 -0.5271912047771069 -0.02583441687054007 -0.35576325837376321 0.17664683289878472 -0.20556744155105436 -0.21090522067127948 -0.43581281318054871 0.28636095810808926 0.054347705765945054 0.24927126636513788 
-0.12534222033057593 0.059735382566548464 0.69390553025151291 0.39267201097500637 -0.20847807040322422 -0.29043467830098585 0.17022095543644999 -0.14664649514300065 0.15413549847536984 0.12677865408476913 -0.11797209245530578 -0.33612653678204046 
-0.69551626138049205 0.30170654754870391 0.014869588695359747 0.18808248950077991 -0.13424679910231141 0.18712452237669644 -0.18321617575877797 0.086822605280188828 -0.20068222178025638 -0.36405522415783026 -0.11932973141660613 0.32930365140748608 
0.29116770436395845 0.22701592329483283 -0.057943722514087553 0.22202724909070012 -0.11177067595825263 -0.5039048545144873 0.17456134620496297 0.41650167415841022 -0.02851027536572992 0.074555171426440484 -0.52540752942691415 -0.24134847886202929 
0.142663078576729 -0.012639223136476344 0.15233132244854763 -0.056551535870587248 -0.1165562540087248 0.08147780474953957 -0.5874198043080151 0.13406459726243281 0.36929812530205097 -0.026464011835284379 0.11238162290313634 -0.64816215089524098 
0.19775591875771667 0.0073048090492008316 -0.23473510112541565 -0.16111447197391293 0.30075316605844638 -0.70622023194680639 -0.35659599491929816 0.13310392531374285 -0.04977135436331747 -0.30919935580047858 0.20226602116948175 -0.08192058036501082 
0.21755471848359753 -0.038413013276389428 0.022545221974816846 -0.70412531413269575 0.21032256471234329 -0.091618820064088627 0.24483529911082808 0.059515902686358486 0.03628146743020124 -0.57296582829891918 0.011772002972067699 -0.095041142294720563 
0.029172150598889893 0.33276122850473255 -0.11810982151307724 -0.60223135076277301 -0.14538315791766601 0.2113734107241598 -0.253763351022599 -0.066293882769966408 -0.24848407551828924 -0.081469791747022902 -0.55229532893262412 -0.061391603314786845 
-0.18004835922924686 -0.2958426807543339 -0.036318155426924258 -0.76019062232251655 -0.22024109344029846 -0.3019649094387617 -0.22293108591688368 -0.11633441100681495 0.081316631117416341 0.096988620408902562 0.21010934778956403 0.19433185756342336 
0.60712033909308605 0.24605706057736829 0.14444479449604353 0.49761543627709942 -0.3125904933143695 -0.10107140325908409 -0.24082386328352876 0.018599194019813962 0.2663727044253596 0.24756930766656302 0.040868125953256194 -0.04679641042521468 
0.2791813727895826 0.016444851721239172 -0.54503547682567355 -0.0064155757243957966 -0.25640323150355998 0.40090695507802454 0.0085142243482794183 0.13183445120440673 0.3188893582376679 0.1448090272118466 -0.38634576766234507 -0.32990536473786675 
0.29300764449750155 0.16534932727884535 0.29851286567423152 -0.047278057291815327 0.14364625682278509 0.02118990575802775 0.099448145591533393 -0.1587642299036249 0.50832249015741082 -0.30385966587085284 -0.51853769633023883 -0.34594494928812469 
0.29992062401080255 -0.13661461833605656 -0.39100331307913594 -0.072424975882528816 -0.65790278153821535 -0.37519475736347818 -0.19223423529262115 0.16047596295742714 -0.041500760364603886 -0.087131029824532816 0.15439095840596903 -0.25256818496867106 
-0.20487528267508834 0.00083709459350659037 0.13296306497739768 -0.0019686103897504346 -0.5362085533378842 -0.13563669429035272 -0.15655858252284585 -0.38952500495669712 -0.54327950984512585 -0.054094335569000222 -0.13641636168659307 -0.3761607027502688 
0.67105824054209207 0.48034629382030158 -0.21814954544104487 -0.20646901642523999 0.15615226428695714 -0.02473269265740962 -0.080399158432232318 -0.0010510687782598548 -0.10803744009406757 0.058186805407019905 0.038014599001608591 -0.42516623716011076 
-0.35115613187019862 -0.12002892465639826 -0.21952458578241538 0.51432491937281177 -0.11296189925291611 -0.15060754265347054 0.22811956922103876 0.25259253080666211 0.24811482415186734 0.10159254071625627 -0.45617680146366085 0.34394393480687463 
0.3826789908954854 0.2365902476188195 0.36543431246074065 -0.15253759549075571 0.23333867668806188 -0.2856531579732739 -0.13503326643461286 -0.010510934646775575 0.51727689458351067 -0.18156449659296392 0.21554760782516122 0.37333756718975741 
0.28395300526437706 0.0082437775631003032 0.21844396188841966 -0.15896001691095546 -0.56602827828786439 0.22414868850628658 0.19789608571058787 0.35241777639422744 -0.082680370251771051 -0.37642104639141061 -0.32082341954789789 -0.2467151574394264 
0.18304640230265909 -0.16503663096258597 0.025591413259719489 0.25313163930669175 -0.00093730610413894232 0.17113626787533706 0.11866810491346784 0.25719317436436517 -0.33174006572209208 0.20725551727742619 -0.084609454974791026 -0.77771611047160516 
-0.067739026338766009 -0.041526742423840086 0.18421708168246129 -0.026153194167927513 -0.56493698811339121 -0.17401796043974754 0.42085984494180068 -0.14505649195997339 -0.14571799246182154 -0.45653950746300509 0.41262173200487889 0.10746085921287621 
0.16591747203081744 -0.42597240080749743 -0.0049000535410636727 0.18246618049025665 -0.14210399800343668 -0.33118054870898916 0.12598738341645058 0.64054531622307276 0.10979062543172202 -0.29512506884121337 0.1968071139941277 0.25252709926003231 
0.19118370394613762 0.028786802318750318 -0.2261628799033305 0.07885940966023193 0.36291864888118647 -0.26039405555541001 -0.41974177599740103 0.095503652691058954 0.54256785658023521 0.30521665832228678 -0.36454712152083441 0.00092153666304233288 
-0.032547893686273074 -0.3360088895872847 0.57196759890038562 0.40595321309435273 -0.10791435569507099 0.071581144609278641 -0.0077500622149703578 0.035247926047504353 -0.31203273536291787 -0.3772874793660983 -0.12122972100714455 0.34873335352071455 
-0.45592899215961685 -0.14672487993077848 0.06282903465951048 -0.25595535715095924 0.35180927396707323 -0.19471607844314329 -0.52791857027770728 -0.20594818511424731 -0.37684625797092142 -0.15316355708130397 -0.22958994474897257 -0.012626279077666926 
0.12315666993557174 -0.31409644461893305 0.078309205051504557 0.45176665016769324 0.39296532882606933 -0.097298270478579793 0.26157576533123544 -0.37282257630159399 0.51221440834726906 -0.0028625685565707979 -0.085755881279545518 0.18686170616525469 
0.30094042788707137 0.55109088005426665 0.069702606231535444 0.026350907287004378 -0.30414885274911524 -0.19763370954199996 -0.14390608229927948 0.41602288189632508 -0.26935811120984232 -0.23445451814839255 0.25149154152514813 0.28993199544105847 
0.058433415279329375 -0.11584939769568886 0.085377269279874476 -0.003661786137968089 -0.33044926061454111 0.50285514562939782 -0.22033351390630518 0.21261564713888015 0.38448127630707152 -0.42001084302886638 0.093693577318692156 0.43247663247437873 
0.092500937469045627 0.032496308190754344 -0.60431993093784475 -0.08768605476073503 -0.13011013462653362 0.1923528942594234 -0.1223335397760008 0.18613683307596182 -0.23411719670916697 -0.663670174680838 -0.10359651871625537 0.089186565708791396 
-0.39542030705702663 -0.51534900110554194 -0.06498424499980017 -0.35087726526849194 0.093613102354901112 0.32125849897693132 0.19683786920264953 0.067108981516829841 -0.18416888827344069 -0.28659392825223173 -0.16042488578754963 0.3920596626754691 
-0.12804843043183101 0.38834005257945092 0.088766995328343187 -0.24989942409527455 -0.32998404567883327 -0.20780135669338279 -0.36619397515605506 -0.13220582369553582 0.26777810701706295 -0.62110240943864814 -0.0074732693091158773 -0.035914517060241125 
-0.012048821755547114 -0.40394100782650572 0.0093855707448376041 -0.13045626035614247 0.011067630495257446 -0.19115372382340429 0.15071256603346692 0.17305593451726159 -0.31200123823966402 0.25192580571860024 0.73906220268078016 -0.15241511406782779 
0.16658953958763589 0.21674141085727094 0.3816093838187673 0.047973073215250406 -0.45487508241776964 -0.19403663736367727 0.19826824823998868 -0.082945745983225516 0.1171313661839964 0.022924613171011042 -0.44425489403753232 0.52438954085394551 
-0.062275985813952071 0.73054355605683596 0.16757549661686727 -0.080727768492364183 -0.072411152881051488 0.21216662723045054 -0.17980345129676636 0.18221741042464598 0.43462109508455898 0.24630236707553113 -0.23719345538106781 0.078852320799483053 
-0.25495158402752216 -0.11746605921944187 -0.16114153398736597 0.27030813066466075 0.36828673030855591 0.092626464525845359 -0.03310753864793077 -0.18797457838339937 -0.58944785590290327 0.14345939681216288 0.20993344384065965 0.47897973043061332 
0.36799007533867245 0.31766732406184939 -0.12993147910950018 -0.099117513077311412 0.26999860786456753 0.41438028071240457 0.43094769429932411 0.18918653095905413 0.48134321683135156 -0.096061794453171923 0.15478070173751574 0.077268069922921234 
0.031631092667537157 0.19134336475791089 -0.31092419808633931 -0.33694701677876299 -0.074347479044018214 -0.057902644140415759 0.33567534181683756 0.69415414706610745 -0.076969103448134638 -0.010607914894038147 0.21077306724392522 -0.31354394622929399 
0.15813969129966257 0.37463176270412701 0.69858150613946923 0.060113512339801632 -0.086166823599772957 0.40378191534441049 0.018613828451718457 0.01511550498007886 0.046517160298891316 -0.26461157342988806 0.29673900104388096 -0.10833489667779095 
0.19298826983734485 0.091611632629534409 0.071706583091085338 -0.073035850722078341 0.75562771172534626 -0.056359639108586518 0.3237686246151813 -0.36343605603000939 -0.27726767586036277 0.11570119677083267 -0.19665030046954701 -0.062367928306799658 
0.08898572595066781 0.10225715972234894 0.16356595971160284 0.23597348269359367 0.2914749064262997 0.15958408821502443 -0.19782367648189442 0.50552579777957041 0.037558297733680523 0.12867897170209577 -0.10366083276634735 0.68217152749856902 
0.3308011194495718 -0.09903577474786418 -0.41169678091872913 0.38057729896218406 -0.044933356154773313 -0.16883665819764082 -0.36581744737295352 -0.12042144296961155 0.18083228844759286 -0.21562002326747251 0.13332617448125486 0.53908485661342231 
0.2586752843591098 -0.069167094619085545 -0.018226684616823908 -0.044824212043762225 -0.16179713947129654 -0.5245395285082658 -0.39509578546800178 0.14315857607614835 -0.26550376768008138 0.45689869967796048 -0.15281911858825947 0.38137139894452649 
-0.31589901138637544 0.062085631215564763 0.20059144307866508 -0.011365799683151778 0.0098707617892706406 0.58257969346449912 -0.13894606746942798 0.67173213294989664 0.017854602000069789 0.021044848569937168 -0.04955439645429132 -0.2067442154278285 
-0.23498053370911098 0.30903364461546357 -0.4496931975114668 -0.32371777040299371 0.055202764946396574 -0.2042531948848316 0.011199148594457833 -0.50942104390361698 -0.28553972384241239 -0.27087996380611473 0.2806920300392462 -0.064547271979971621 
-0.21789085043514755 0.28952106796006311 0.33430537942932964 0.34472762201742829 -0.23868156851319647 0.28273989011078904 -0.36073969973683506 -0.35148998980512219 -0.12665038837874104 0.41181915517536616 0.1370941652628612 0.20756849545286762 
-0.021135652356391303 -0.31022574064580327 0.37194945824817249 0.20464004435192365 -0.36896416096739809 -0.26979488135960061 -0.37834914144864723 -0.13742265564492875 0.27231073320958804 -0.053764846713281286 0.50361771779633924 0.14648494035045626 
-0.34781935757862997 -0.014857539416656051 0.2771226505243371 0.11117749294482299 0.10919496357723832 0.085123181972759351 0.20245653744159933 0.033025174267075567 -0.32225076159972604 -0.12678781873766348 -0.74775938664725561 -0.22210343789772666 
0.073755956501405262 -0.21867673208235031 -0.19737021005835451 0.50570927417577871 0.24727934971389104 -0.12644926719197011 -0.43088857750701481 0.386133874138961 -0.40485450609893808 -0.15749016088436518 -0.22451362072678438 -0.032033719620634525 
0.19480162828252376 -0.0061748023950157077 0.10226047248009212 0.082833177243369291 -0.098733781264081721 -0.55857600378160543 -0.3038266555572306 -0.66769517111852184 0.16248096833695366 -0.049026497440685775 -0.23575941674805129 0.020651951868142216 
-0.35335352832008093 0.029039679239573537 -0.23599915219183601 -0.18251918600170738 0.28500173057816625 -0.24296851587429491 0.27460550371902614 0.12279399274667305 0.42730865442338956 -0.22539164109603058 0.55852572310975057 0.095905334037813053 
0.49316301108796184 -0.10822941707128776 0.55777436645810408 -0.28408551002808147 -0.18959903329076583 -0.39010369181801602 -0.11596158218295217 0.018391190541009666 -0.27393042355963476 -0.091292679209674099 0.15185144978226731 -0.21193092184215032 
0.18043021279600205 0.54974581810221812 -0.13061366664046251 0.11083254350582217 0.35745018239624299 0.42170408150048683 -0.34613342660061536 -0.14563980281485145 -0.13282707299410845 -0.23631704788394667 0.22967442077558686 0.25103248147082602 
-0.60189555166920994 -0.28698134629242905 0.1263872478989827 -0.0013594524076661553 -0.053620148418572176 -0.42446093234929022 0.1935933346890493 -0.29518101943078046 0.23189823258776146 -0.37684020134598589 -0.1890073911860092 0.015044227877941078 
-0.36146841888013603 0.017056752577128822 -0.60432813669875307 0.1136859858823332 0.21484567534442378 0.51659271965083509 -0.0006188862507450285 0.16701801757326373 0.23382883558296202 0.06573774266960436 0.063304011450868655 0.29493350555692988 
0.78113055551527544 0.04186842935077912 0.11044490871941796 0.20768644610660206 0.18248255621683596 0.0066669227862917024 0.2243620414225215 0.12709907800982231 -0.12589985835382023 -0.36139363307472272 -0.17445583954387703 0.23669082649978104 
0.1785344977561262 -0.29620177739036668 -0.56578398414866304 -0.3662206492137739 -0.22238081062516721 0.23010108614930147 0.42357230451185279 -0.1229157314606967 0.038719122171405204 -0.033479703364651101 0.34709578640898431 0.078382425828038282 
-0.10786549166561123 -0.34650541588472356 -0.59361506828015187 -0.12860613397320636 0.23197210916068631 -0.40646148828538287 0.094030984861158795 -0.30599736807309846 -0.0082663736256330424 0.1482731516151633 -0.22071238956856642 0.32728460074433663 
-0.11734142642501277 -0.018471354284617256 -0.27846759832753082 -0.15541494704668285 0.64697839124086398 0.19398750919798285 -0.16836206597615763 0.11979163079554327 -0.16474409539656826 -0.12316487194493775 0.34391159248543168 -0.4740236186210845 
-0.17663174244071506 -0.17658606892316683 -0.15077646694165706 0.39935812348023197 -0.19333342026346226 0.70078212227710357 -0.06823618334756712 -0.080412825628104603 -0.42882804731178864 -0.12125303237256876 -0.10342724285290333 -0.080680567234693759 
-0.16414752136471902 0.12539981189377292 0.34368483807717065 -0.42614402018246 0.59613403892846883 0.46314710344161242 -0.065272179094816432 -0.055318800128930777 0.20043205945175194 -0.07281069190628621 -0.14407653399442744 0.1190729640960546 
-0.21270716648867899 0.44515385374071936 -0.320390410050793 -0.13766527546491866 0.52724869933587315 -0.19911751419702806 0.013146773079073989 0.12423531456421968 0.026682176736735851 -0.30222100188706569 -0.43885872688316524 0.13076422968692478 
-0.28456860792692729 -0.065957660882933131 0.25584490027170786 0.081344444214345224 0.0033175369555225381 -0.17117928403049082 -0.11284980129750186 0.30829969999042028 -0.23262140639735635 -0.6196122568387904 0.072956023037500234 -0.51200095499666687 
0.28920347301348159 0.18985710549577037 0.33505255243206117 0.25869017406252764 0.44690201109984218 -0.21105064733656856 -0.014253196461693438 0.55358392916056287 0.049959653731246924 0.033087298112610693 0.29159213860920269 -0.24818540759974264 
-0.41108441231091403 -0.13056885032555871 -0.23632894337579249 0.29664771776435273 -0.17539951484926294 -0.10138201142043955 0.19635324438494892 -0.57761431698986487 0.18336425838858839 0.2914408027274043 0.37181356375535152 -0.0082720363462926907 
0.12277345950334949 -0.3258570660190967 0.10909316151967727 0.36003300857024123 0.22636484942208482 -0.54032100898138036 0.42656784729530939 -0.050769115407878034 -0.30832878785674395 -0.23704391280408557 0.064993696907135301 -0.23240623299339069 
-0.065700430733574788 0.33491088954802289 -0.17104866956623685 0.11898573126967908 0.07241893020153678 0.48818880332062958 0.3205500940840646 -0.067280851710083925 -0.22028719977765523 0.38052312505434283 0.52810445772186931 -0.13050822020624231 
0.33601000274809434 -0.35575427632303469 0.25304293940271588 0.01208915947547737 0.20462015795733177 0.53519788769956234 0.18280381719589808 -0.23904700986841049 -0.044796952227883137 0.0022959122572246992 0.37893256492076871 0.36316727898352968 
-0.39082329874876365 -0.2854319114768224 0.49950001902032132 -0.09522049341195632 0.12435569708910993 -0.012889612495342548 0.15509614509255873 0.092796200077446211 0.371298965364802 0.286224866433747 0.17486048340960589 0.45668188787655084 
0.47047123833902837 -0.098692295124145332 -0.2975204026179844 0.23053945218269123 -0.053867875351018987 0.43469848140334993 -0.18518952081642004 0.48751348068806866 -0.12415853143878125 0.07263422925149654 0.37723351240257741 0.020604623816145563 
-0.12765713813492352 0.16390990696440516 -0.22791736014303762 0.5513237625122509 -0.15972435581343072 -0.15690423991040139 -0.25364583588560191 -0.0295751321380055 -0.3034505166437243 -0.14535255243036715 0.58400496276898639 -0.17697428452674016 
0.50120677357183074 -0.55368178109630994 0.065804254597726181 -0.22777019894675651 -0.30626010310140372 -0.12522264934558505 0.069284169152325242 -0.16457826844859877 0.40494137983257927 -0.19073671971330911 -0.14859184254106261 0.1490603023524194 
0.3639101508669037 -0.0083422497128993727 0.28965632914576156 -0.23514697107941521 -0.46328312434168462 0.11522686793074755 0.28434562171676847 0.32637168648181281 0.19716490777031948 0.30087875407543496 0.36694737009976236 0.22129873314399257 
0.1192409159986357 0.09006282840636505 -0.24117528557622098 -0.21687000549070215 -0.088183247837053433 -0.32999043989311372 0.46263553023917142 -0.10093498671954282 -0.5186917251198927 0.47475678711507818 -0.03580060739390932 -0.18938293514409529 
-0.019562275617804121 -0.49479978477317971 0.1962246378747714 -0.091023033357071917 -0.058863970591137085 0.32075969173036251 0.42850994095363865 -0.35908227977934087 -0.034868053835039603 -0.32872068779000668 -0.080163462100685659 -0.41640045246707252 
0.27634449943247369 -0.052514197083888034 -0.64202085066943404 0.42066053835065337 0.28906825183628759 0.19321651079289912 0.15095179807757186 -0.36904787722319049 -0.10947885677221206 -0.054712076660176481 0.084086911425416327 -0.17263956714535122 
-0.24716105117926473 -0.59865540393419692 -0.1203731652674264 0.10840980449910223 -0.05765848792243429 0.1598454861463682 -0.53831619827141686 -0.019390372112756283 0.11242501306730596 0.2915942310246592 -0.14673545814676944 0.34065740438421416 
-0.26656734027166379 0.44965242809803907 -0.029867305556132175 -0.5553609766084836 -0.17808774069318176 0.3191830138935412 0.21516337875391103 0.076502581030701747 -0.049872317709274916 -0.13724054981813111 0.2627820986686622 0.3759242803438051 
-0.17672256676094966 0.22908284735577555 -0.28322741248611694 -0.30122934991722078 0.048763244498492044 0.043439175565061952 -0.72806595848320865 0.39601613202427588 -0.0044884229650132036 0.078153701318283392 0.16906400926213075 0.13945922736799937 
-0.5268515483396401 -0.18977864641732042 -0.14039662619406845 -0.16538481066247904 -0.29903827734153959 0.34146853282176282 -0.21924594563193417 -0.04839214287733351 0.10303693931107281 -0.27428670764753427 0.50072317191758808 -0.21526594015431305 
-0.16217228941285555 -0.54305280690596414 -0.4342485975421066 0.2932483723455161 0.11122633214399699 -0.28761158252076363 -0.13932395607633918 0.10578231200010463 0.2982170810116419 0.034464874446859382 0.18636425372648383 -0.39202254199425907 
-0.12362504880840749 0.030696782404825703 0.030987911059226252 0.18040739978795792 0.40006470814801343 0.12443594237930959 0.26251040193869463 -0.31884313896014066 -0.036269600359873519 -0.74202010227586668 0.1248435369702095 0.19147719619501979 
0.04380125785181576 -0.64244700657204312 -0.20269644987247384 -0.0019798312934528523 -0.084962647873916636 -0.1151717369769132 -0.24362781796311819 -0.34502864831841373 -0.34770211912047988 -0.39382038976049971 0.25868319990559729 0.049626602856262234 
0.078042232996255512 0.39006428929997944 -0.23615877921613143 0.037856229165482244 -0.027796834081585935 0.36675707400832736 0.41095692706124837 0.39300586221193001 -0.32525611397430876 0.072675915516079867 -0.39490337924005836 0.24271499898587914 
-0.068549119316108936 -0.4091559029821773 0.36240696300519781 -0.2547710703007196 0.4704644481427438 -0.2831505250717023 -0.094468560232881818 -0.33697700796756408 0.21912715517346348 -0.07539264068508135 0.28875303008112752 -0.26566418243376383 
-0.65881521795150189 -0.10122676126477073 0.0021668409340436338 -0.027713606115830982 0.18457388476644759 0.211793588995042 -0.14216535686532289 -0.15882970178867645 0.33862444902499922 0.27970838302936968 -0.2219280405495527 -0.43408023901017145 
0.64833587899514022 -0.51363768418868794 -0.038949067599762827 0.13560860606785013 0.31802881106519965 -0.15471786520744091 -0.16941360294070151 -0.08944985774425071 -0.10077679719462539 0.32815940123762127 0.051031428316461215 -0.11704376505887305 
0.22441827181306107 0.16247170231693014 -0.40627487396625672 -0.38539212750694885 -0.20317400871951052 -0.16646328404775129 0.012629105963946405 0.37147403943073792 0.35269669249638302 0.00071201656709181989 -0.20240038593812967 0.48697995946969735 
-0.26427285794445077 -0.31883806818995403 -0.1469487436519607 -0.29755412441465762 -0.1153516676854313 -0.088511016754404676 -0.31098332264096068 0.40163934592173967 0.31222627450395851 -0.30427939315660057 -0.47643901819921641 -0.14879321381951624 
0.084371662659083857 0.33743313376826772 0.13229316923830789 0.73472851057156818 0.27842043050141529 0.34381747950131852 0.088324326653944185 0.073473925972923612 0.071856540630693772 0.047709379392534668 -0.29492972834945219 -0.1354316953890197 
0.21433155863521053 0.075025485076399515 0.19351390443815411 -0.36283653739354499 0.023132205586010264 -0.07678802802308525 -0.12893581315042107 -0.40840688309798268 -0.37130841803590947 -0.29860431309470414 -0.052106303147098978 0.59977787996486831 
-0.0014451252943799555 -0.19040159112228766 0.20847601735369289 -0.28132728869723567 -0.45561782577458065 0.30837226961214104 -0.28945039733180755 0.2484267433526807 -0.54382686081220799 0.097015654941293675 0.087651064154079847 0.28304948769435895 
-0.3674094432668597 -0.051031552459713893 -0.28406298394602392 0.059969016263268282 -0.41605266089960524 -0.16813503373563812 -0.0093414500393074092 0.24039676168833882 -0.059717499920956436 0.20062491358080153 0.41721473208519116 0.54862216465154834 
-0.059200871048942491 0.34969889344697602 -0.34984328104310874 0.38171426361688077 -0.034750810084210999 -0.035721641859427805 -0.17915928697206762 0.51773613668850882 0.40015248892062794 -0.3325818594408928 0.053496887313119676 -0.17286643410034883 
-0.25441146759698247 0.48078935201459094 -0.14061355146403329 -0.072675053271166593 0.056687462077262239 0.47813140735534104 0.17341768957247619 -0.08373579872279531 0.044375009288952487 -0.39787770017701957 -0.10274488324610562 -0.4892052361122875 
0.061815990410091275 -0.32719296012754867 -0.23883387846142706 0.19041214378629348 0.44618683414650379 0.19522175174736986 0.34440899638374323 0.39158728385365371 0.1538361445728019 -0.35486133623115873 -0.31353087791925666 -0.1969239052167967 
-0.20833445552779217 -0.092777434332984007 -0.054805735344537219 0.51032800746657125 0.21882830537518544 -0.36348003589136268 -0.10031335436039608 -0.23334225495843366 -0.21934214725707055 0.5129400081870038 -0.29809994355234765 -0.19988449625183383 
-0.39332117607251826 0.30508607558315953 0.42492536123699803 -0.27245033909990074 -0.23747806076234704 -0.26150612071016838 -0.11319769152900665 0.34135868878564446 0.12760419400833581 0.11981538786200681 0.42085022927038945 -0.18856289077360158 
0.23553295844988034 -0.010130902600301993 -0.18042242199590436 0.13294670722270277 -0.062119276594366828 0.14510018298677643 0.1597056450619912 -0.20183215372337052 0.28751525542014911 0.66025596629697147 -0.047265973001851196 0.53122735120997433 
0.33123027566131702 -0.39349807056742669 0.2006494588120821 -0.19337167103404038 0.22283006451786957 0.42422398896642649 -0.38348400662079213 0.14874790993284326 -0.226440538167857 -0.36395739162756169 -0.20913715846299155 -0.17750819321358313 
-0.21556139597465981 0.47865303288416627 -0.13152923226407626 0.21315365281783114 -0.71635194433469274 0.12639826611292085 0.21868356858861837 0.12251366267910282 -0.021840215127873666 0.13655828343218293 0.054278655372059857 -0.21828897655346341 
-0.19712294528497373 0.078961977130397085 0.23928216413728026 0.29139233635166478 -0.54148104921158413 -0.14957806864897669 -0.52571923941610521 0.37032124921476006 0.014421839707543817 0.030357070062859259 -0.28684805638071803 0.015390992499583915 
-0.08724941941488043 0.45896959230518042 0.049166632817527776 0.5158633898971684 -0.138709595057394 0.052528620848117803 0.26761275797939915 -0.090199502868356929 0.3293147524322354 -0.1309371272779499 0.30337674013243099 0.44024961906769838 
0.30445054873373278 -0.51267872166029949 -0.30483824346788718 0.15835412185985415 -0.33126150536529636 0.013468732434661249 0.23119784815918967 0.10999242830322806 -0.40370015354917727 0.051716206816497794 -0.39290584573063503 0.17600640483151989 
0.11345716541609485 0.40329530450729689 0.39459446864457115 -0.31875308511547235 0.29697959837091564 -0.04355131117826036 -0.010303554090678787 0.068434215701516088 -0.25579140243877341 0.50891851622326989 0.26132557018226338 0.28208277156809353 
0.068450531734678577 0.04064664394126153 0.24109788754481168 0.54667421945841976 -0.19273121206611474 -0.086109292092969247 0.26818354162713759 0.33531427206474129 -0.45314204049916196 0.39520934161739696 0.14246838022095962 0.16105249507882988 
0.21518775242176905 -0.24787800462333356 -0.3478854080256813 -0.15329974651577993 0.12272085699133202 -0.25150625922274961 -0.054847884036746883 -0.26227302010158754 -0.17108344818568258 -0.2326871318729293 -0.48930447973118257 -0.52419719623424599 
-0.13010414422836633 -0.10846413823582304 0.31736016270961542 -0.22156221568044238 0.30006835691567357 0.03489236764068928 -0.26067979260936436 0.27999220349422982 -0.20269253126313508 -0.38844388689620279 0.54197752659987375 0.31333770090558821 
-0.53486632790946265 -0.23011887871856529 -0.12231342851357706 -0.034437006264455984 0.42801585893348731 -0.25547332661460043 -0.0029301349572262115 0.58183159694654951 -0.1260770880454716 0.18186207448001437 0.016316717364636538 0.092631313251271954 
0.45887791265692618 0.2204495000730099 0.061596941844907223 0.18339005707820077 0.041810759662887151 -0.28704403205686918 0.18391616809796602 -0.49136480699457796 -0.21039368122355759 0.12479487659169332 0.50433703177421896 0.17264105122628148 
0.53116100010680156 0.01903311558594583 0.10368162978116915 -0.38049207228627135 -0.046564785526959765 0.31537555223464009 -0.5337086545689923 -0.14335514317096459 0.18711166113741581 0.25936163834490933 -0.005268857569920138 0.22945369418973319 
0.21749693959574823 -0.44862051761630967 0.00073545760691222546 0.12822333158561128 -0.52891469294962112 0.36194065731768438 -0.12449372014540304 -0.26246925059024984 0.034052764967159734 0.35983216471378743 0.21472558650577903 -0.2512100874088945 
-0.15675919276865413 -0.33259059974157479 0.59637054019096147 0.11506029041801573 0.18043517149304636 0.010036282381966719 -0.41784143889215147 0.20607750114819293 -0.2623877217614623 0.36854770991206048 0.10271341724859624 -0.17598749132003716 
0.21270997516845222 0.18542637577674517 -0.43597904691114858 0.06305134087172147 -0.10390114907764625 -0.44052620194597508 0.41052220201253781 -0.18507109175254097 0.34832648564517615 -0.43799435202096182 -0.074224777543325182 -0.00020824270324044564 
-0.28952270109233619 -0.095244244304332482 0.32375762142369324 0.35757019209602386 0.35149888646187738 0.024472687637830164 -0.49265689092557308 0.060186815492082699 0.40751477069238395 -0.3565828794960692 -0.091872209866909124 0.047811232842158449 
