# n=12 N=169 max_inner=0.42315060816991035
0.082376827974115108 0.50291658836004971 -0.32042996316075073 0.39481457925744018 -0.17701707928662405 -0.051632312378687796 0.23690176633131246 0.3828359548981235 -0.21520248677657183 0.081739316592969166 0.35290645579560492 -0.25983052178539273 
-0.095491529350958004 0.1860562047606856 -0.07725661242286247 -0.0013422499839291248 0.27177572170446823 0.28303516973798931 -0.47325283963469522 0.43295147486944102 -0.58188829894042782 -0.076856519345268118 0.19200387110174399 0.059510395192404066 
-0.43061053554204848 0.24249470761828085 0.39808767624412961 -0.1847787774329199 0.22515377885530297 0.29921053666821168 0.067427942771671565 -0.003473694193529134 0.31872300267855386 -0.35708340721465948 0.011147746461204856 -0.43492176433326474 
0.65608739771700342 -0.11849328213803274 0.13037869056992826 0.55847812321637846 -0.20492170668563187 0.16571235452978683 -0.034056676518005036 0.28647830872210789 0.0030060715567781613 -0.079939271787122804 0.25517531848816161 -0.049145863254048183 
-0.32165589665444499 -0.056281578028290133 -0.086742240774656171 -0.39401220408003351 -0.31426295909736729 -0.45387644049532355 -0.14116242588830583 0.23970666660135639 -0.013744357103754519 0.35847700668651039 0.38780909969607757 0.26335967449120612 
0.28260545692108918 0.016916648198574292 -0.67378988097092385 0.2240348221153281 -0.16592167948132325 0.22422076154885212 0.11080268662274559 -0.2355493609162487 0.13600934711390827 -0.43247363652979509 -0.035413475852694762 -0.25161833006190443 
0.28647175109716322 -0.2179395893284404 0.017842187529511819 0.032886973208588327 -0.3582347171534902 0.02160777139404917 0.33649226624617257 0.26992956885870106 -0.60587677160531805 0.055266604200741767 -0.4269355435759406 -0.041633286422993181 
0.21586055410747287 -0.44326607695500653 -0.10170683605867338 0.27937646370112218 0.13493795183294841 -0.23618939944300532 -0.091405535021039305 -0.072555113574501062 0.58871352034957802 -0.17333217915147242 0.24149233772004464 -0.38205341915552776 
-0.26547072470420591 0.27553184683224741 0.10468630942521837 -0.23069915452572007 0.40708829288662152 -0.31992268600036511 -0.051492949207326645 0.047111152116484555 -0.13576462953242138 -0.37416572793595931 0.49623004251088626 0.334376289600742 
-0.27861160532888052 -0.091763457281113639 0.2008436704709842 0.072545589533801372 0.35082634501560894 -0.086652039159415301 -0.17077246597638143 0.073069263976445947 0.71816124344913723 0.15976677002620573 -0.40129004397198098 0.030809969905142443 
0.030933815886408686 -0.2337122508954384 0.15659561581201908 -0.21175122633530405 -0.041302671843999765 0.17004338021991272 0.29295812875626887 -0.50290720932793542 -0.02944532962009358 -0.35151391843841445 -0.50584186934712638 -0.3541116585720242 
-0.0032126393260641416 0.31287336538097288 0.10749647914457751 -0.012557011738642468 0.35735338271363998 0.088884671282252095 0.73122687314100576 0.28449722028639285 -0.19492696127708861 0.15595901340268084 -0.19186153682012996 -0.20005711166096696 
0.083150525425744734 0.17159243318088871 0.17875848874250672 0.00032343842034462212 -0.15749770056857823 0.71569735773725718 -0.090913825851871743 0.48231626911624653 -0.014012114058164465 -0.03633999487251767 -0.34512735873270844 0.18203009649867785 
0.24573386277389231 0.23446215795531156 -0.43508531340280959 -0.356036563345627 -0.20087276159476655 -0.10989971639393518 -0.41318597316472783 -0.19968339483229605 -0.038138924244754409 -0.050682077583931069 0.097728867066054714 0.54035451159454606 
0.076954593219480824 0.099403904386320421 0.12345368637692662 -0.57864450133662815 -0.011416468798326964 -0.16943085448141865 -0.37487888051644669 -0.16352951346079711 0.41485380928874943 -0.1666923069883339 0.4446231719502961 -0.20108103441715752 
0.0068961180447064353 0.13828984099410455 0.23264073509109487 0.44015385851195887 0.065592904725204945 0.1046512201477775 0.18465850821512106 0.17781151983507579 -0.5362269783088951 0.42609475790610396 0.08167212195922699 0.4198032561681414 
0.068748972596003904 0.64220270840928972 -0.30325200837945321 -0.0073038872009240493 0.24294684530759558 0.21524240577019754 -0.13370527154752515 0.039086620313586409 -0.20072723950585666 -0.085629077893235955 -0.41303464238815474 -0.38451973530283384 
0.29419601007206397 -0.0015627766471764495 -0.1770903276905107 -0.33179761549176617 -0.53140864872917803 0.2691120673625465 -0.075063821253694971 -0.47063389089754293 0.077795433676754122 0.33241191092624778 0.15135831708567207 -0.22492039066032285 
-0.069275134993630083 0.056550649568803804 -0.014380299427777183 0.44972291708183254 -0.13545112798796843 0.26557536848466345 0.40873606399549789 0.30593550833700894 0.61563437190761094 -0.23207868918870742 -0.077429254772120884 -0.03383795959581927 
0.20859887942665356 -0.2135491827472992 -0.36500896507284514 -0.041629953741233593 0.062178317593054998 -0.62168984991178045 -0.31871045517114882 0.37831663935489906 0.020697740483241408 -0.32309555187812239 0.16119677238489868 0.10025406912334871 
0.043010030290937119 -0.25482487389190811 0.26255593187899345 -0.17633579641386116 0.27339364797609589 -0.35096017612978048 0.43438577286921659 0.075285434486312433 -0.28850217437568698 -0.12394291592317119 -0.25319703844050923 0.52745082318335901 
-0.070066866816251655 -0.14568920323952686 -0.50884303024669708 0.27375630464221862 -0.12619573755053901 0.21926489115964429 0.092859123481461192 -0.026045775333551246 0.39433738579067446 0.37143980515736336 0.52270468718360408 -0.0028631945553886252 
0.5002850166400844 -0.43068425877196587 -0.14513863104673511 -0.26236609642182052 -0.28079342190963869 0.19462398001830314 -0.010701714702052357 0.19391724113399628 0.071467287105650756 -0.46384283542407689 -0.13123019447810552 0.2870606295924345 
-0.18685093592211896 0.065683561557984577 -0.28932466995748912 -0.014756521238618044 0.49495469498497996 -0.34197483238981929 0.27536702353785669 -0.31535510205609107 0.076391652427979392 -0.0217202003147525 -0.57677837306131075 -0.025736365453234482 
0.15654758031826274 -0.13200642015304342 0.14933736029006062 0.25809181811650933 -0.53242089589739061 -0.18353349653607018 -0.54279441542234386 -0.26002655394421231 0.18383110169515965 -0.21867403379074332 0.30354061004074956 0.1265261890692306 
0.31898651681761947 -0.2826693835953446 -0.081961882124372221 -0.15225668990028027 0.024011274708226189 -0.34802599828993458 -0.54692459042379915 -0.13279254623334202 0.24581978261272744 0.53701458075298802 -0.027214240875800346 0.020835709969058123 
-0.15151420325914941 -0.43727675776487374 0.31819630269586019 -0.088416912237073236 0.74724659441965291 0.028314766009279235 -0.1136691354903232 -0.10386221771366994 -0.14251394881018042 -0.19710215997273625 -0.11401156487957745 -0.1473794098081678 
-0.090469473466254197 0.19881213662764069 -0.11429554107918415 0.05245746607840996 -0.1778012420138976 -0.54237720589344574 0.37476702230079978 0.5712740318730809 0.18176564112311167 0.090678261801414833 -0.29036286377780363 0.13531891402782983 
-0.075443606740370803 -0.147103779506668 0.42300505399044308 0.25428070503346639 0.058001846877413596 -0.043702170118080204 0.018076910154287227 0.45486426081698861 -0.38033681804069414 0.086901292483078041 0.11028549087228662 -0.59346744135635665 
-0.062176552896105561 0.18839531400756801 -0.17671796876825843 0.23453137181695599 -0.061601019223443694 0.23374518973164451 -0.49629585298104983 -0.025745846832289043 0.08009381406316364 -0.097786404065508287 0.3763887641992994 -0.64137154113973038 
0.070505620702287067 -0.0061210163380150673 -0.0060933936840967574 0.21270099386713825 -0.69795441736967356 0.43407689799084975 0.38970704213396251 -0.14986163738957509 -0.063944576204603365 -0.1508976767625167 0.080864832943337336 0.25772329801429678 
0.59834957168608616 -0.20713496664955519 -0.0097825900726359414 -0.021728149750336635 0.28156848649463267 0.48358687121287086 -0.2107280534183846 -0.0520325932678255 -0.33691771840947587 -0.0512982899062919 -0.25324552671208922 -0.24078194681664586 
-0.041225152538482697 -0.22763212696851989 0.27319863341077177 0.10293264435479937 -0.64175079119294565 0.217434332411722 -0.26403309799213609 0.29451031966182872 -0.200329640520368 0.43844965514053064 0.11261131373999222 0.025070578807121904 
0.3778529742252027 0.0044632863324099064 0.009519621200178293 -0.055216707552416804 0.067408690826400205 -0.28618939510475938 0.10669761976072638 -0.055031299048891244 -0.098435408294786836 0.44351156974260242 -0.43593908857404651 -0.59730364347466502 
0.034801714220513841 -0.22429881908443663 0.3054545501302483 -0.48825368093195259 -0.15677556119164715 0.22241075240833932 -0.39436974802602148 0.20563241129583815 0.077261358311063746 0.10626759359523341 -0.28321456484294616 -0.49744831542859586 
0.27054991784716942 -0.24658015857514107 -0.45647979660496418 0.26129897606409341 -0.53533222755375975 -0.43338877165675377 0.11982472365805132 -0.087909202923581869 -0.050034593805665072 0.17849808516497986 -0.016479426879086729 0.24129027257633379 
-0.16084028068227069 0.0053804669386041445 0.24049533843636511 0.18230977838204951 0.56461157614915825 0.27918718371838497 0.42744534058287159 -0.11961024097802277 0.26989794239778586 0.095789500445293357 0.16215467167926004 0.42539873286323193 
0.5123191877050014 0.47548907657163231 -0.049147195254335627 -0.2442763382284856 -0.14199369857364894 0.39714624318201253 -0.096443536169587507 0.062080407239491216 -0.13565426426821661 -0.33712036725439959 0.35163370749893974 -0.051104251576462124 
-0.38425115784972519 -0.12652050006372334 -0.47493757624629834 -0.28395041401663568 0.37160830409991358 -0.084503321761920172 0.10211551944492543 -0.13237706393980625 0.013838413064110057 -0.32439291320581687 0.26875405840224542 -0.42345513888514069 
-0.57090990788247686 0.27983874804447961 -0.01987516568501561 -0.50231379027770473 -0.15382742778929218 -0.39983023790964944 -0.044039984631013787 -0.10241070792368075 0.033190110162492965 -0.24210423185347285 -0.28509064100678499 -0.078042936553252451 
0.07639827346378944 0.30092496942863117 0.57692517441574309 -0.34856251383965053 0.2829379209986882 -0.37344867808948717 0.20199359931819946 -0.41074646824222305 -0.036752095013752838 0.043351832271238622 -0.032325384347803313 -0.12634119553828854 
-0.031151651606801146 -0.24650159603719146 0.040532981428371015 0.16244421699158593 -0.075104355520214688 0.087206225816749722 -0.046651641584229353 0.10201600637366993 -0.19512896381194475 -0.78756406232326859 0.44695799696272498 -0.1621799754814853 
0.18105101759710623 -0.12446536890699135 0.15301155055345689 0.15127489114244069 0.23510493191566539 0.17952115953943579 -0.67937789278830252 0.31513958276462561 0.27661540476175411 -0.4169253560095903 -0.079376890649113602 -0.020476686856633286 
0.41373955786575967 0.0072912638539950432 0.20459576410232064 0.40433842659389457 0.34985006059879203 -0.52865506266190243 0.19901817572908323 -0.085516868801880641 0.29649328404914066 0.21011707717380879 -0.10720978586855029 0.17627655751086291 
-0.36158791326415557 -0.020934822171130713 -0.080140042890044547 -0.45735951884308784 -0.47114318348142059 0.38246671046580083 -0.35995342022240323 0.050757778373891407 -0.13124702657193205 -0.28187110921896547 0.217307772479159 0.094427142941967898 
-0.3237212223183214 -0.40710728702936794 0.1945771682355468 -0.22135203057347394 -0.036600128957232192 -0.081757900002512374 -0.081392760844844633 -0.067244863043800535 -0.76297564153418629 0.0991697065112567 0.1642032373516914 0.067167633825490319 
-0.36681742466940426 -0.29395587365744807 -0.27447929283067479 -0.3477553081060793 0.29416310988871208 -0.027168820902857323 0.092958004660998017 0.55236723924673248 -0.26867263802672708 0.090064341659225292 -0.31655951952985895 -0.035141793528847026 
0.38545814177551357 0.354155244278964 0.12708027809015202 0.16709042109929223 0.29495254859706549 -0.48705518605405512 -0.013067026350079593 0.2373106846747344 -0.51697615188454848 -0.12365769601805719 -0.13295684805507876 -0.031424810500554089 
0.08546482122431362 0.17022690528388196 0.038934148212851967 -0.066246193122471764 -0.37891305094260447 -0.43979214284746154 0.091137288215187531 -0.41651304490563534 0.62945275202985096 0.060400431949480152 -0.18621865970700407 -0.067055347622706096 
0.33471161848031755 0.36992096393180324 0.50889407179577673 -0.015388916363797448 -0.17662363053606264 -0.31356810911030231 -0.1976804303447928 0.36926866713469136 0.29451371654246827 0.16258994188442497 0.033871833219531494 -0.26951387967884149 
-0.3469676605422049 -0.28996966409081915 0.34089913055757737 -0.2321138467547765 -0.36327937743335537 0.084862994674811953 0.32364224274996817 0.36742010648962642 0.046395802673814761 -0.39119801075404198 -0.29367017917224436 0.071385455362899169 
0.35796777802261465 0.41275641790536616 0.28375996004457971 -0.10024824473462467 0.12351086854032052 0.39819129288179694 -0.27158107720280683 -0.31261910750664962 0.46918226399379309 -0.0084083283962276857 -0.21225485014928797 -0.019202535941864336 
-0.27289456329413975 0.35696750167215774 0.35278546963965746 -0.1650194138616686 -0.13538047699403233 -0.0524231520916889 -0.70658160400491321 0.0014578581682780558 0.04736663046832644 0.21456837526231468 -0.11170481230389528 0.25557164592904386 
-0.2883296659941928 -0.13423579727754423 0.69473894707599193 0.087166552566579014 -0.12140798306645333 0.31851628472666055 -0.12237221515135839 -0.18917927304993842 -0.080531758623786837 -0.17445735502144447 0.19775743264443621 0.40694167708777323 
0.26824185644693954 0.1075622942245224 -0.3181270083369897 0.017755329629721182 -0.055747645930356957 -0.31844248976569178 0.053069318913940136 -0.39797246972710332 -0.093373012159755811 -0.12941836611347488 0.71713351502758904 -0.097450727542857093 
0.1546014636503959 0.37025167216835531 0.52298833837221148 0.1047644741097384 -0.231093131599446 0.32712558775827033 -0.081879886586603515 -0.22126921996007826 -0.46956076217945436 0.13967858818725953 -0.13771808901334298 -0.28191564518316986 
0.13030066658529871 -0.23947314338104095 -0.061447667126762064 -0.24386580642075184 0.4512059857784298 0.083641948524175391 0.18792408849227801 -0.51702895353656775 0.32593896891058516 0.38395045198472494 0.18483270064114776 -0.24777710811133882 
0.20478958407212255 0.16481728703367374 -0.14828289060553645 -0.33202189133317439 0.07309083366012202 -0.15472182837933066 -0.32144652725122647 0.25887388605992651 0.15868481424939146 -0.13658817050542649 -0.71374059958795311 0.21396873878271283 
-0.1627599281571854 -0.19555450945626893 -0.57229154474034361 0.29644388286114531 -0.30483569400371485 0.22781002328897934 -0.16138580509323358 0.55364257974625974 -0.056126205731157223 -0.15443257673299873 -0.058313234939731208 0.10992431674503139 
0.52697369960465801 -0.50023559377075189 0.29942169397839608 -0.11635493162332038 -0.00803839375286447 -0.3730604551570712 0.067078650401569059 -0.11062721762656492 -0.27146727000223808 -0.2091818035742852 0.14386693829865391 -0.27339605438216769 
0.35164275872590273 -0.14801371823684945 -0.20672720065742076 0.14635134225006988 0.26479895514792551 -0.19127871337111635 0.1534090847669056 -0.54980300893067069 -0.54225925469690495 0.22169554048152046 -0.044435688273852927 0.11221491638146756 
0.26153784902585209 0.12081091673310269 0.11942041262991558 0.18420274499303607 -0.29825536384152201 0.13408271176396108 0.43815672028827735 0.06985325352349879 0.31414144877556577 0.66874234375633346 -0.1255025124146219 0.057995798982747815 
-0.27684556751005829 -0.13497804785245324 0.47856580504968399 -0.21932560553104521 -0.52765125149402148 -0.14951144973806951 0.08065899923320792 -0.26519982937779457 -0.055256995144460599 -0.07959483631761366 0.2480173722801815 -0.42367543762256715 
0.42754129280686731 -0.37557877091756614 -0.25660605421508792 0.10791655457255722 0.13462223631620671 0.0090522781451642387 0.7379257765355195 0.021370623385515354 0.085614820888404664 -0.041030002077116719 0.1544577381348583 0.050887945573261664 
-0.36744149011314003 0.015905208783511579 -0.50738073146304286 0.42803664641744676 0.21945187024017995 -0.279187250130086 0.39379465944441933 0.032964892016893198 -0.047461016865438216 -0.10307590229732234 0.17062398752040356 0.31595553732654608 
-0.039859775932618795 0.10808685083623903 0.17555432719462583 0.39150229738763553 -0.23369549824346206 -0.4585447242994769 -0.06369245557478849 -0.2166624376705433 -0.090270546011546937 0.5745681249024559 0.30969081679154875 -0.2292883899580537 
0.5420236562076145 0.068360930927494776 -0.26117914305392015 -0.1787273248332526 -0.034294725509502404 0.010456514771349882 -0.13686541494230639 0.65828748179011543 -0.12672849196783453 0.36217196924233624 -0.02811290081578199 0.00037318118483765846 
-0.088593142673587533 -0.42310115882956562 0.50500897448786619 0.14456704360441319 0.047680207737639389 -0.034151293603603985 0.12730199761545766 -0.39096757745132349 -0.11840063602806283 0.49109025843579995 -0.32601728995578644 0.056799523644455535 
0.010733451619663633 -0.04619159719854174 -0.23716515111834705 -0.72914438352004185 0.2061733946945184 -0.02199749227987113 -0.20054552497699793 -0.33216769729692625 -0.31871909077471317 0.18287577949647313 -0.26131901444440275 -0.11399125632066036 
0.042515415330515539 -0.27279549084619908 -0.068869425438750284 -0.010041971179689009 0.5119984791450829 -0.4169124704369957 0.17640154411716494 0.23049542297117062 -0.26324242153670441 0.39328478550839902 0.4144282695364096 -0.054834657449862462 
0.15675478098237103 -0.56751048086693678 0.26280790486662137 -0.18202972158170391 -0.32705566853765577 -0.065011661150722391 0.18998721192635798 -0.17732111337835119 0.4026400299197011 0.18925121202662176 0.29962559421859003 0.29106120032434224 
-0.10135431433286542 0.33767944903987079 -0.0011672134381569119 0.41697833108270688 0.63284440027605404 -0.12266703732493317 0.13154459958652684 -0.29179057140790571 -0.080350141894561189 -0.018675744636853613 0.2503793309376105 -0.33815367413613123 
-0.14965880940796164 0.048133038609625665 -0.35116001324726837 -0.26896600297509693 -0.40677749738060681 -0.1805661529949667 0.3548421781935322 0.070002594640582075 0.32047536638630025 -0.44238209511850363 0.33527887248989657 0.19981411901172644 
-0.16543776448039652 0.0016277539466943087 0.051586101623627853 -0.034246227177156481 -0.498537549704617 -0.11539865537789877 -0.18581508555658713 -0.61854055926941465 -0.33633542155109858 -0.023602140372318458 -0.34754089173858599 0.2352749682465845 
-0.40107108752350945 0.042884973010611262 -0.22511789127191006 0.00042208647336117693 0.34021955820538291 0.03978180948811666 -0.25768567745742094 -0.3914521334128484 -0.14991314933729055 0.43894420966877656 0.31149628530040535 0.37078307693473234 
0.20953475993514986 0.19798874068646938 -0.2476800847506023 0.5638512711245891 -0.18631766652283913 -0.19864330615832396 -0.37663192377501942 0.15579228882389834 0.32942903464916079 0.13968755044325951 -0.35590718961174578 -0.20644528371917509 
0.31381596876282097 0.074861074341409969 0.45669172955394582 0.11744380887157986 0.32242247140705771 -0.071078198604498072 -0.51801322357878166 -0.18807732960023546 -0.21566896584191075 0.082683577298400757 0.45428933748649236 -0.033276901590074549 
-0.035909251645196538 0.26463016493948921 -0.047392989913190325 0.30404288748448161 0.28048757942339109 -0.18978662932889659 -0.28320304799104468 0.47879877485104544 0.27300316809201164 0.30776012266867203 0.29348262888019855 0.39302629951025814 
-0.52376382399265053 0.17718371254543644 -0.13221676348212327 -0.12577800471250761 -0.028562040703187856 0.11374814817288371 0.0020037919725860924 0.16247629010067408 -0.20972627508880262 -0.11453172856840003 -0.22510805157793595 0.71627003013131973 
-0.37641104473766407 0.27088190526239125 0.20747140310185447 0.047277786119176865 -0.094460131269771 -0.023031179067995514 0.50621504635550496 -0.22112456667338759 -0.51190539325259166 -0.39927563017904616 0.050120542331561754 0.032787476633550736 
-0.23998335623429964 -0.23452563334231052 -0.07181099779235664 0.69942125273091194 0.16742273605151106 -0.25606524040901085 -0.40987648885272437 0.076480594636732346 -0.31541982644684274 -0.052312413999803402 0.15084786106017223 -0.025093380336273268 
0.61062638913041456 0.012602068297865312 0.41423758649343978 -0.03115503889303093 -0.26294545409206188 -0.067346082428212786 -0.17832064551101134 -0.060402748101752543 -0.089213483865969861 0.20212072249595814 -0.25956284021530274 0.47865011734417134 
0.37909053904269802 0.26790780876423803 0.17047392323065555 0.12338253872468612 -0.10341237782407474 0.10653276270161675 0.4222175305551148 -0.23315929457587695 0.22951873816943713 -0.07764645100139847 0.17792988486647771 -0.62864142738433315 
0.31475989492596479 0.042440692089977416 -0.28757717701158747 -0.4561389110949588 0.048341240717580496 0.43313474770436328 0.33505708646122123 0.13294429221145901 0.36345631823266772 0.089189281459332859 -0.31020468803085804 -0.22847202091053675 
-0.10434841153813559 -0.29749138153329036 0.38682720283826832 0.50099567204366191 -0.2588601590417775 -0.36509888150753167 0.42906533749829684 0.13841870483350138 -0.028359341406577657 -0.13558043373111292 0.2478307146775916 0.12573540615073114 
-0.055389844147497355 -0.47876141771419356 0.07119497811319786 0.49217414065220599 0.13868213397254983 0.41948456061164002 0.22291721497928998 0.05114573467474292 -0.26113205880440199 -0.30622470874143692 -0.23265613025876386 0.23835888766288016 
0.15915038725267003 -0.31254369345229521 -0.14361346200054284 -0.077748503154179874 -0.54968284493851716 -0.064440141843235224 0.27706892009950368 0.41149079914241932 0.19236042571616335 0.069043154296506967 0.15711128240021929 -0.48111211370242946 
0.11618355722346493 -0.63693242508484804 -0.0095289922352128562 0.35010086061860463 0.055377358476544916 -0.096419257508744832 0.027671791004027207 0.48062425440263623 0.17343261202671034 0.37529188149650827 -0.18452304839151148 0.095166711619132718 
-0.14093635297337553 -0.093557817850701372 0.11531376774724854 -0.42176590133098585 0.1920886865226063 0.021665480462807446 -0.086377747777986541 -0.53504094117989587 0.35519335755224757 -0.26825418197913692 -0.15951516995010126 0.47490529702846962 
-0.0596821566528365 0.22554178840472267 -0.19868291339090208 0.25998485094205687 0.013170181111223317 0.40742318270641625 -0.22332943884381959 -0.065145180969520544 0.31817052421885439 -0.40284305461370362 0.31755142809895409 0.50384617108076257 
0.16310345376622964 0.10756285047344123 0.090119300826163415 -0.26489115897272353 0.07294651299476447 0.52432877843859327 0.32711342983847597 -0.35452180423500734 -0.31699997985037287 0.14514838232486499 -0.28525076268514393 0.40949099750713558 
-0.24571299174011615 0.28765392547459961 -0.28295549267035058 -0.48406452415111018 0.43289738373887587 0.30973020843561228 -0.32810946013356562 0.20767721739630818 0.295988166299129 0.031382911859306153 0.065030735467375519 0.12472610333747769 
-0.27405837391913679 0.34304587893530408 0.1295740671072875 -0.39624616843223648 0.17703547128864552 0.12688115762164986 -0.0024551407693892066 -0.016765593039765582 -0.2937305837100227 0.35361054283521615 0.46628029916221486 -0.39616685814025909 
0.47281794457753773 0.077808790374882489 0.29425461043823853 0.2230822549465557 0.10273322595850727 0.065684502914146764 0.24876486919983484 -0.47574497442617103 -0.016065098591447249 -0.50339304407538699 0.11352756543183942 0.25377263915139303 
0.035566791725022105 -0.29725942048429954 0.20775395412422515 0.30911988989687866 0.018928013087275073 0.35307417866279556 0.26616087369340108 -0.32086412763183664 -0.30128207641182403 0.15344030474608641 0.56520840166432562 -0.19764774239052357 
-0.47604893023813377 -0.49064790100096467 0.012735884689725502 0.17572882800975878 0.13940499326278799 0.096239691940916833 0.49216717223749612 0.017384405730844658 0.16336686154354049 0.1043695907394027 -0.087392978214627201 -0.43029452762578263 
0.064097979783753714 0.32661468556007717 0.079865996934664826 0.0026387161028451184 -0.60217517994489811 0.098213540801077151 -0.15681279225266689 0.056812331040084166 0.15385493164313055 -0.49460657747132686 -0.32002793815938507 -0.33470155137539132 
-0.54154308447045696 0.10044768406937245 0.12927558802283867 0.20563450828061727 -0.23809182920403099 -0.27658782983370833 -0.27491632524398735 0.42794648210816288 0.30580296664282625 -0.3168201896694901 0.20204602046952422 -0.10499912483098452 
0.18182821894492882 -0.20486694185898269 -0.10895195645236977 0.23673093485167246 0.25601050863545505 -0.088260048546612999 0.13097973942524235 0.40478829866204935 0.050882829567710321 -0.39914364094254906 -0.50764476866836994 -0.42791070963135264 
-0.42419996666857729 -0.096048074395464755 0.028995719988730642 0.55783998096714027 -0.31714045212220821 0.028419973337090149 -0.13032738036377842 -0.08061056728295897 0.2605351627245362 0.29577971685142534 -0.12690122680340554 0.44996197102918872 
-0.11722664189923689 0.054078348299968826 -0.15200144282935277 0.21411956178221539 -0.16037598880449719 -0.66208732804977477 0.21533069650839753 -0.064652282435455385 -0.085336323818873308 -0.30637955070559941 -0.023258950399251691 -0.5459512900021275 
-0.13807650840526225 -0.0012307881828880298 -0.19242177431750457 -0.10590709299094427 -0.16256643087319894 0.59223385851000498 0.27403636335051651 0.13834708717204855 -0.38964227643975696 -0.1996106337993831 0.010687094428165168 -0.51914020854451359 
0.14339208839417975 0.39280159712292045 0.31388701381916878 -0.46561204661091771 -0.00093795699239097982 0.051494564112730803 0.27405538462198342 0.30032774608224111 0.33940849467465461 -0.10234962606426105 0.014146242395244825 0.46475435629994921 
0.20605420478684502 -0.034458060509391895 -0.040653141328444435 0.028862443580632408 0.52352778286328472 0.38424260566005236 0.13773499600310948 0.4304616839559044 0.18416453574414501 -0.1046308631250159 0.42143504781612551 -0.32466133897039762 
-0.218287270678686 -0.088326654364779017 -0.12576903058463129 -0.30693624836955297 -0.17025352346708475 -0.37007289097701623 0.63112229558141852 -0.26013381585839462 -0.18578204933864614 0.39902555620736369 -0.020710366252088254 -0.091820015876659625 
-0.18378472519997746 0.43180590362561833 0.41921173024302594 0.11749062627533577 -0.13414634332577655 0.017428184673164916 0.25684808367107392 -0.10014029669953543 0.1344666607478214 0.01052728072161801 -0.65887024038717634 0.20886410420208606 
0.21061147336141153 0.12488262560235153 -0.35479031548241785 0.42790349647700576 -0.24126274031444808 0.3979736730243838 -0.41385730709634833 -0.24336673598972122 -0.32209351610790116 0.22643018892335082 0.055478523107026306 0.16087524248683524 
-0.0726061686731823 -0.097237782947129786 -0.059252189708085851 0.31975264818930682 -0.14072344044322144 -0.34631272726709794 0.0077056122723618984 -0.068047987568082682 0.23945530803064394 -0.61836161053391903 -0.38430978696364149 0.38430605605005563 
0.127538160673596 0.067370917530783586 0.43810101230881665 -0.40595157799923215 0.016060190577143609 -0.027244256258716015 -0.31332261502930697 -0.050878163961944209 -0.38973624479156721 -0.55655067080874721 -0.21984654903761847 0.10358896511658018 
-0.079788919539704767 -0.52725814933341042 0.014347480466690304 -0.18685094956200254 0.071029690697608491 0.34406915442385555 -0.49173751433669122 0.021287153973195076 -0.10495782202767652 0.18076070178684511 -0.29779943624910654 0.42714241052584179 
0.0059244775672323072 -0.26250035608321187 0.23513514320456474 -0.63739355490559069 0.14352915138617162 0.26801896661487001 0.39053412963545997 -0.10267505286018445 -0.099948225040039168 -0.27008081924203181 0.3620353184383297 -0.0016306918702525004 
-0.34137571869297317 -0.5534077506502344 -0.14524580345790161 -0.07583988127307735 0.2735621591228985 0.047011022139225034 0.012315540920529259 0.2705804576312496 0.39898493901648174 -0.32533749638893217 0.18309596909725517 0.31841026910031134 
0.48904692850658021 0.26186078825158687 -0.21197403599884421 -0.39789831885705573 -0.18706588401450489 -0.34134691335742418 0.39230528304906437 -0.18715567129861113 -0.14707967490852644 -0.26924816306657301 -0.23280001256930924 0.015526578542141092 
-0.20640603701097762 0.14247190611021124 0.17875363210716738 -0.073634974897160629 0.13888494079935215 -0.33034156566316625 0.42593765779018145 0.1402240237973584 0.52302683145992035 0.19255318177645903 0.47951027032623739 -0.17221845948740042 
0.10130981635892274 0.24362724076213146 0.10802389743132093 0.084394216939220085 -0.50151973637349267 -0.18630156433876247 -0.090551735134281858 0.43848288195056684 -0.31962522387126108 -0.33592507343821576 0.13466719793771356 0.43789516571045156 
-0.56502810170462481 -0.032659319937146956 0.16433079073104589 0.17247894499551295 -0.0099991989075639276 0.2407907708394863 -0.34589025831244197 0.081974094023129968 -0.29149108134750612 -0.19143366327176059 -0.52403775986257217 -0.20555666851031704 
-0.21492246027960427 0.54325178687249531 0.27114117348548955 0.15391666016706149 -0.4170901101335186 0.28548047981346825 -0.039456685070879398 -0.080466365255952271 0.31312176164156513 0.17570952941240164 0.40984024708717764 -0.03308962312874987 
0.024720463659102968 -0.60331103802480968 -0.13358733953039528 0.27345774480348412 -0.31344194753573601 0.036235615803453733 -0.25942677914942036 -0.26280556562988527 -0.21977537297780986 0.035696552729734606 -0.15789583837832466 -0.4820223303779983 
0.22172872256587181 -0.40944893865599208 -0.079510527376305637 0.19886628862438502 0.084877386231076865 -0.048174179394794035 -0.094863077473450852 -0.025565915169890589 -0.25649020138214712 -0.092982869506400098 0.46543658695006834 0.6535108414322417 
-0.22164257815094307 -0.54873845312154412 -0.48811298633415973 -0.1961569143627678 -0.15516235445173848 0.21151355533352861 0.21626893218667539 -0.42305946127953364 -0.12988141988105881 -0.058844772088080602 0.039785928498816542 0.2378006422635196 
-0.5065638831023288 -0.048572853570652351 0.24211497149561134 -0.47008975260253988 -0.12663579486899268 0.3662940631175588 0.18280443202235128 -0.093228190812901471 0.27500765763162144 0.41564829970321371 -0.0809472527972534 0.11902762546525605 
-0.36277188486454676 0.2642865131181335 -0.081889341990013978 0.038575967218736705 -0.022418874839661946 0.19713342093080727 -0.016037643161406861 0.53797152655938174 0.26787103473721519 0.43389189254441263 -0.12440322483377127 -0.43107683764904392 
0.61575790058575253 -0.036769483786076682 -0.035391020956341446 -0.40027450085692251 0.58816610206708397 -0.10074600691850619 -0.064845649362009095 -0.0022860983784979607 0.069322751276763642 -0.094851707103219621 0.11193351309964482 0.26718365401002736 
0.39232201065154304 0.1348553299298513 0.33236831819097412 -0.22872803851522902 -0.27112347010672488 -0.14149081661496654 0.41431165474917886 0.16836513079536916 -0.30061974211403492 0.23756661903301712 0.4734013980686877 0.025781817798950547 
-0.049802563400548228 0.12343653220381166 -0.11982544993631021 0.69344133835733568 -0.14698643487467083 0.028808954504618876 0.37862423825183583 -0.29475551106002656 -0.20700772510971877 0.13060725863030548 -0.3537159387511894 -0.22218592759998246 
0.01659539640469181 -0.14132350868308541 -0.4062310495473585 -0.26085569176386092 0.17878532471273553 -0.1085714738777534 0.22519741156627809 0.054252576354065815 0.33437329009079225 0.44589793258666482 -0.15241947643716514 0.56161514177531568 
-0.0081828493889861097 0.4996382663781101 0.49072030891557294 0.40345566639294916 0.22761192211999434 0.16581405471749133 0.055911553383946731 0.34777822846527257 -0.05006550643133989 -0.34826557664234048 0.11323104149833757 0.081961735117492898 
-0.18071744700033804 0.60733040440423458 -0.23723520255861444 -0.28659497934413597 0.10755121153811011 0.15055411559945681 0.42055394287465586 -0.43092996575350156 0.22764961955719368 -0.036887089130113404 0.10030215908883199 0.0053077200080381172 
0.014351842318618456 0.26571083332977952 0.010962488210884996 -0.47413150970871515 -0.0015219778187694935 -0.17700456281366955 0.12856277551689829 0.58162243218301801 -0.14198528943095945 -0.38784969420024829 0.12249005390957594 -0.36405208346277773 
0.37829394069472549 -0.35489634514600849 -0.18129754280474331 0.30591362576774156 0.0092311530079426159 0.19596172910406162 -0.013216316639261544 -0.45773991834245598 0.36861112998643097 0.098726476526441259 -0.40129594808563845 0.22280955002452035 
0.084872873826487241 -0.33470046294624034 0.49595635040048486 -0.30060319196906543 0.11089924288125187 -0.10135237064701959 -0.21859292187742518 0.590876640195518 -0.049063558360793638 -0.028918528949673356 0.26864147070178568 0.22256784691399681 
-0.23182256179810068 0.67397775879257193 -0.172968888428328 0.34962387422792818 -0.14220532123744131 -0.28911696665725062 -0.27520822101646431 -0.27555640054375158 -0.12541541864656827 -0.23973522023082464 0.049173901635373871 0.093569473930119162 
-0.24290442661586156 -0.25180803667715657 -0.28734283154496343 -0.090065199970404103 -0.44090054478355906 0.011165654090232671 0.078409453222715975 0.013095534958517141 0.19129842465057476 0.26011520131721672 -0.6857181516603682 -0.10775259973844208 
-0.044803266324061217 0.31238217305518096 0.14577375332961587 0.057579638725456767 -0.20174065886500897 -0.3143226288076959 0.2986998534227765 -0.36824336174767325 0.036523626429480628 0.1581011776222338 0.24396818193579525 0.65243499871820299 
0.37648103350860629 -0.26413762772396598 0.66381021570195187 -0.010654184256767897 0.1680262531535939 0.24628930142122094 0.32300453934736811 0.17838001486429228 0.26430392699700089 -0.036116951080563529 -0.20443364212200699 -0.098686944517287989 
-0.0037690924983433296 -0.42425596331983173 0.061851249177713806 -0.011660353001039236 -0.11116974913966773 0.73851021156261565 -0.10611609965878999 -0.16388642291795955 0.38002524265760523 -0.1782501877101916 0.1111271701298138 -0.17780364542360297 
-0.26004563507957079 -0.4045081302283805 0.05080252191472779 -0.002742793797742794 0.14305192572172082 -0.68746612903984117 -0.086011687055044819 -0.46832550075239909 0.027014558017035728 -0.053642792133753781 0.1516556738888134 0.14054865774635353 
0.43104553584852362 0.38246295592723539 -0.34791441773051485 0.3359786696020795 0.0086153679368416707 0.11715419794987189 0.26693408326124002 0.16651211153000881 -0.0066673011419604205 -0.050796839714035688 -0.29622889977178862 0.48045808686293678 
-0.42073142549729942 0.11190505124957503 -0.44465869335810326 0.21195198510054553 0.17471328297530767 0.60933551696044819 0.12223768312322431 -0.14897563479426096 0.1481007693120672 0.091166405219037197 -0.30558419804719228 0.072389099415285804 
0.24982254527323297 0.518901744569506 -0.20107564181325907 0.058961817684647762 0.27738299683739792 -0.27220708070522642 0.010285391645934219 0.14406690624682156 0.51409551700755984 -0.42110991880600585 0.063565593035876958 -0.082790894796245046 
0.43042142018360857 0.63591848890177882 -0.13789528683008176 -0.032519698487249366 0.18823929303238932 -0.095694191481769303 -0.065644440839218693 -0.21013384421452283 -0.021873959059925088 0.5224961886421039 0.14834630291492451 0.041572081487393213 
0.051292682682495747 0.19374294673655734 0.12316036142450486 0.33702440064302391 0.4868738009088357 0.057169184506226114 -0.36057904591895457 -0.24442415030703316 -0.17732005110193866 -0.10149334059813149 -0.38225109373939553 0.46167606109357157 
-0.70862832944774667 0.12434591970901936 0.36693884885392314 0.15438354050615641 0.28084637194959944 -0.34595769141341176 0.13374581981087466 0.12181942889348181 -0.13411835867985694 0.25708955796935845 -0.059764331013637338 0.070439405923260479 
-0.083526868127293957 0.56392435937536378 -0.11582746939642578 -0.38027196724739942 -0.51046524330342991 0.11638685269274861 0.13743449686230386 0.17400944904678992 -0.24313455768680597 0.30826819822085622 -0.18610375134961105 0.070166321228483347 
-0.027396596694116818 -0.024712125487112623 0.60003786547414295 0.48982744483786372 0.038935628075259313 -0.19039513693723212 -0.19039048056022084 -0.26973227836730274 0.15829010635056859 -0.26410724232678839 -0.21622349536147478 -0.33216118086846619 
-0.44516000913377285 -0.030527394891322217 0.069353084072387564 0.015768723047205661 -0.098001789558110133 0.32962149663925217 0.3489210484703858 0.50825195885682461 -0.10439793479231947 0.05524020767997255 0.50343832140665112 0.17355389706756058 
0.19210366568497889 -0.52397477313126906 -0.35631377446314133 -0.34517408524896748 0.024773796637433943 0.16497348493516387 -0.32957450818965295 0.13961087381889567 -0.15457438157647016 0.048216040064815814 0.47110998624001382 -0.19580289678663584 
0.072696054404419216 -0.4030931942068921 0.044945477914929359 -0.57031323621318131 0.1444418857054427 -0.45772576369750223 0.20569443485159847 0.13296468130107464 0.36525397766781181 -0.045773242351479393 -0.21726325143802391 -0.17854623667048472 
0.07407862575218041 0.16125577830268983 0.38130756439204433 -0.28359866670697353 0.48742566263625348 0.093288623790420494 -0.10545507525193962 0.25202452518691193 -0.11083723342167728 0.53495881871956541 -0.33153688835894651 0.11566785314761129 
-0.45065827957605648 -0.42276682079390787 0.28762759039596486 0.026166419162099469 0.10859927184621772 0.038729247151349955 -0.38634368937883651 -0.0063106225075593167 0.23059350597822192 0.33546269531014639 0.40197669056748692 -0.21183046670207034 
-0.69716483561850162 0.045174209567335019 -0.36581138952990122 0.14686548929134582 -0.3962027625413983 -0.015028522369072267 0.0026640134375389185 -0.086030825581098383 -0.28121464619183129 0.18346104123672016 0.15261639888409004 -0.23641225977476407 
0.39671756302915312 0.083780368982460524 -0.14608005100129806 -0.0097414449167993016 0.16873632358906002 -0.32524863091752731 -0.44479111874158683 -0.52460242254446032 0.02653711302011514 -0.30553952158442227 -0.21495929077383427 -0.25805071931174162 
-0.038201962734749358 -0.27734445207811353 -0.28082757623898658 -0.047772950595297119 0.065416528873746008 0.39040465580864597 0.11367957477434808 0.024533709221307903 -0.32732012482272266 0.72724668878867516 -0.064527917994843101 -0.17339017779293625 
0.085233947488660214 0.1813813285155022 -0.56388476353666694 -0.33715152814062233 0.19584821221896778 0.14328557449407853 0.32571839946224324 0.1233231486148977 -0.44166945511748867 0.063718547998464506 0.30646921267808552 0.23442507609629298 
0.19128569067254325 -0.1407094065921724 -0.65132584191289511 0.25075864388195923 0.59540543532629064 0.044751750689816551 -0.24838828277355041 0.074763168201913255 0.036852812559447723 0.15839913649217779 -0.071743043738924178 -0.033366077245266454 
-0.41848980526263824 -0.060802129521907479 -0.023551492555410457 0.3447372290580018 -0.12625743412500329 0.040540070730875004 0.18755825061088607 -0.61444530445466039 0.33223041732016917 -0.31183346153285502 0.24188262644113356 -0.0730823138181598 
0.19970912779854755 0.16439649214240779 -0.10289497317432063 -0.21685522804838311 -0.42043810498370227 -0.31000487921843251 -0.45374078417505809 0.030910473044016468 -0.50897826236172494 0.037458190708218458 0.1214314292957993 -0.34721971538338153 
-0.10249066947951033 -0.29582070838266894 0.35056174961671022 0.028203924947904458 -0.28640146588691962 -0.60397346245443251 -0.29943295549378396 0.21399830805233741 -0.16463325723645447 0.022991731228169335 -0.41005767860116521 -0.015862752457076874 
-0.014063815475014946 0.13800917799259607 -0.16147959655915017 -0.18528965026400018 0.43179388581801914 0.31579571704794512 0.28615764046206837 0.1032824925223554 -0.022810658303114569 -0.67840390601336598 -0.22143159169736468 0.17842999317404626 
-0.15994790044959559 0.13669106794697705 -0.040668273607716222 -0.083662451399242069 0.23661051064150612 0.45058006426937541 -0.25938040022056791 -0.60578441695975038 -0.32786608385613775 -0.33743051592197926 0.16011011823676757 -0.082633255652420717 
0.28173467196412 0.0037555433412548539 0.15235846320204283 -0.18977931713094001 0.071390946928455892 0.54471326083547789 -0.14448006766657581 0.066541832223201258 0.10641988884320643 0.44054090918681216 0.45288161275850142 0.3518059552968123 
-0.10168229305048952 -0.069847320326135706 -0.50564160686428827 0.016179176638437855 0.025386721325712187 -0.16692208844321382 -0.11272347790910009 -0.072448281693383312 -0.61632855159993172 -0.47198562637725411 -0.28104731392942633 0.027661342359878556 
-0.20615663758200178 0.14455919147659316 -0.0034211778358780782 -0.12537118967249705 0.45450446301796715 -0.4476038153945972 -0.51373927476389591 0.2114546240930093 -0.002063535629919947 0.085490793412328514 -0.069908820628843057 -0.4394401906963597 
-0.16261037317422794 0.19318225403230507 -0.34059881084750304 0.1323742841122279 0.016586302153314535 -0.34892416945442117 -0.2579277729238631 0.08171778814086865 -0.3825433174365549 0.51512415285946689 -0.40690728660788267 0.17382302884359693 
-0.37454305624629008 0.26453367795109461 0.04495891409073377 0.022457314536447059 0.037599013354323182 0.049013624496668989 -0.23517836698037356 -0.55855774121966884 0.14294696364909218 0.37592604474453878 -0.26151698660064659 -0.4312270883618104 
0.0052567970382020454 0.24967948562393369 -0.72537083958492099 -0.29747207642299367 -0.12311314995381201 -0.32182883649563948 -0.049099103059782268 0.058641575095790807 0.22294060747310773 0.23388549581622284 0.0078923030905569957 -0.30648425304980509 
-0.40762249685051211 -0.17495771826539649 -0.48161366551249368 0.028003160702947342 -0.04380249477300948 -0.075701863394964541 -0.61330265702894693 -0.23881934653739964 0.29025597488300153 -0.15937383227124652 -0.14055628960012911 0.016398691398980147 
0.030893171267353227 -0.0049202948677330135 0.25102229634936613 0.59174401139932786 0.31775365161933278 0.48058052017733688 -0.2135058235783924 0.037124323942668118 0.13109822733943066 0.39088481752402365 -0.070812486310928735 -0.17879644502811065 
0.069877384797646561 -0.0047598041021133589 -0.13054695678200151 -0.19045162971618082 -0.43692327931201441 0.15191643014924611 -0.32429445751236141 0.32980580368744128 0.68012334283979525 0.12407933070513365 -0.0035343378454903273 0.18943313799631525 
