# n=12 N=169 max_inner=0.419404621501272
-0.14321276655409154 -0.004781813103742644 0.1836420096740852 0.036562946254695881 0.13857950256197055 -0.0029353140239518085 0.25505835767774937 0.3272209872624145 0.35300599879229771 -0.48055721926636719 0.55202617299317691 -0.30460366747059581 
-0.05291947520831939 0.32071956060614709 -0.10731029934897696 -0.15580865049891762 -0.15476474496275597 0.00032470197215940055 -0.82722325155458598 0.14321776907621359 -0.11414898402372359 0.26499664897536912 -0.19971569709475098 -0.081518178814805969 
-0.22159850524138933 -0.58436712920798151 0.51526629383078681 0.12637658785443176 0.016967544790692651 -0.15370370854056795 0.16839662554952631 -0.15588778005976447 0.013541332785403842 0.31918362078170337 -0.010542290862338984 0.38625758611428496 
-0.20510628107016596 -0.56505959580550635 -0.15824681858672507 0.070170152772721053 0.1981793833852499 -0.32333208929091323 -0.13292292181222515 0.60779076005108956 -0.20121669491585759 0.18756847458409812 -0.043402971012842517 0.014914179378820707 
0.019409477586246754 0.23970531836355516 -0.17084117419165609 0.018774162412312275 0.031401675577798695 -0.22951467109779911 0.28404585333936477 0.042805353416715722 -0.31706751947663103 0.23193106291850801 0.14155040539655755 0.77594311316902831 
-0.27551611741242515 -0.17801187448781292 0.10105638683064788 0.41079432595166715 -0.12385247438003902 -0.22092754602522766 -0.34416054751043268 -0.21716385612902728 0.047917849105732047 0.49497070408409266 -0.31657603696715708 -0.36901317837364273 
-0.62048538983933699 0.017144333402233061 -0.15835877280697683 0.028104707132843139 -0.012747807074180207 0.25976161628622518 -0.047539226085032298 0.24343898638474185 -0.30703206545306411 0.33371081849403206 -0.4180000028356769 0.28163780531665167 
-0.36373763223477301 -0.2490169007247898 -0.1698202424925023 0.027263601692682382 -0.53048848407389804 -0.19150752485191952 0.54239923665234679 0.24575431558752076 -0.18118744211945742 -0.1309597967874099 -0.11581884808339785 0.20006163256248027 
-0.011512128183724938 -0.19557165634727891 -0.3619809745757705 -0.21784481812206832 0.45375939232544876 -0.13958845591444194 0.18441703999654088 -0.17922733804815777 -0.11953015904458207 -0.64234548532702707 0.17698720674123036 0.18275214941676746 
-0.072441151105025664 -0.48230865684129631 -0.1640823912278454 -0.0092789805343322946 -0.57900581709580556 -0.15756554961378497 -0.42160084040471796 -0.093162718738514283 -0.13574099552962215 0.14769804043738327 -0.13502037755102253 0.36076235634097281 
-0.073065495620383794 -0.46028013097745457 -0.45811578068351216 0.16219771542799755 0.23901306346717688 0.17168649858349985 -0.067312286264625848 -0.079284203157594796 0.16500550358935201 -0.012864233846888369 0.48681902565863305 -0.42990693347398223 
0.33998850499251787 0.57282110319219381 0.081898018056129451 0.39099188251917411 -0.22434778047212667 0.25775949504935092 0.24883280588865786 -0.032911195205698067 0.40381284692966202 0.070261061130360472 0.20966528656147804 -0.070484766159471801 
0.017086314012992536 0.43274410012015219 0.27119088755149173 0.16164812697063843 0.49210487984338891 0.27847137943169892 -0.14553084181076162 0.10565724509542131 -0.086743026380096053 0.42608811928154727 -0.38421585979098744 -0.15495973999592161 
0.451311821759662 0.029650051205840418 0.1733736344068596 0.072769881731933106 0.30213595435325075 0.094889897296121975 -0.4055976854923119 0.58743383490242829 -0.099263171634838512 -0.28469794026081036 -0.2209136786856816 0.10245717622419087 
0.61462685085679203 -0.042618093221348546 0.081812292850548501 -0.27453744661936297 0.06433658805172543 -0.18339393663225481 0.26139895864652507 -0.095244814362506092 0.56762017422119326 -0.12056617889323608 0.10858153801949345 -0.27324189393970016 
0.27165833429186242 -0.61096181685009199 -0.035341339084343525 0.30326316901300809 0.39545801259991914 -0.03655425349776055 -0.37723408167002892 -0.18094594873466913 -0.15804135414029155 -0.17021111843893311 0.086473166332677237 0.25595527531858825 
0.16968019681699606 0.088613436271638743 0.37444356251813499 -0.25677647231189282 -0.1762046175985211 0.20374228912623124 0.19576104979524933 -0.62676733386279904 0.15813930179421365 0.18267156275000757 0.30728919687722683 0.317319862746197 
0.14517722932189436 -0.12283927964110718 0.089695396715109885 -0.31118522580945318 0.28027761126821565 -0.49535128801536121 -0.15358094267157066 -0.42611078088482884 0.30800484138693052 -0.055669675679958584 -0.011770455029865023 0.48141665357062502 
0.39546610858813896 -0.25942924858962385 -0.29065052046178652 -0.26708666680800169 0.46428000052481277 -0.014639125111273493 0.17723259784342335 0.25495695729431683 0.086760768068549127 0.21820019075576305 -0.35241926645812249 0.35912010404325151 
0.045036489914052458 -0.20655005166038576 0.17150548423794007 0.088004217915527067 0.17078733579847263 0.10279042464921935 -0.39149545618991605 -0.22808877202624736 -0.14975962519968017 0.63652446856691569 0.49476500658067629 0.027180792282060558 
0.63466463000865458 0.08643184458698798 0.14072575260808043 0.17884069960962382 0.36538127766965511 0.027172863881848513 0.19649133136955965 -0.12040037517903791 -0.56294599558781155 0.10185654470384703 -0.055495049252426223 0.14224283456372558 
-0.031465152327652013 0.26223030720933088 -0.5526509691369007 0.018735214229417076 -0.30985820728309188 0.17213383502604879 0.030186853287601699 0.12075619699532812 0.39522691626333156 -0.31077497978074514 -0.11841144124051654 -0.46532672866564484 
0.26092058342989771 -0.096405749822685682 -0.38857573927501993 0.015665706874370369 0.39480338552510419 0.020398381808594039 -0.34858164073140741 -0.18184690642721732 0.34336890168415196 0.089620738766907251 -0.42486522943635968 -0.39253286937422893 
-0.024793667270171189 0.28144826111772075 -0.38398692523812533 -0.21919368832475342 0.21323226594946151 0.048421971420032392 0.15905329205351004 -0.197925438521244 0.51649782960751722 0.00731369615360653 0.55212792405329214 0.2018079792196959 
-0.33289312251656855 0.43985197848455299 -0.1646842916295963 0.36727648218269188 -0.07743433168579579 0.45785582128784408 -0.18187869604307119 -0.44807909603379692 -0.13333304300910087 0.031291990712753438 -0.1772075567692282 -0.18454620918843204 
-0.21616435128757636 -0.37742760839588685 0.1505625352030745 0.1558649024959981 -0.12769501771997399 0.69478969445806593 -0.18242713442143133 -0.063215932183771611 0.097589244709711018 -0.059920089341254867 0.29011213696829857 0.36092194236346226 
0.3443340775733279 -0.14926360904209143 -0.010053791676920935 0.090026897931016286 0.187341444229052 -0.061970347693037754 0.54330288244177416 0.20269595099914059 0.11467500071780723 0.47364131319531022 0.47903484927297785 0.09373819630379894 
0.24574553942826285 0.46543062006790137 0.36098297783193589 -0.34852036288048727 0.094148550658734703 -0.013301747753739773 0.098509713545941055 -0.045948333796742041 -0.04830460899040364 -0.060710937338515313 -0.50854606040867523 0.43094520101991712 
0.2929144789059418 -0.55333656330471148 -0.41188380264921132 0.10246950337503828 -0.31824313153254163 -0.23413090543620554 0.22967585263996268 0.088038804654652927 0.24808145984782004 0.25283200731633315 -0.15845307829615812 -0.24636939141541078 
0.09832650467852079 0.42004898523751089 0.41961780555712519 -0.41930470469666686 -0.37137732731323592 -0.1861485401963909 0.3737856755900219 0.28701385430176007 0.086963163129949159 0.021602334991393708 0.24351724227744989 -0.00047786528887764084 
0.43435564905114521 -0.32176299383655332 0.091346483927736491 0.46920265793859695 0.0028961258543466354 0.37482479122174645 0.12106867958064735 -0.43757211044284255 0.14757447633326867 0.25055972487601347 -0.041260696137777095 -0.21544975302641181 
-0.30580166112722351 0.29369087094496493 -0.11995061407517835 0.16760931583934574 -0.59826526151838944 -0.34034124589814024 0.10290277563332614 -0.43909017808883272 0.26928046717995874 -0.0023606210895172229 0.11291783560507411 -0.12385213418291391 
0.079043538387997533 -0.039012653268354999 0.017451110992209588 -0.05461328228234593 -0.38545275116892325 0.20234587182065208 0.52713250883991469 -0.222108477926032 -0.028357440517781229 0.073143733591639851 0.41839202989516128 -0.53946121834871863 
-0.36073065948949129 -0.074746067932087448 0.037385548318404294 0.038884914266701855 0.039881973597644761 -0.58508140953656196 -0.050952366744851194 -0.3340097190815598 -0.5876793870451712 0.017139551581664306 -0.13100838201948209 0.2012044104527112 
-0.18477727184209264 0.15614884124743933 0.2401724279653947 0.082500930346473475 -0.26094500840415619 -0.54898593451772049 -0.27054948856559197 0.21343924569928444 0.35199389350357041 0.36067861499745968 0.0089407858449441577 0.36699565040462273 
0.26416793213990575 -0.037424636521154651 -0.026073323567605913 -0.21458776273108968 -0.46127795210116013 -0.4340123092788512 -0.262994696092817 0.50373404274650813 0.19884814509069945 -0.28686773995510961 -0.079609929112493816 -0.17279270399306312 
0.26924070371494169 0.47139004025449227 -0.18775453219523541 0.16834620827311464 0.32826265957352629 -0.44876266296353118 0.22315715566887637 -0.063013130630043712 0.37208681124814119 0.28278203011417463 -0.20830669725059267 0.13034047465765791 
0.27560592566966213 0.28399432327077884 -0.27893666573964693 0.094176621669950944 0.5742140158640342 0.22349920033384502 0.37481803643415418 0.20866286987100538 0.032566014451470365 -0.063654240570997112 0.066830553870448145 -0.42829030538682705 
-0.25686710403937874 0.13213848246168847 -0.0020398174483748839 0.18004169965242689 -0.15290002427905292 -0.16256398912241252 0.46958963911944201 0.46595132345333956 0.4417511873799021 0.31789214888218914 -0.092932638931651976 -0.30310559152665673 
0.27475161504287832 -0.12794631967155848 0.052296649519054161 -0.24347251689656826 -0.16144337648814169 0.13760409353549491 0.41979660973710853 0.16868380600842736 0.22608771956937074 -0.40642691988601121 0.10124079055171425 0.60819159574384485 
0.40495201464587066 0.17751752346231292 -0.36490919265195632 -0.45091552981236205 -0.47281008235411243 -0.26181865700364454 0.10829256819283821 -0.17312722833008753 0.11042681871271209 0.1412372761567702 -0.14086169387223568 0.28676661743740184 
-0.03892171137455129 -0.12453554661278667 -0.92640525758338177 -0.0096652554203519869 -0.055667123866811587 -0.034070435427783867 -0.030351117633250112 0.17730891862951326 -0.22018301029643683 -0.02916322110565996 -0.022609183236735584 0.19543384226118715 
0.25088470299659155 -0.56310399820839285 -0.27853751028011647 -0.3386379666451888 -0.057465046346470212 0.2019572030198265 0.23360090753337817 -0.30546497161103331 -0.3582501778859099 0.20933065965422903 0.18294526634244856 0.17353176691542477 
0.42777087654414259 0.2207562275499711 0.061802844168056016 -0.66250651846769859 0.23349468767710202 -0.038219298320828134 -0.018167784641753837 -0.022364980099841638 -0.16038874034317241 0.45092907161210943 0.1803768743422263 -0.084475733181725285 
-0.25409636951755166 -0.068706223564557398 -0.247189770671775 -0.32327741847281083 -0.036822647852817511 -0.5559791890225837 0.2401724172658006 -0.08933524159048474 0.35788765180133786 -0.17763833563710454 -0.45420718982108776 -0.15174964748193262 
0.25105749069001038 -0.17415949728223842 -0.01956641543877579 0.18806188206641269 -0.098917713585519568 -0.39125136134812716 0.65422452923780738 -0.48653562155230867 -0.038454359324114465 -0.13212946845456064 0.02587989548732212 0.1539246539262967 
0.22953364119495845 0.4082115151113187 0.069815147584546322 -0.23397790692861481 0.18629910690420012 -0.56271324338961304 0.19765184882075576 -0.18903766798044674 -0.27554123622900345 -0.20668318361146532 -0.11583597004461653 -0.40353924560529919 
0.3528403621148522 0.1776674010800379 -0.11129608358264709 0.15730372741071363 0.38445440978809725 0.52887410601823082 -0.018507708303414219 -0.21252281268943002 0.26765187672956758 -0.31992786724336036 -0.25269492119531328 0.30974038745724919 
0.54869852174902856 -0.059460859360013746 0.33296260671314842 0.0021810019929507417 -0.092829622608309806 -0.036502941638827766 -0.033549884416548485 -0.13589665868172168 -0.16737601085347481 -0.70904602719811516 0.12408741248495132 -0.093933489218272812 
0.06628354153398941 0.32863336385077313 0.078560034006775609 -0.26505533878633575 -0.16014906282333535 0.11565277779073277 0.28435610459480548 -0.36505697313673779 0.30593142839403592 0.41830754789483737 -0.42445538747620187 -0.33059748648617787 
0.049914471940404083 0.11931603601164559 0.42422048530675233 -0.2473687503805074 0.058519869791418024 0.20975217363728862 -0.16672512494031064 0.048638356975405292 0.33702310235205951 -0.40710170653405559 -0.45641760393410175 -0.42059600984575823 
0.10340927810515556 0.17031345857267308 -0.18976990734865459 -0.42373494547756224 0.0069237531493485174 0.63841277680244513 -0.2510058735200339 -0.28547312318696028 0.050815997656349039 -0.05263249193963878 0.28528387469400479 -0.32539042202380519 
0.54602586268922382 0.20159310157609125 0.061143755538819025 0.047667022477864404 -0.18643604597450444 0.090617281404720765 -0.13990313749085181 0.17025493298494229 -0.10095403130378632 0.21456884315287778 -0.1294880791391656 -0.70048346608413425 
-0.26359573023706012 0.091241562928648046 0.003806145833420422 -0.57147228755610013 -0.22920421409980349 0.2150921082931202 -0.2006962229432821 0.11625294138217017 0.016820492526872226 0.3442474569498451 0.25755202943990635 0.50782084484169299 
0.26009313740831108 0.015393444232895641 -0.23833615241350711 -0.15409063412980167 0.35486777328398122 0.44042977239148118 -0.047027347970794102 0.31397799932346832 -0.24669504286075514 -0.05112128313580918 0.49108849882607641 0.35527951924154544 
-0.27170108677994242 -0.14662892283937887 0.21189033726812259 0.11846694687358456 0.44449814515700187 -0.23005546141301048 -0.26826045141947752 0.12580767835892159 0.251923972781537 -0.041263938642137114 -0.62242395836876629 0.23424603123823448 
-0.49392531523431304 0.081737978298294239 0.32243966438158433 -0.28399795680112822 -0.23729007700433233 -0.0059318519754888522 -0.31396500400256377 -0.45534382508583965 0.11967009729855979 0.027249410883574212 -0.39919481979719657 0.16751343889995338 
0.25374994931242639 -0.17930558139675659 -0.32779499994700834 0.16961792914620691 0.066404037229208387 0.59585115966404911 -0.31057313614821286 0.082998407341732028 -0.44172711024235245 0.12569197606096891 -0.29528382587723179 -0.079588366489134366 
0.12652459740514124 0.24789161347268704 0.27992718481927509 0.17317181199428111 -0.056979244371756013 -0.15099291283923547 -0.11024595485376378 0.59749323986624459 -0.40859453939649648 0.46475132088469751 0.18441052425999371 0.045223924423501136 
-0.088847927185842959 -0.31103736625133926 0.26084309591271232 -0.46752987505005239 -0.2837172624830262 -0.063063391211246447 0.065183869763657379 0.37142929813387565 0.19971739698507457 0.29691440336511737 -0.49702830812672488 0.083516588086301455 
-0.67924525190669816 -0.14338248311213939 -0.14928675272195074 -0.30860638544028007 0.013203197992283439 0.061310151639459486 0.27086196585962435 -0.4754230083944499 -0.10312249495491896 0.065176548796970532 0.28693807559533635 -0.00085107544401420243 
0.47553098867093652 -0.13839312812307189 -0.13947336241878638 0.034710175807267263 0.06014045140462939 -0.64670759232616359 -0.35589708315761315 -0.012028132455523942 -0.20627342532299162 0.36739599593153166 -0.072593281406518578 -0.051055693205463534 
0.22042702275465942 0.12639341101166432 -0.080135889778194164 -0.28644480798433375 -0.017284811834291598 0.10337940621725759 -0.46919651914816157 -0.42363141343600996 -0.46687367406257063 -0.18472982850810452 0.063145802772271706 0.42460063657398656 
0.36295061953470908 0.14230795771947127 0.15008169632652094 -0.048163082753947192 -0.60296513152613984 -0.18639103587345768 -0.28784443249506692 -0.13575806058509382 -0.21517214243598048 0.085327376193457219 0.517773053556986 -0.04369337954027467 
-0.083445880222323035 -0.093466496021647319 -0.35974759782398746 -0.67449817221088193 0.0043065609495751556 0.10991026969316292 0.49261768233711672 0.29189390588737119 0.16747022445378984 0.01579939353985425 0.11817913676656464 -0.1330391985885083 
0.19104785207411262 -0.4519048403298227 0.28192573162827417 -0.18738456246331214 0.14594409847781431 -0.18752074121359541 0.04161903032581131 -0.46642561935548799 -0.16041601833023936 -0.012322266024828702 -0.54697021405013513 -0.20946927823302922 
0.22516234341124536 0.37296673989712309 0.079946457899782927 -0.077553161294656545 -0.5498439470806562 0.51280982262378905 -0.21437874793900147 0.20411811981954353 -0.15591440803018203 -0.3015203262859098 -0.14623449701771607 0.09087754641453831 
0.13503490538133378 -0.055832336073386737 -0.083889526023275499 -0.5044437663097463 -0.10504915548729619 -0.12009772327599938 0.056306624524393722 0.37324475802726864 -0.67374347824000513 -0.077181510567096684 -0.22065487161871655 0.20157046572799558 
-0.45399918245695325 0.40870411687217817 -0.4197894489926593 0.29396446412153804 0.19511803234038294 -0.35064504262385882 0.32789031192331891 0.033979535118484346 -0.084055031937514152 -0.19379022051056646 0.19892892828560441 -0.10161262293045946 
0.17814881460513762 -0.29182290223243196 0.41643417458785298 -0.23603009728721713 0.36810241078593053 0.51270137582195563 0.4243016679061945 -0.11673597509193089 0.0027837591373196056 -0.19372693931039861 0.10729932600651952 -0.1135890154970973 
-0.15671932384765833 -0.1739006622693591 0.12691782650086092 0.052221557747387584 -0.11552385353869782 0.34977454041529488 0.28957041118406118 -0.41251700140389913 -0.37515006365431436 -0.29219460106004513 -0.35389918786718844 0.43045697549985412 
-0.087836701049614718 -0.2280155193923096 -0.27985990924470927 -0.26212465284476966 -0.43367230099272053 0.15257136016308789 -0.21765731367036797 0.3976898622102526 -0.27291989769534936 0.24645749166643013 0.33185974169009602 -0.36197190945295238 
-0.32960812206810552 0.40625992784541642 -0.29458761315082921 -0.56639791933295813 -0.25823589119097906 -0.20922736509080847 -0.18437448672212001 0.015742461605990854 -0.16836768286200585 -0.32522730330499283 0.17725190877901595 -0.092089821264355567 
0.054253089535947333 0.21682250116031371 0.2720388157838452 0.025480394044845114 -0.61374248094990758 -0.33165571154331974 0.013272377176194344 -0.0013924490043433606 -0.34480681619879888 0.10342318918761945 -0.496506444385033 -0.11149014658652401 
0.023531748298498939 -0.02307685107814008 -0.32959853177328136 0.29508295059866424 0.19187499418692297 -0.2522289707188019 0.27326197873972607 0.11076485959015106 -0.37531868109884137 0.22428297138917624 -0.60166165089778023 -0.25032866371705909 
-0.25890596699009188 0.48644484982471603 -0.4143887770617849 0.020162069934605734 -0.098290611224056981 -0.029816367451754578 -0.21983502321270393 -0.1039709588190844 0.29273875546453509 -0.11871409409369436 -0.28433430547379701 0.52334698874546037 
-0.46395434344720282 -0.49956176009109415 0.019756778749860877 -0.19618167699378877 0.14268520714707963 0.21038098739887881 -0.53553951798758015 -0.11414092123571615 -0.27609458599458975 -0.059579640479212645 -0.077041184857058131 -0.21481057421067867 
0.20049888497773236 -0.29698002935642942 0.013871860753264586 0.29936752666616756 -0.28927178239508677 0.21934260471498448 -0.65887315837724503 0.021798266645722802 0.2566791154620528 -0.24948728983592325 -0.0025737569285901336 -0.29542624937948903 
-0.39796301654415783 0.2568172339727689 -0.27261662956622562 -0.02444897933683763 0.49920263531348391 0.2989991056912692 -0.39617979494407457 0.21832632140393521 0.19518674013318871 -0.32704196593542062 0.084670665942418621 -0.072806489857159498 
0.19005965374865202 0.19388755899101004 0.65551682966025482 0.2620185858300334 0.049715521873084652 -0.2749552815582339 0.23552714560822474 -0.26300693942812647 -0.068535561294871483 0.37059620256888026 0.1173902900606941 -0.26342363978703121 
-0.10220179480204308 0.31715241956937829 -0.27646443481181482 0.12890421406482916 -0.32445821345124054 0.023152010020897035 0.019973045697868178 0.63362589294906801 0.16766496908685216 -0.098465860926316928 0.39348969744817985 0.30917503706217175 
0.12311962969273128 -0.28744638070293699 -0.075459496796812367 0.5877330480268026 0.10845962998845686 0.22624207632350687 0.28592735733832703 0.39622960587097844 -0.18093215684164457 -0.092394986699443904 -0.1167423487326157 0.44100848743723836 
0.2803473820057224 0.1603564037027107 0.30849278647811562 -0.052721862295433138 0.67096308138508298 0.0084336801374446276 -0.33497988714898974 -0.25419288012191144 0.12251704416428781 -0.1361769709944419 0.30665516105964374 -0.20751786702643288 
-0.19276528512350671 -0.24877882799774478 0.4154026739905774 0.27388032392872202 -0.14509692486346559 -0.029785185791330004 -0.21598305999750469 -0.64014306338091975 -0.10994536912858081 -0.24526152575366159 0.27732733585963915 -0.16080135595388123 
-0.36540905457247891 0.093365709913431738 -0.36667755647943062 0.23876287427086873 -0.13343766595632789 0.00098392068069719121 -0.50407179360095866 -0.20722981909516505 -0.098072032856610258 -0.047275280993709208 0.55037484345760512 0.19155738706264772 
0.15147473603636785 -0.20135200967341518 -0.36836792266141483 0.23104876935189989 0.19458742020542732 -0.22423010843789232 -0.10450179447145146 0.29248278806438921 0.639828788870064 -0.32908166284324064 0.019104470183399204 0.21162112280379317 
0.21561415003411549 0.01430857955820553 0.011098717071717862 0.64681390464114852 0.01289931873950177 -0.35604706490623966 0.11843510930175374 -0.037322700352955665 0.23596865076041393 -0.27799340151939772 -0.18667487710603631 -0.47397213525323467 
-0.3397184092686969 0.29732409425667056 0.24371451240917108 0.57337659702474342 -0.057170077979946402 -0.13771175070310407 0.36353327917565798 -0.12942783616692574 0.061678026950371313 0.13876054140986857 -0.36086157195066637 0.28915671337757048 
0.30519663216860504 -0.063368257060846214 -0.24197368192573843 0.16449357425817682 -0.084193031783170266 -0.37423662296623783 -0.12041344792595766 -0.080004173978083237 -0.15402377314654908 -0.47437105907880778 -0.53942320451153458 0.33084721576037479 
0.26671703226854659 0.16438482901442639 -0.31968790902040822 0.581770190810182 -0.48763383887813599 0.052102267614430306 0.072878772060027477 -0.19661185028719969 -0.36124023777379927 0.083844293313849239 -0.011750486746711019 0.19761413803601849 
-0.32320482414991408 -0.051682963659560335 0.38501506890564835 -0.35913841772293731 0.14382962010194561 0.3517714423841985 -0.04059011322390408 0.65687269064394305 -0.15010712343597649 -0.062203886434949819 0.064660889121893023 -0.086652222520199523 
-0.41598330349128732 0.28516499989310146 -0.11676666522538429 0.084401300244574845 0.14232952611657748 0.4449281571758068 0.15995605854358283 0.20183321650754218 -0.022733492352614185 0.44765582772803153 0.46468088539115759 -0.15329238871280612 
-0.11214070808850009 0.18858060660088133 -0.30999165726628342 -0.060704319094906714 0.41851577493134406 -0.098302079703537049 -0.27178879290062591 0.08817362839159007 -0.66950169469558962 0.14672165072948773 0.21388049071654655 -0.2647921047524569 
-0.39139247058194487 -0.19938364649318432 0.10733612315939839 0.48242345444879364 0.35481361415856705 0.44724655587014089 0.1564925691803595 0.11020129466308946 0.28505310909393305 -0.021887927025493626 -0.20342987425518644 -0.27772317254510015 
-0.12981489849030264 0.06689410363910421 0.16721805278509541 0.29914258429235652 0.46388934423884154 0.059421379869909877 -0.10782499207372276 -0.11642154664398333 -0.4537588141912936 -0.50971891269281899 -0.32601591563088794 -0.21289403451853192 
-0.31124832524712959 -0.085642103751829929 -0.29399993093157523 -0.035663541379644989 -0.038028537139261701 0.53828423516296597 0.25933269961047967 0.15976276607813419 -0.37472222053656162 -0.46657439815771218 0.13926276897103629 -0.21588389043330358 
0.035430939064783812 0.26115045621545263 0.27242094148163976 -0.24210217449470792 -0.16464179184892883 0.038628636051196069 -0.46365630560376869 -0.051484224609506787 0.43412339679861123 -0.42955674631346941 0.33564085602469002 0.25662163408819311 
-0.15443807355253869 0.2103691933787516 -0.40596972316814867 -0.46421581979602689 0.32809194381459339 0.16973419847408233 0.077953294934278897 -0.3240339925259681 -0.26216426557750272 -0.059908486278013824 -0.47940243570019658 -0.043718988736369285 
-0.027827288784911978 0.26922208280602966 0.0044534031777451995 -0.33741745767097092 0.50193399207527978 -0.47751227202273483 -0.03683670985038083 0.47958851854371048 0.015580923455996125 -0.11004303281151991 0.24290836281607192 0.17378215952992065 
-0.15166073053006546 0.11205433578950649 -0.063348051239755884 0.020467806504884757 0.25919721031598358 0.079948832321868099 0.27609341844776575 -0.61317848365121674 0.32167802916615162 -0.39814789077577584 -0.026147939742984877 -0.41417181418880344 
-0.35858566951456283 0.030022937258654774 -0.20128163502920532 0.49007447111168267 -0.31566893626833142 -0.077868689526980589 -0.29551036732226266 0.42273159915572878 -0.29945163767555522 -0.2153927814309041 -0.16184435483481699 -0.23628359227333398 
0.42410407673144634 0.37906367143659742 0.15748774308465288 0.14902381521131053 -0.13842019801600824 -0.15463623010741639 -0.3888990058609858 -0.58543708295399832 0.14134512503830732 -0.049370362330125976 -0.25287057217202852 -0.077621165396148148 
0.46570538034792563 -0.5754552434637733 0.37637719812060888 0.073789244666339709 -0.3137502386562076 0.073628299034423514 -0.045701906774958896 0.25461987344716469 -0.34581865727721783 0.10143000996382749 -0.023531474724503756 -0.06043599700391819 
-0.48295242874046779 0.32404782892342221 0.28227040539998244 0.12530404610164958 -0.45072162665710092 0.11649524922229682 0.094908684452994274 0.0030964074315672817 -0.45075886146580357 -0.059754998323161758 0.29672814223357796 0.21408431761873103 
0.17875212764202653 0.58185528245734619 -0.11559514819182748 -0.14162435557035499 -0.026657358674678611 0.20248459646352771 0.42926598322326204 -0.29227093451774533 -0.2849493828714737 -0.37056215794288461 0.22782364903622074 0.11939062740602067 
0.18164095891103413 0.0743637436532045 0.26545768328252073 0.059049495065916537 -0.28846631149909641 0.49840588106400691 0.33622838734761307 0.1007269483730817 -0.12855465820254031 0.53400643246162627 -0.17505021823841416 0.31681783487866155 
0.18766857126993378 -0.17831739164988988 0.48058748981353927 0.1855044153029427 -0.51991502582549676 -0.060595752482733106 0.093982741680691748 -0.16695527332218629 0.49032793738424335 -0.179095300729469 -0.24774330562637925 0.15180097167997361 
-0.60978412652725356 0.015920318626200431 0.40671083689720722 0.33988344290567474 0.33501078433567116 -0.21751462113841802 -0.23285849361116312 0.17432861623105286 -0.10350518363941906 0.058255214014644639 0.2896943177757253 -0.069189823048213056 
0.35140115981181502 -0.036134154483604221 -0.2570176004472865 0.213458005283269 -0.12622769715134477 -0.26791445950264714 0.33848379143800633 0.42366254792170621 -0.41158996070104292 -0.24993506967933377 0.30018775263110847 -0.24460138685578081 
-0.32992033686941125 0.0098953072638086285 0.48228623741826521 -0.44923557983168982 0.31473347377667643 -0.14254546694860987 0.1352382205485099 -0.061296225596228285 0.4543165439909122 0.24669310204194558 0.13456934277757673 -0.17276904594640774 
0.056043043097044769 0.69248426997917722 -0.4003586140423615 -0.10723632676540651 -0.17882765766745148 0.081631541384471124 0.17198658864703567 0.27228534345127375 -0.24881065642578934 0.32569263097270029 -0.17108440996847199 -0.076967661729487505 
-0.43029175488070626 0.36335123515826717 0.17260998351643153 -0.23079232883372874 -0.1067528993044365 0.54945991562711993 0.31039662427784664 -0.027224379856809856 0.3692502141672494 -0.18114558088441868 -0.054553239653655418 0.13130297188886383 
0.056818902842833391 -0.18185618598797459 -0.35848349145361158 -0.0018895093435006729 -0.33993653219398556 -0.12922773435389012 -0.12330812439777156 -0.35037017525093272 -0.46724688852582263 -0.30801224608753047 -0.10707563601395009 -0.49021297321510682 
-0.085828521840027108 -0.316616684180895 0.0016268748167509073 0.13916966557092833 0.69780795843995846 -0.47000889994386214 0.26705469258465803 -0.16427034842856195 0.029720685475290224 0.13189536366646043 0.04824665355093713 -0.21508552444703302 
0.073218375418934237 -0.059141926687886773 -0.17663813097394759 0.19594603543639488 0.18899160357306938 0.056751737121111256 -0.13209316627638026 -0.50086602353216336 -0.073391334864166768 0.49831332832734593 -0.40989320727117801 0.43883545584802885 
0.2294523349113464 0.13089685662698158 -0.11679836889922898 0.39931182819531374 -0.26469717433020606 0.11142265545907221 -0.14857765903866782 0.32999935052416268 0.29625242534945945 0.18446160667448841 -0.64655352288720047 0.062034729263176769 
-0.22204060626729105 0.1060466468794786 0.15219561332453629 0.3938839062278584 0.17893799349797679 0.038058899481668906 -0.29482162399373124 -0.37070220202071302 0.67873161302917695 0.12989513331093158 0.10357274446437297 0.12271993346822355 
0.15797585466150088 -0.58628206935994986 0.14445515717801935 -0.4140595511384893 0.10999049457656875 -0.015499977210186807 -0.19518580827444515 0.26522353437618962 0.30264877337470886 0.024350279375815159 0.44914277645115375 0.15590615532441868 
-0.0094468231139509529 0.12970908677742582 0.418743165202006 -0.2628157289287264 -0.081469558997139452 0.36426745762982832 -0.038847983712462911 -0.25553581177530416 -0.64003170057548531 0.14033255531622235 -0.10327900923018345 -0.30419109179020398 
-0.18326451570207045 -0.039367694808134887 -0.043369717722544852 -0.18402089046254361 -0.34756918484526056 -0.32434403691175945 0.26004159004065186 -0.094255839690956328 -0.21127787300928391 0.75652967322700981 0.092115603629289527 -0.033907615941013748 
0.010102093866749831 0.039919940332349871 -0.42668356150374698 0.093023894546245253 -0.39885386650433813 0.3259273428409773 -0.21689324944841881 -0.1227864063554039 0.3812674135158286 0.56975495485429917 0.097934805859827084 0.02414624570426889 
-0.20475900369655839 -0.031121507053986266 -0.10545896282598173 0.040015312346292554 0.17336686381407221 -0.57154325655846971 -0.56968533403604948 -0.12498976971711287 0.10014794942485786 -0.42122578578371139 0.012429802470326275 -0.24471518921580687 
-0.26960934039401374 0.69394268325870179 0.15566565559418311 -0.12888330077975979 0.21119707814375749 -0.18612611603662246 -0.15814457261466217 -0.37151683036855621 -0.097958698019210075 0.2780654581165819 0.22405425711525934 0.15972927328445369 
-0.13169718247408513 0.05073187814645428 0.0049289734458764674 0.45945904757413164 0.46407133670473233 0.2332700848576659 0.26179738889058324 -0.42765527053879415 -0.12274991613374651 -0.014552719971403132 0.39701836526595202 0.27358411919069753 
0.07071619812731586 -0.22144740058341203 -0.35876232865091534 -0.51803370768504231 -0.085893798952685799 0.28000934553308132 -0.37829836186778876 0.15765633843598692 0.18524311205904007 -0.35862924745108749 -0.31380631427239114 0.18368025709142258 
0.21361057899548203 0.24656429776975189 0.17030144472527151 0.4809564364457658 0.12613010226814453 -0.54115877107825272 -0.12052812842726036 -0.088968870507219813 -0.098932823475918225 -0.24227325983115078 0.37186537121689228 0.30867927302847364 
-0.10882475991688136 0.057851222071846627 -0.52164721349520438 0.20350930156161087 -0.0042625953487473844 0.36309424521578015 0.65255098473686823 -0.17562229610354876 0.13516686198468364 0.1730877054873815 -0.15576573971721833 0.10131425036702528 
-0.57673694836142642 0.24566728326605872 0.015260725270327886 -0.16270017385544935 0.07814318996913204 -0.011733398902578391 0.013318188081343715 0.077168940912591438 -0.10364289470696078 0.038822349491680688 -0.21290051624091191 -0.71439886435829014 
-0.28197338060354954 -0.39937161859006259 0.012098765437518704 0.43906563945478527 -0.026298938834766309 0.13195391154546454 0.23988167208745745 -0.068130259509687693 -0.59783636373309224 0.23865847192306183 0.1458249619227118 -0.22836108613000461 
-0.13382938215178955 -0.33226069146682907 0.29497170391942595 -0.55756455838527486 -0.5147057316696485 0.1620196036628225 0.032323268505122987 -0.10345797485261461 -0.12416562510197481 -0.3616866232721398 0.15602701864461771 -0.017508615255339199 
0.52265010781435806 -0.069815143221056919 -0.17419614148712032 -0.17332227597983513 -0.17891537366643773 0.26014733440396037 0.47091157474849177 -0.0057432814160577406 -0.12530444348536326 -0.25795578603480424 -0.47382715839218265 -0.18260666290581001 
0.14874975110433666 0.20746495961121983 0.18406922496256883 0.45823890540771473 0.051770515694932295 0.38230799928314652 -0.25228520163871504 0.11920839867238189 -0.31782605001149039 -0.1761284702814227 0.49705375684179898 -0.29184293186760996 
0.036130600576300277 -0.27686045040977586 -0.0530095683841455 -0.46249230945265185 -0.24791569526448781 -0.22692515405813532 -0.34812829245466709 -0.43854529209359855 0.26672274463059603 0.22064259552227222 0.12664625966547982 -0.37815045786140083 
0.061780869752862462 -0.038401566975040193 0.68172479663789143 -0.35842420540701742 0.030784298707965094 -0.38189269399797021 -0.44205910189648584 0.087190776672207759 -0.22211051800069614 -0.044110043570476092 -0.020121391569198337 4.4526489569065517e-05 
0.16036657369999402 0.40290523948207285 -0.034552346234798359 -0.34987275629932174 0.11761830074897923 0.16871222622870558 -0.18096645309090936 0.43287055602473729 0.603924198643773 0.22268799595209191 -0.10258354067344795 0.032919604697325029 
-0.19224098716342858 0.16221748955491705 -0.013238367262851969 0.54375523273607484 -0.19814396897408743 0.19165484072465858 0.037231110571012839 -0.062162484438621886 0.16989912320910996 -0.70262097455068495 0.070615976652279186 0.17919927136296313 
-0.090178986728198116 -0.69451871003574372 0.12229529012107342 0.062104634841169036 0.00034881106054991906 0.05069214295100366 0.12432911556706361 0.21902403185060046 0.12903324833653873 -0.57978318205687196 -0.25886678898648796 -0.069922712791063588 
0.29412035671142289 -0.12034261455224435 0.36532224371889366 0.1119975772025065 0.075158031791931978 -0.5647968193261792 0.39516497131675987 0.4077731379010362 0.0067189638754616889 -0.038509162045678169 -0.26641358157258843 0.18282317123122976 
-0.64149842768985477 -0.26507098505254634 -0.10265961205039779 -0.12105132864285546 -0.32592834557834638 -0.014502879899456497 -0.23325970024539952 0.21109494383701488 0.50657592195634416 -0.10644334827980345 0.12571325007272172 -0.062135051705566241 
0.0056854699060567308 -0.10255189069337761 0.32697481084297692 -0.22324553120064555 0.17980065237517082 -0.18819734138579527 0.20932099362459713 -0.086371627699563483 -0.48152076165621055 -0.1021326136417797 0.68631671018630769 -0.018812212028055133 
0.22423377377998005 0.1932736613100173 -0.50194511387622032 0.04182602502848895 0.12489416247849007 -0.11663040349581937 0.1023669395531344 -0.61392377688411848 -0.13979745006267652 0.33900630636362306 0.21450049114590655 -0.24820260342754 
-0.40316310620439683 -0.019089386486738677 -0.43720615631904403 -0.26678600416621434 0.35208559280645985 -0.27614340322493336 -0.28021349120906031 -0.026843748655771431 0.21356069203948416 0.49706429003523367 -0.019484962800910867 0.047441935932025496 
-0.16692306947651384 0.24383924809387955 -0.19232782255293046 -0.052795300936187006 0.16772511864987083 0.049262373636604628 0.32334224497744657 0.55010438205317735 0.043688597214839045 -0.43021659832207343 -0.48380147899433368 0.11882488517792063 
-0.3736289892980621 -0.14785977106823467 0.050908313392605299 -0.03967505400485935 0.0034434455835951169 -0.10145414063492006 -0.32308153578145149 0.31024623222370301 -0.21717229192738208 -0.46978090359103802 0.043048146576834652 0.59474604004408649 
0.0048869989760149495 0.08991768251501546 0.51777480632073813 0.33784821676439658 -0.22541744057514643 0.23250973695373839 0.43154962702230576 0.32289566431094596 -0.18502506131492644 -0.25201779057474127 -0.16025519517317369 -0.30142876673000785 
0.26936126834911001 -0.28162310383894718 0.38334593323144245 0.2654979380244345 0.27139830139622934 -0.13049353957615673 -0.21506397147111983 0.35375275357945857 0.43776458865514928 0.33802790708947622 -0.0073771803381871299 -0.2503106603280541 
-0.26306035230385993 -0.31807979937281822 -0.025167884052763132 0.057358653505613914 -0.56244047606134084 0.47171732990295862 0.076027876428560681 -0.097824739900888885 0.021191563866182973 0.062481375349465261 -0.41122362698887194 -0.31310818025837472 
-0.45128846141584167 -0.42374249793243618 -0.39660120114245284 0.45689128112885452 0.020338105032114903 -0.16972504696730187 0.021639586830552199 -0.35999895422920813 0.11025398088419613 -0.16369092729041171 -0.20124881390329066 0.10954163863819127 
-0.045999005184698016 -0.39825648919826412 -0.016076200157564901 -0.21663090892578696 0.28183345783763342 0.29451791915662234 0.14734372375680965 0.096808585551431167 -0.048703683213842941 0.6140209373601665 -0.16523376062369236 -0.43375054082596487 
-0.5232328619670823 -0.19026677935537573 -0.092082924969011964 0.021242026403010449 0.34834636029082988 -0.042979554941446924 0.38827328060660704 0.26719948703872637 0.31104440369817099 0.04766919227450369 0.14087177877620577 0.46570964116891383 
-0.36562176289159781 0.10126012451497783 0.52164244863302922 -0.11203652514311128 0.075817954087836023 -0.32258999568515179 0.32123711862932336 -0.13682906213660667 0.025910957660326469 -0.55925009460824748 -0.047579092241682816 0.15485517210551805 
-0.11191698852968021 0.75282760975323948 0.27431155979424265 0.20822224976767775 -0.031370816524294583 -0.22499792194948101 -0.21495046526158271 0.3013239075519204 0.091562553507274144 -0.26154054553662498 -0.13857830332211968 -0.13237349973120871 
0.2938157359564087 -0.23101755156875872 -0.40223449108142151 0.040997649135276391 -0.34506525373389263 0.14461622771985441 -0.073140467737829201 -0.51532512411428877 0.27175872899888875 -0.37137049145796569 0.22546176797876338 0.15275653625889885 
0.0046116079935094928 0.035387012417144599 0.47531680651425329 0.4999796091724974 -0.12063392764607156 0.13770312870287335 -0.48170420787319557 -0.033173906871194092 -0.28629241919437437 0.041035833640103533 -0.22723353393671539 0.3476841961765284 
-0.09452991152568363 -0.2663488600168375 -0.34049368941831909 -0.1563198642089865 -0.18651328648353616 -0.66360770710236061 0.080971808459456326 0.012961568124806956 0.064332371273027988 -0.035877889119216425 0.51444595760369261 0.1666828633202285 
-0.061313275945836257 -0.30953257380071203 0.096521819281547017 0.64103889738815234 -0.38137845070026744 -0.099494259363219151 0.050919530440460471 0.12285063490315574 0.23754012867508717 0.12272724952841919 0.48526422268954356 0.013437807694232411 
-0.19359696503152291 0.16671858808671189 0.58155056798756455 0.043360230562779253 -0.3956737657259593 0.31062584382745456 -0.28353584411700899 0.1106328998467727 0.24254692814746268 0.30445094955078383 0.16001957383129625 -0.26802973824860571 
-0.22489617099305251 -0.11257324123603835 0.26226037052704881 -0.31860949097324215 0.66194152026591702 0.13236616294809611 -0.086883185938442187 -0.10877389788086464 -0.32928996206648398 0.13396353486793078 -0.026660327009812072 0.40533906906461531 
-0.25215012402356451 0.21691533779441305 0.20652175248981752 -0.18171042163117734 0.30289497208281596 -0.020080594006645715 0.72212896452199693 0.10863642921019429 -0.358119042825643 0.21789152924875682 -0.10952026187923117 -0.023596079481910052 
0.35242385467441939 -0.20166116303048801 0.37673501471766324 -0.30146133197234642 0.092845486595822868 0.43388001816935312 -0.45826085556667756 -0.15156406625317193 0.15584749894557626 0.2608241640199363 -0.25680483864560094 0.11920046520429342 
0.31621628464486168 -0.24530163867270668 -0.083641277346298878 0.068907767121496571 -0.15027397839663911 0.59927020198599712 0.15742951544250361 0.51630639646254406 0.33585102989566323 0.0077682822055097278 0.1102330670453513 -0.17326062233345568 
0.64791955182897265 -0.051628711978691268 0.0056303835710722989 0.21884964204401872 -0.11786839775041642 0.044337691202428746 -0.24812345447249079 0.063709527906366317 0.25308584263281503 0.23082054479844255 0.17192658601752622 0.54884934375339434 
-0.095780270705274673 -0.48314367278702536 -0.10352315290346621 -0.24602177321522828 0.090286183574165665 0.2720297301433543 0.18295303770713101 -0.33337271296490745 0.61903819522008663 0.10276379619905064 -0.21291150787345334 0.14245571658875283 
0.055008863227513423 0.11460545356682891 -0.39293644542971706 0.67857712388890334 0.34855398406632848 -0.029508132460795006 -0.2743081332368717 0.20832408387150328 0.031732744122176741 0.33779290213459701 0.10991149937418 0.027885779880271654 
0.22307915695275018 -0.32083949924417965 -0.051491298171279419 -0.45796231272520505 0.32939915013276744 -0.094332255929752473 -0.1168038109914156 0.24691076239902496 -0.17641436205897787 -0.28927685935223585 0.022176075827290573 -0.57237359782747954 
-0.23543600086064981 -0.4035982084927805 0.35008289270006893 -0.018123305936182492 -0.24842266183262796 -0.51894321016942624 0.16080935785451125 0.094674748140023218 -0.055765715866775492 -0.036087479038048757 0.1047934123848611 -0.52683894819026422 
0.54098013975265447 0.44538933271685949 -0.47738741546183849 -0.02464923802343652 0.089289125939059591 -0.11477174712883485 -0.3602104422251689 0.065450517334766325 0.015790831001157565 -0.27433621361123184 0.21583274209470879 -0.056467561121202284 
0.060734109012399867 0.2425060050353636 0.62665066876097597 0.18625560189977675 0.31255783132142917 0.18316465766249396 0.11604449322835785 0.28008701172104244 0.23477681887160048 0.011645850171401432 0.21860734158698125 0.42885696571793985 
-0.010487687048963031 0.32366716552510261 -0.068034170431154006 0.046253114231672422 0.041604484826938078 -0.40613244312210384 -0.18617058839203152 0.12409616744568042 0.23334440625112329 0.29119913671592779 0.51432717326064337 -0.51754105526118943 
