# n=13 N=300 max_inner=0.4999926300247215
-0.41551300424266957 -0.25576888593855657 0.37529898489916846 -0.2933130216056864 0.010465412343923416 0.036870351699466883 -0.011726100726591113 -0.29281622940446828 0.49317890873924158 -0.28077228755306594 -0.33666327694561882 0.052192478563293593 0.097861329977436851 
0.0058550453478494495 0.35646606495067962 -0.10605559462803239 -0.69240025513060999 0.031344567899701914 0.087451548319671515 0.18979825981106238 0.34913509368812257 0.24568176325955657 0.38492587847009457 0.024818617121190895 0.080129877225079083 0.010889927421759425 
-0.61747091321624703 -0.21392853435558382 0.12057254266576212 0.40194929913159833 0.19675360198348035 -0.27626700505679513 -0.19354423870284448 -0.22021773028773059 0.27428097013698938 0.082278887366779629 0.084027789119943991 -0.29526306141504899 -0.14011354928147024 
0.33006240183200025 0.42173936925562833 0.11539266300940031 0.30578146548455365 0.45454878798178155 -0.27231424444808061 0.10760721412090257 -0.24100977500690973 -0.030997842867822523 0.09972487006290251 0.12440383300597876 -0.12612007691285559 -0.46222696589780399 
-0.37705474016575075 0.077287934892843746 -0.17561064889743322 -0.34578247995176437 0.40377024090608993 -0.51922646841349807 0.039575396098961574 0.082916316798846049 0.36253474823371779 -0.031928978038979282 0.04951830251423333 -0.075073604364156915 0.34618608061093414 
0.52888733203614258 0.56815291373082144 -0.14448376698319229 -0.063298879079276907 -0.095438790913850366 -0.028369612318316285 -0.25688134767456211 -0.1437793610022757 0.31699182335944087 -0.059872948351062001 -0.22908825930143059 -0.19370687477331588 -0.28627233635790666 
-0.16832796802075475 0.060977538213431992 0.14058396826446934 0.26258853863536707 0.29457953394766512 0.17475878945702181 -0.41339161947168829 -0.31421520354779231 0.56265482625475383 -0.057956761711026615 0.16111582561658022 0.32500090717173807 -0.20190577528668188 
0.37071752474404951 -0.10548704919256353 0.18088727995601434 -0.077256029457457118 -0.28957977137014712 0.32181028335593354 -0.12009738980560725 -0.25649720774338036 0.17687203578825378 -0.53247726273439677 0.12607163070769317 -0.45680817826711412 -0.075738193206443316 
-0.49110042496641593 0.083196577879315989 -0.56273216195078957 -0.2953057275773513 0.18721016943948351 0.06525534722845315 0.044607859553057808 0.068928677815624353 -0.18340797364418626 0.37904571520153313 -0.26160151168876011 0.19616896590979105 0.13321808600008953 
-0.1853554538091747 -0.4520252956371999 -0.055478655443656884 0.47881793521779931 -0.14190200678391282 -0.17953078382614054 -0.41687192639271509 -0.058085215660876793 0.070750805599553768 -0.187866786955564 0.25058664429834493 0.42170445696310971 0.13609001774818338 
-0.25268324390824892 0.29548842231667294 -0.46508827053500496 0.063541574350031813 -0.35644020458524811 -0.34523022817843185 -0.28221403412914281 -0.12571310490463905 0.31835138625153753 -0.19129643879802258 0.066773563898310739 0.027138681381698757 0.37904342004534203 
0.079971169207184722 0.19314275045799653 0.10510082787129309 -0.2280915644921486 -0.0029270856143592187 0.13524862017402647 -0.39322812603249735 0.46640709470029751 0.041411796836460971 -0.052293319713530448 -0.39788469245285962 0.37793434775521867 0.44403572169941441 
-0.22057720879498852 0.40926387043926432 0.043891325673175309 -0.32107373457064775 -0.47520316021728387 -0.11733829706928091 -0.026532227086131403 0.017463999907326243 -0.25256942682172689 0.17829521806969956 0.083981521448948201 -0.30743265891414978 0.49100965585494005 
-0.42175140083493784 0.049002115721535497 -0.16976315178823967 -0.016715742781158775 0.32151281991077091 -0.26378849673014787 -0.17496242199305329 0.024494220026599886 -0.025126501816541393 0.016538689287239925 0.60074834451001402 0.4702823406507729 0.059076237116929102 
0.60200174765964454 -0.12965593232540651 -0.070002035464179782 0.097693247014981749 -0.068573112523219376 0.16742745437804901 0.20093909275245447 -0.43379546382843065 0.20566841009703493 0.22536794731887588 -0.25842551752989484 -0.12029484026682438 0.41316452966728112 
-0.15250445008486246 0.47615976179072422 0.077510563478221356 -0.45463909893142646 0.26937107386636705 -0.093979969613601194 0.31591309864309869 -0.44235964706953701 0.081551504050248802 -0.24177917662333231 -0.11152017117615856 0.090398304026093557 -0.27334429359709184 
-0.32587273695632324 -0.037143007579369391 0.088051766408495477 -0.21920450976595296 -0.37531684343912669 0.055011202332554132 0.039327757034796164 0.40965849591338227 0.57341070090286039 -0.051410641136665138 0.029978993268753661 -0.22560243888246237 -0.37433917525349175 
-0.058609911660230274 0.30238779162516255 -0.26505356738773084 -0.22943390142231165 0.39643095254777205 -0.27306495953795629 0.18163277327955904 0.14878035088653235 -0.62007640624084026 0.1061456371015897 -0.032836344197165732 -0.29925561039788401 0.094822844888592328 
0.22591054487438889 -0.089979220294733375 -0.073214900437214875 0.038786431230275586 -0.50536697682517284 -0.053778120010230628 -0.36666814236545414 -0.071673196050758253 -0.3263610846355996 -0.35593476335615654 0.12459294829538495 0.10828120119312866 0.52505578845899026 
0.127467911234732 -0.15096658511020911 0.090769609779713795 0.27610659534777893 -0.040890112529306237 -0.10892187982467956 -0.099318202355636695 0.11338159443435948 0.2200503935514635 0.13158616774288029 -0.48979710260063963 -0.61059997863837667 -0.40219516204959482 
0.51379811783058094 0.158167707886093 -0.20350344360074307 0.29021725578049573 0.16438607747454126 -0.14864057114160414 -0.12204722257546796 0.62294705087474578 -0.0049637544318842878 0.23361320528518398 -0.2779803924452825 0.02083836192373827 -0.031181791860262199 
0.14505029087529073 -0.27913005914267774 -0.14691050848494824 0.19581345895012325 -0.30465679294280823 0.38399008517979494 0.34027081703088141 0.37005869628539312 -0.21042626783120741 0.38259171636705186 0.28713672019453657 0.21423928574403067 -0.17066867639535824 
-0.39356338259591828 0.096395613409796091 -0.23111838179859179 -0.50739199669981871 -0.096689692657275603 -0.4665698768944202 0.0042868920584558743 0.11306911461842063 -0.34243057948636674 -0.28541498982863284 -0.069698880989945741 0.24803912431598465 -0.14146482485160014 
0.15671079386209999 0.43994682529898588 0.50722146064781015 -0.034646334970994161 0.38009966861622302 -0.092999300283772152 -0.18757456698276279 -0.090011332422930038 0.37103788838889379 -0.40187472901470933 -0.13832410517646393 -0.00073412111837846514 0.093258478443819834 
0.85269239658787099 -0.12399669011830838 -0.080142145972286943 0.1501569688657087 0.053351875141276053 -0.1238548381894336 -0.30444908328761755 -0.11474392540019886 -0.17186797969038536 -0.1302501277283109 0.13844904653952411 -0.19431524590249763 -0.033143793266174969 
0.43330290193607313 -0.31268713814116467 0.2829920943455807 0.15661815952578678 -0.38901443008714098 0.13688300719870664 0.45185003859326817 -0.11144604612815252 -0.074304832722783543 0.011224273492255047 -0.15304462986161041 -0.17827338760889316 -0.40292984559223827 
-0.22851028857028857 0.39022242881586883 -0.2747984619205967 0.46984345464190186 0.17179054107315969 -0.10428704663912607 0.24920652957574577 0.2164735460495476 0.34971433052900142 0.21688461824774843 -0.23240611965489422 -0.010751352472899621 -0.35555973092937737 
-0.23856630630689699 -0.36295263819578072 -0.51962149732700647 -0.064749013772948408 -0.45908686645702934 0.08550019746133275 -0.10364087552411892 0.026314467824803664 -0.17140002523058001 0.24166443881693131 -0.19307566640135368 0.1329109853142656 -0.4061088955268351 
-0.55072840619252272 -0.11997817846199936 -0.30319658425026019 -0.085185242247455217 0.00013135051538399722 0.1224967728856806 -0.29135461112456518 -0.20346916559857234 0.20481595558322033 -0.53166943670797562 0.31079617751845418 -0.079581174464717977 -0.11948508205797807 
0.40302979676687145 -0.53547319824245754 -0.028135902359005652 0.23410645519821352 0.12329048313027101 -0.22554025004590911 -0.076616506197689477 0.16105817087933966 0.23536485757024972 0.50835755963524187 0.13778176781568688 -0.2492776687556931 0.049112199754869898 
-0.21397958005059725 -0.075172404438200793 -0.1882978130117994 -0.19770094814457542 0.30100993310630886 0.063000674936312839 -0.4185579411428208 0.34647396210226195 0.341350524443231 0.12683168978805498 -0.40826970471010871 0.14206772496050138 -0.40587590214092834 
0.36833089863747004 0.37616544808290042 0.35910108034571137 -0.2256876175221004 -0.17844816036398209 0.035642431875039363 0.27336850721083855 -0.44863487310008648 -0.30700209918956417 -0.055000363312232334 0.30692700881630069 -0.15785929600230744 0.13200993992587939 
0.022505087600807994 -0.22038090361353818 -0.100941261866348 -0.10320340276306342 -0.26672719146160823 -0.41264488567115593 -0.61806644690495138 0.4281744187675518 -0.20945125844243917 0.11853169247222425 0.10071127604286008 0.20606371862739617 -0.11314780869787411 
-0.38989750481909025 0.25282360877561033 -0.53548388803638514 -0.2211476751031039 -0.11664706995513613 -0.28487266175192699 0.30548938676462672 0.087999291473411956 0.11654456836081459 -0.036396051737837554 0.35089765175375121 -0.21202163959590564 -0.26380790417140998 
0.01608345258863152 0.17448504402354956 0.16554809342497026 0.10011135223571593 0.058392179875069727 -0.14837863794942435 0.027882417040528296 -0.069426013511240225 -0.12330111331614327 -0.77766671143382171 0.26711949700549703 0.45432432753854629 0.055789529379012527 
0.23594787516330049 0.15222106876229219 -0.44451164966307194 -0.15564352759666061 -0.25484270968209843 -0.14535573373586338 -0.17284218204239327 -0.46631166559815312 -0.38646411865471314 0.17169276007513992 -0.34466875052726192 0.10045485155648246 0.24130292792820224 
0.33207788507427594 -0.30251564582737284 -0.048662706757634885 0.071923991476518123 0.36186899906939729 0.044509698002166032 0.1696969913728783 -0.037575042034130549 -0.73389849302687682 0.00063054441453875675 0.25067310956697664 0.080884280427926725 0.13979103688378769 
-0.35797767787223606 0.44735230486575667 0.19982086754359113 -0.37771228347159175 -0.01128927017578841 0.21454823400146705 -0.15874197974096929 0.093319012054711103 -0.1808159246581714 0.16301553801541444 -0.51354383447297447 0.05222720513788276 -0.28869306829561142 
0.48729752346396954 0.051950261151377762 -0.12463543025289044 -0.1495338645467916 0.19260043408899905 0.24592713000393562 0.67082976550687312 0.21819414280573049 -0.13560279067324443 -0.016017562866431783 0.22120740320830704 -0.21037439442091993 -0.12213438468712937 
0.035519914488056907 0.22884333380787317 -0.18443683976985109 -0.27762737301370599 0.32542993041345875 0.34853493264041141 0.09389577085508477 0.20401009770689399 0.35459421189556734 -0.52653137043168974 0.069947418627756275 -0.29835650646178347 -0.24612151069337215 
0.075878425730460858 0.45088445689124151 0.25686417925414951 -0.081196737566763058 0.12197273967486644 0.12496730255350032 -0.073110003358236322 0.57641682631489011 0.0041594288323186642 0.16938527201260453 0.093694493943891191 -0.45665182064803905 -0.32289275830581171 
-0.30775073471934628 0.0052396476047926657 -0.063338989542944008 -0.33058884504704383 0.26813156612383426 -0.31256408173211997 -0.48565108763291148 -0.4173823376108951 0.019579174545884894 0.12520479020956204 -0.19605512567882843 0.38882382531627513 0.081389309441420296 
-0.33295632371094702 0.22094165018231923 0.42815226817961627 0.34337371521947935 -0.31362195383550706 0.056527300515214686 -0.07083270429734502 -0.26702882652471394 0.13284515361309426 0.13482665099204738 -0.39030127505589446 -0.29481624571800308 0.29351576471207508 
0.46276005914174168 0.30843140812684977 -0.06706601831156557 -0.45981455525570608 0.45995039972868934 0.28376215693837081 -0.20880088438803637 0.053806893539000762 -0.24187485492104296 0.062126155009524786 0.15744868465135967 -0.10324604103472713 -0.1959965744733268 
-0.2509704475279802 -0.59058368875198441 0.076146646175633173 -0.033968428306627378 -0.27789332103929487 -0.61988957150334467 0.11865653235452923 0.047087189540834747 0.16039812845531398 -0.15962819045691656 0.064733424225784694 -0.21657975241602459 -0.034384534417108967 
-0.37553765469473904 0.50709614791185298 -0.29419270362570049 -0.088970928089468104 0.045926486182803435 0.12354773975914823 -0.14838132079202992 0.24746572774015074 0.31614197027261248 -0.29933412307634627 -0.027034682274736283 0.45738881280922444 -0.085136021368918832 
-0.37346336924576951 -0.30812638057644881 -0.16952097220776302 -0.52147604928119373 0.044734523105799152 0.35664450997881642 0.46622052925266882 0.20300230799396035 0.13219890898834247 -0.17101485730262339 -0.16478785138874444 -0.030581108017454617 -0.048246651079458094 
0.092009576884020033 0.1384094834741115 -0.31320457305216659 0.37007340561289376 0.069584033968126485 0.25189771133934091 0.090184602792570415 -0.005063346633970213 -0.031982565363835216 -0.13869646856326889 -0.0028024407059652548 0.62723621561630227 0.4971716091736621 
0.34647082901079468 0.12943941610588267 -0.49983847457677355 0.037523699270987226 -0.030654746820310209 0.4331324421444836 -0.15968322342211844 0.39176109826867073 -0.44730486228577726 -0.13097218957670922 0.047809181056782592 0.097522191418316931 0.12412214850438121 
0.13959278446467324 0.18276161702608709 0.68984859820350619 0.0062249655158066689 -0.3168627896021361 -0.12695586452212274 -0.19104742986080939 -0.012857462519818487 -0.3854492477250816 -0.22278762017162271 -0.086746796097471282 -0.065333438036242239 -0.3286320775976368 
0.016962366562948462 0.070893964123140557 -0.50469214717280708 -0.1869999124778616 -0.38269962744733421 -0.019961188963789501 -0.037657995713685652 -0.044525151206204788 -0.4115668819847923 -0.39984575962725849 -0.0078262735354965134 -0.46623762319571116 -0.089679562684924177 
-0.23458999402419925 0.20477728175660434 -0.30738345488543956 -0.5523637545626362 -0.15321359862540451 0.22991925148585332 -0.19836809748637585 -0.45083405844020225 0.36519706093659049 0.12797661543611544 -0.12249870178512107 -0.14007973985223729 -0.01139305311819087 
0.17988454799894926 -0.30101506757599888 -0.16533066079528932 0.36063541327361021 0.36925606565640817 -0.07834973754665385 0.27012768208931964 -0.57262716378298217 -0.077223676862277407 0.20178566801084441 0.02731776779958647 0.35620713398429987 0.04437407154017628 
-0.66124377803763634 -0.024851349282693617 -0.092220738360815818 0.048554853742538651 -0.18251948140310201 0.29214603319336091 -0.29028602096840217 -0.10823325936059258 0.0022372726549712576 0.0078710027245845297 -0.082751071734078668 0.30204061977472985 0.488354917960233 
-0.22252438274371328 0.23855394841861446 -0.023876761434772815 0.60288463589869556 0.024102129422647462 -0.38526082856311045 -0.082615389202214562 -0.4041354776426796 -0.11101305005461184 -0.37223464309434645 -0.17346496681614468 0.012406126584563068 0.17102862291847748 
0.24846197071984846 0.23084283806142489 -0.016008322688402729 -0.29117618901249387 0.098173476192985151 -0.57005544616015758 0.30511623692678419 0.43918881291397321 -0.026529515861744284 -0.13650780183915656 -0.059204446988778379 -0.10105597523453504 -0.38249019252803867 
0.27168571048354118 0.30889962272693794 0.57731802596586412 -0.19175335276690064 0.33366976119845243 0.22483721427831163 0.25868970289458526 0.11367766771596706 -0.15489006237861269 0.24157536773797267 -0.16819979820168726 0.32361992988666227 -0.060013069874164202 
-0.030367812945302119 -0.027321105779367371 -0.2185509709477203 0.24956926891729264 -0.2659810070386513 0.23348154921057615 -0.12112446067959602 -0.22565937764376656 0.7195556338736584 -0.19787062328610661 -0.32322044583673631 -0.12153165015382683 -0.14585847322072898 
-0.1522280161436175 -0.16407627626049515 0.077740558888238165 -0.66470136551570658 0.31793351029058692 -0.063701878611253246 0.27273596754996299 -0.001082977123131588 -0.15230519682409252 0.08492541255940321 0.52179705858113423 -0.14076723262853977 -0.0034054238759550805 
-0.04156739774327807 -0.18779275348528277 -0.0067041256244713358 -0.43191761677946089 0.095560741681208636 0.20077757841640601 0.20962171021549483 -0.20549428966889252 0.16273707366476706 -0.19862384611723644 0.0080048204983817952 0.73209606266735916 -0.19705860767087308 
0.067004987559520932 -0.51317633392335849 0.42627784299617683 0.49893557075243095 0.041970390413610954 -0.10064290630508192 0.041255898305035454 -0.12344945606813587 -0.063320959412547603 -0.46454521092011486 -0.084169965949189865 -0.19132045611444201 0.095805303384828733 
0.23943091629844127 0.19328846711175546 0.27233140191729555 0.054710357736288351 -0.44343224456168912 -0.73095320022358767 -0.14855180415766647 0.098071858440810691 0.12385195544942501 -0.15087343595830058 0.070481657900735975 0.0038665839764289544 0.14986530485391764 
0.4083361245518205 -0.31620886987522273 -0.25165886404995158 0.040025865787132651 -0.13373892279935853 -0.029581574861563979 0.054176829533902342 -0.04952356109358292 0.18825877335569247 0.097615032665025858 0.57042407705661546 0.28678947196945964 0.43770827721298272 
-0.16622437170104609 0.42506236356281296 -0.054427384800901021 0.27536077853629254 -0.22039968859864092 -0.1884504840474476 -0.00051216467311900006 0.3699088740821348 -0.57525973421699428 -0.11836884551966423 -0.17785568050369494 0.27331428255828416 0.20177912705307613 
-0.044796755254201175 0.38051723816802918 0.087593376034293111 -0.072941229516383752 0.29175338991639072 0.19358347867111175 -0.31479258640550045 -0.39069518310876644 -0.22925484262794743 -0.29226251790503416 -0.18708665365990731 -0.46089087434423132 -0.28368676584015162 
0.51580655322144275 -0.092352432778757876 0.18718172021810983 -0.1157064888096352 -0.15244424012190375 0.33188753032831481 0.14546693737279237 0.52924220601680128 0.22257948735714167 0.11495918352768149 0.12281039699222501 -0.061487525430266025 0.40090244048000934 
0.30253266631587516 -0.55557567695333598 0.43651175464676811 0.038661500738837846 -0.43284881837481048 -0.10716469841371402 -0.19402450145170497 -0.10901865861272825 0.17591853846795763 0.14616858096441665 -0.12970667092990112 0.22080520137882712 0.20373546201896561 
-0.07941246560024183 -0.09806612742646216 0.041810576290904504 0.34475330863536902 0.29531765274182559 -0.09535091611352807 -0.32856042950137992 0.11199218142545508 -0.48448905873973225 0.31266507864741461 -0.095937251399271617 0.55132426938045076 0.03199536586478717 
-0.059316441831914486 0.25871737136262074 -0.040486628948489041 0.18349690352058734 -0.51396977558725676 0.44143937862648741 -0.039455206530234925 -0.2106612156850397 0.052602156125821239 0.036331988437950033 0.50824060634564372 0.01865542952808277 0.35570288896824881 
-0.052422395501701441 -0.013472622449532564 -0.19483158421068439 -0.19044064033794295 0.0095490604601459524 0.016640910511531302 0.48592757208305848 -0.26115277706044859 0.22283592838272054 0.41359315845969191 -0.45956935177336988 0.050731900149539037 -0.42855110310854339 
-0.021215126836840192 -0.43196267463785759 -0.33012346241782536 0.2556931779158379 0.29400012700599193 -0.45412263560465926 -0.01662463711358313 0.099267320085840979 -0.35541720863752413 -0.049605749532437182 0.015193451110523873 -0.21920400509923976 -0.39842249284743864 
0.23990649961673341 0.15707100557881493 -0.35830011822265723 -0.35685594041067009 -0.030370942485385036 0.10148114220693834 0.12682340938799069 -0.16852580174145482 -0.045697876431283813 -0.45445637561714319 0.62910574957983212 0.039716252903348251 -0.019291868297260227 
0.40777194101068015 -0.061313474066808704 0.28258057052645108 0.24785411030170998 -0.062838715989948807 0.40148537166594239 -0.34628267386202549 0.21332423316074769 0.079663884598832238 0.39025251421070822 -0.080385784253281772 0.41777743245391868 -0.13593351277413301 
0.053822211418210794 0.070416497164293088 0.66227974796190603 -0.29481512153890443 -0.11495595409076591 0.38639046872019006 -0.24285219130938537 0.067568847624771111 -0.076735339044885859 -0.14833176967701528 -0.027000966102330791 -0.22142983001386707 0.40361889995460487 
-0.30950945992132828 -0.070852327787897795 0.30378948338513118 0.31938565595852492 -0.14172191244776561 -0.15366485423605999 0.22842853045128508 -0.14576587802235022 -0.38695619876082976 0.090064270066333926 0.33818515686558503 0.23861748119231235 0.50853627859475614 
-0.22372703616158163 -0.1145529136651889 0.4180782773564975 0.20569144173192444 -0.61626888788419132 0.0050192151862061022 0.083205745548777479 -0.024678072688842895 0.3112862873788983 -0.40478163426565422 0.20401676422911247 0.13763449059219121 0.10520110630106352 
0.090981286685856422 0.15139686362938409 0.31334754155192335 0.42978244945330429 0.32175220055224935 -0.39584782598177759 0.1381316035094064 0.18468125855900802 -0.12019915194171542 -0.13046514871831494 -0.53557326404757688 0.17168983725063072 -0.15719147534264852 
0.5120324679675331 0.038081161152542967 0.26042085533197723 -0.16585101577099884 -0.1986930612780643 -0.17864830318798525 0.18118484293516485 0.24380775878067504 0.42706417142457714 0.04546346161433322 -0.5106960967445956 0.15086736026715053 -0.096749572218628205 
0.017138674178921166 -0.30182371005674286 0.090426708062748384 -0.032757259584899112 0.6374736024931994 -0.33443789188846224 0.086363797098090472 -0.22092046464984133 0.37832883446045179 -0.050161020069490206 -0.31031386152047374 -0.066056652607085431 -0.28029595578177507 
-0.0064975684331729537 0.10811430244435602 0.030303282574470514 0.071018169629158301 -0.094326643658264792 0.1649266057868293 0.48963329529210292 0.2702603943177852 0.072309524569401276 -0.44444230161497317 -0.28130885854557552 0.28834356683882656 -0.51806674379054463 
0.4301502683874161 -0.061821168510476081 0.063484966185122116 0.22599236314091348 0.56156648089658012 -0.0059582744281815704 0.11489387738215115 0.035784279401578731 0.0021240577134708674 -0.14372140026386121 -0.27997211299249103 -0.52675074310594316 0.22284835080531418 
-0.32445082356064692 0.029197965680022371 -0.32842134076279583 -0.0064228364615191522 0.15674583062690767 -0.10961692149357843 0.084762238799938772 -0.59209944816947757 -0.53648391165279496 -0.10977406784572331 0.12325323256108074 0.041252522832651559 -0.2736189504369177 
-0.0054027921344162819 -0.31738225872889997 -0.25395742060569843 0.076748579161687563 0.16906588188511421 0.10023326485706031 0.16211336813332816 -0.084319608749296782 0.47631538203989671 -0.40934000469059106 -0.18035098293768226 -0.17235630809855179 0.54787345149471856 
0.029150909535661032 0.012193851494885742 0.081983118980138076 0.13755645010440812 -0.10393080996629116 -0.43370325319510261 -0.31498717031950713 -0.20580038971942996 0.18162710402956542 -0.49285164887999044 -0.010986392234048277 -0.1745939256064088 -0.57130796452896926 
-0.25372104841466675 -0.30210891032744375 -0.30532080984183912 0.35389827020541542 0.32229563657445459 0.50486080592018301 -0.22370178708074398 0.31561968147853503 0.13271066160972717 0.2043798949158265 0.095996106653951349 0.22010683074807053 -0.020696355738463075 
-0.049228839017044466 -0.15839796671034431 -0.39183294708994493 0.22601088933467411 -0.31549118474067561 -0.43478038392852902 0.019409336224091807 0.1946027671945004 0.055827061824790372 -0.34856445830914801 -0.47971550099289151 0.29371146993682495 -0.0070543535380621419 
0.10068158539847132 -0.21835443507371735 0.43032180859548164 -0.2121325116865794 0.4056658395223367 0.17569722536747562 0.53031833794408201 -0.23743879026153045 -0.088352056742063409 -0.39538554786395197 0.0096347965837130217 -0.028481952019497409 0.11797721073936213 
-0.34692488144260658 -0.10719994312060645 -0.32203953868917912 0.30305154482816421 -0.12386536976137398 -0.31300526163201742 0.11835594728969295 -0.37865051767841384 0.17909996079598844 0.48218590200213868 -0.2436485204814802 -0.038512459334768184 0.27654018874859376 
0.25800539606857442 0.043548288654453704 -0.6248820439602788 0.061457643174342137 0.14874620829103458 0.071599978718951976 0.31909348820413586 0.094254402853094305 0.18939213052602047 0.57692949029548612 0.082974857462793664 -0.016781186586882137 0.15310833487836642 
-0.034328783293489901 -0.27127041704909827 0.27789791253821589 0.41603900147755613 0.40347514701544174 0.15617577166421287 0.33935540214335597 0.34430991155236257 -0.25405706242939347 0.20399462318119502 0.13405705110150914 -0.29377178252769004 -0.20878643260594829 
0.5296057277564149 0.04611077838863252 0.44985915568868884 0.17747264332154986 0.071352083564886662 -0.092703445453787406 0.011392875732735818 -0.056459561220715201 -0.2458925071713095 -0.19938092388255682 -0.24409823493622124 0.22700640706853573 0.50516087221831074 
-0.48966628107635907 -0.13426230942543946 0.066718576758886816 0.39703459076529951 -0.41199353255264753 -0.091827893036040151 0.043573553481973601 0.25642661096899866 -0.3380733777964498 -0.13811950443810697 0.3130494214754283 -0.10286402711605183 -0.30386984363933406 
-0.027203893893589997 0.17593498819609257 0.12616118792919606 -0.46351039843770098 -0.13329234303922496 0.058530223225497946 0.27548627370026524 0.070729149160252844 0.42654937235409568 -0.40547008840526183 0.22059900188105783 0.15435958314256396 0.4654236756097313 
-0.32934160675627727 -0.76733403547052992 0.067352092009879155 -0.036041377666560223 0.1940746508226229 -0.080001454294025817 0.038576128929300887 -0.040887389999156615 -0.17602605993674703 0.3751309859930666 0.21108104178813278 0.18244571387871955 0.011050997974602258 
0.15442008959728062 -0.33763289425995124 0.052412680854081954 0.64522604552380347 -0.051357168566807998 -0.17466066191880766 -0.031723811514053998 -0.10444870706589514 0.24747224954939503 0.15637295878325552 -0.21727793460215838 0.26479173785362226 -0.44160559966988489 
-0.063474182592950734 0.4789212252389915 0.24008092125669542 -0.29443261638552221 0.014021504620429307 0.089891573435546948 0.4749459599088785 0.32126013234881556 -0.31243382683367404 -0.35300762614968606 -0.1543011748332557 -0.11719693707918315 0.15951170456782543 
0.21166683803921149 -0.078857832416470028 -0.010859770663139911 0.15419463585307611 -0.044471592882386508 -0.49156812122665072 0.081327262148310472 -0.56836469013679503 0.05148221196037444 -0.30904373553860026 0.45676659632923849 -0.096437226048181099 0.18899967179775159 
0.14988319799371738 -0.006993906976424504 0.1630911402114221 0.033625393115052367 0.21383254871252849 0.095205984867005267 0.0358234919234365 -0.014715824444995959 -0.15951470520933639 0.055358990321464303 0.51519613499901828 -0.57059239984318888 0.523408067741157 
0.034388781512860546 0.47118839795713768 -0.012244748857604614 0.2214178536372165 0.067887649520271473 0.12352324913957481 -0.30389730500299261 -0.32662328976491328 -0.079527912294573413 -0.078094512002369373 -0.533061415904034 0.46012664102344442 -0.020629919255177178 
-0.19547745726634913 -0.48615802784223944 0.205435521038875 0.39013485192746344 0.10117735503017934 0.10148542336943088 0.43476108852235434 0.23895247663022456 0.46586399373084519 0.099829497439990367 0.0068515904793749445 0.095185440076053063 0.16815451125518513 
-0.41996843329036343 0.36278733372784078 0.46061219023745814 0.14245784705419517 0.13613611315332708 0.01450469144037848 0.13219786115570514 -0.10437402398427958 -0.45419516434719176 0.26312630018095956 0.061845551685046442 -0.32965333007114533 -0.15625463620325225 
0.55475245941499218 -0.22669483722878253 0.095101626324406649 -0.51907168569757722 -0.033447264140208426 0.2580821238513713 0.17693207329726457 -0.17280245420209092 0.35089126491015921 0.2422293173328898 0.13778843770293761 0.069290980289165527 -0.1670391001378683 
-0.16474021264988548 0.26316065044969772 0.099717403169938143 -0.30092372363247843 -0.29038740324798346 -0.066898578631982716 0.3075773008698422 -0.27115024972287222 0.14060545953471129 0.16756054426456238 -0.39528057815737228 0.41851314264803657 0.40857747300256819 
-0.64574824504466044 0.17302709494360996 0.15371835831097669 0.077095280463575236 0.37849762321011915 -0.080653054979139147 0.23894968689217194 0.007751959996943422 -0.063183348607755513 -0.35829854569030256 -0.26975258556347709 0.26892060004882962 0.19778946066163391 
0.13768904558139231 0.053972820081620708 0.41643973229287862 -0.39702071545257778 -0.014815663907599046 0.36747782154012826 -0.47864264516818616 0.050174612124719388 0.24357251788577186 -0.1361429076046117 0.039903204697790712 0.10189381934103109 -0.43631222383404117 
-0.29326977924113623 -0.13113117256388881 -0.1375039024829233 0.30050710755733351 0.26628033994836592 -0.28373109644122174 0.022122934017761779 0.41835177596362466 0.38364100022982534 -0.52181569351481238 -9.3760383551293194e-05 -0.065332713951277058 -0.19216922938963008 
-0.12797374381124513 -0.080690342865274323 0.45777275224200553 0.11502423432196825 0.56528013883372075 -0.27357426620574393 -0.27168057998228451 -0.25415864096709168 -0.37412514049553452 -0.21872444704097052 0.12078922030372767 0.092930495801295823 -0.10245847062772508 
-0.066754879186361277 0.39420982436881458 0.46768208464391492 0.15249215415729128 -0.17679616044903088 -0.11325947051026466 -0.1763938353717607 0.00079789798036178101 0.10263075716373325 0.057690678348838453 0.13613274174903414 0.67350680453390799 0.19224248614041164 
0.36758362258606431 -0.22848184310852887 0.45596391530723862 0.15758928532343519 -0.0602053042964883 -0.34409509965058299 0.25844043574382042 0.32472263399040652 -0.26573704383590402 0.057572421805418654 0.17184350532414816 0.39795491598017013 -0.15443258415572722 
0.10375721941971323 -0.061781271782958586 0.54103345721060891 0.41617037963584547 -0.042511250587513545 -0.28451661148009733 -0.071794168437376613 -0.34065090218131605 0.069763328910014646 0.40087333701351341 0.36621471582356013 -0.12595080259586827 -0.0022364268915004552 
-0.70968392266548375 0.011372313295454876 0.19303106360595879 -0.14992949983297935 0.27693143753431837 0.21824390510258898 -0.15356093736554385 0.39585715754029166 0.13356184489709136 0.034778446809359251 0.14905348949491717 -0.2857863163604592 0.09452625016064746 
0.31735995534685735 -0.30626357821381811 0.58347524489460334 -0.29282526454812069 -0.012365574467402997 -0.25970606678337743 -0.086645726589268932 0.25321816184556623 0.15389341007779403 -0.0031966834922730358 0.20594111470416421 -0.38440555808272125 -0.16185004849421569 
-0.0100746979961545 -0.054976379501379194 0.071738638341353439 -0.021352864265731176 -0.052673107451860685 0.83034884955413646 0.090183831723346708 0.20212345106135748 -0.26722647950496081 -0.12439582622697959 -0.016115225810740656 -0.32310997849820688 -0.24184492613379799 
-0.43181808618690787 0.062925312729689223 0.082830003647594283 -0.20096585521380456 -0.45804526002633739 -0.070981479556532293 -0.28444403888315062 -0.4501234332493898 -0.24646936067181879 -0.32982240555859321 -0.29949920954788811 -0.061099126301868152 -0.031611219393923737 
0.19819823682261542 -0.48579734984041612 0.074370368273032089 0.20678541058268943 -0.31026737546405087 -0.10021213099361909 -0.23809273179355758 -0.24070751130917342 -0.45650987280588934 0.11871396420522611 0.32168449297164114 0.041941904450306183 -0.35743021704718825 
-0.25383398610365832 -0.21252733815225125 0.19452785244291179 0.23684269538340127 0.16042785062403891 -0.30577765832482229 0.45140465616701742 -0.20930139553807894 -0.010963234108256659 -0.19426461502929401 0.35557841091041786 0.27009422377959419 -0.43864422001770093 
-0.10341109320316834 -0.014956488883525271 -0.25792231771203034 0.097919004430669046 -0.3839542101390247 -0.24121787780732948 0.039831006096416731 -0.60934297886667754 0.16272857626260612 -0.093453739698356159 -0.0068655030650759561 0.49757954007625715 -0.22722542993939193 
-0.10161546711636393 -0.56616068538267461 0.0513750898436241 -0.41530573400649973 -0.019674977476299451 0.26440859636088254 -0.38243926078092194 0.19852308766175544 0.31359042535589654 -0.080249076091697458 0.18995839930605252 0.21053207732906504 0.22991539614630641 
-0.3161405885984564 -0.19094121985876458 -0.072706081029527719 -0.45103499345361597 -0.41690577451674099 -0.21602381129519871 -0.09855882458144731 0.34012680337010975 0.099553128212214098 0.10715161862757039 -0.48000186588179244 -0.052908392965297472 0.23325449429329606 
-0.0014990585700215111 -0.31543270134983237 -0.046714255300567283 0.14019240459470761 0.26557699716159566 0.0067164028338247451 -0.099938513505829302 -0.071387495842749352 0.31243148703676982 0.22370786829751152 -0.57618239115259084 0.44140595992936249 0.34426688119780791 
0.097009447748038463 -0.18425484315004476 -0.39226864551321328 0.6546338215848031 -0.36739045758700689 -0.10767652252558312 -0.1889801421527611 0.089911099887386894 0.012127554021710842 -0.19339626835571627 -0.00088918865192836997 -0.3813505371882121 0.029554869598525206 
0.33967989296583578 -0.1167403443819398 -0.22083241274895335 -0.064956774540446585 -0.32703575957994868 0.13342793790244684 -0.27617588524752379 0.46323432316436686 0.015809884767619523 -0.28098433365283898 -0.16774976575049247 -0.14008223512693485 -0.52480777442807391 
0.05899197969208067 -0.29862295305877351 0.039788902615032484 0.14554158742866061 0.45169480850211269 0.21800829091047524 -0.44033250792200485 -0.035899259744882672 0.1114922896621426 -0.057209274013072881 0.28539408470397637 -0.43076789214789851 -0.39386201429250561 
-0.26765289462888248 -0.25830715324432069 0.043318334432955463 0.10980413721473693 -0.093590174362242678 0.19988681782194814 -0.61472494401971778 -0.25835216507371744 0.035201931231050219 0.58373764763570124 -0.019160159785916543 -0.00021207635681081248 -0.10956040949428079 
0.30520818697043828 0.49223101314164136 -0.043174876385002246 -0.057334660423800504 -0.2833357890797405 0.63156679188740295 0.21438512650985123 0.08458010814227776 0.091675690066629359 0.16227874811439277 -0.24891306126423926 0.17342744103780794 0.019002271153324337 
0.15105625438097806 -0.19442646709677952 0.44991358161981942 -0.21218237141315616 0.21401495393538 -0.3791029522699132 0.19739739413112301 -0.29296867272213345 0.29418970779087628 0.10714623203005701 0.19314671942459549 0.43561328014488659 0.22918651713119004 
-0.099223438067186989 0.29042452934786422 0.014383836014013369 -0.17785037803855788 -0.21557196278145591 0.18407244865048064 -0.30255430357395047 -0.10560395882111394 -0.71468967137141381 0.32005875759492203 0.17570937539639322 0.12963548394462746 -0.17328396402116025 
-0.11590608244902051 0.23760722992994571 -0.38882282790035561 -0.16137169310105418 -0.11295168316044304 0.46042509658533454 -0.32909994733258202 0.092203450409028317 0.11815853767770858 0.2126207541724506 0.45814490255639517 -0.02311582165599305 -0.37646626346771334 
0.09333086328732787 -0.29535866829801788 -0.20320411168683952 -0.063039750799328581 -0.73029080582702155 -0.077496049035364653 0.39725193540527459 -0.12931488011561856 0.28607690758252879 0.064953449074770395 -0.12702958777192433 -0.07184555857963959 0.19382389089594237 
0.1280916387735552 0.2433904776249122 0.081022479649959137 0.39260811937648937 0.019376683102043542 -0.010623168788144415 0.31897481860587901 0.07396848463205781 -0.28417365990499394 -0.51697732869816271 0.17247658137932367 -0.47317504191396886 -0.23298118356645001 
0.11859232845553018 -0.33979545371815312 -0.20314514841444362 -0.64712108104240351 -0.21228198859127509 -0.29735262153289366 -0.048486332900460158 -0.39278856905375781 0.075074226590953197 -0.1440097539919403 0.050678223594708333 0.087967379487122105 0.28921231785035706 
0.011075451975338973 -0.40578692994466897 -0.7932852706870257 -0.14619966590898684 0.24072957173469794 0.16302560034482441 0.061060423212794902 -0.083386208742803211 -0.041963391318610294 -0.17383104188138571 0.13528464229667794 0.19755315350738836 0.0046249807966152598 
0.042711889727165192 -0.033157528755745805 0.27983988545603322 0.11026262352088707 -0.45376460509906869 -0.030538920292123798 0.25361842604423229 0.37352949413271713 0.070147466134654862 -0.20865387094212356 -0.15169764166404101 -0.61589904060196987 0.21242793142703248 
-0.13986134674009187 -0.071455518139943247 -0.49293139887492188 -0.20242932695131335 -0.21022751179064472 0.373059772989353 -0.099564139808950278 0.36768537772764803 0.32846659272040207 0.020951949839410913 0.078432788467296663 -0.39578506723090229 0.30293951847906719 
0.079880591840775464 0.0018825004068947541 0.33657472232365615 -0.031690654807622107 0.16871051304643825 0.22936140840536196 0.042893778430956479 0.1936028708858272 0.15357665504853732 0.45365295465586503 0.69860560133897043 0.18114900125699876 -0.093195096899543112 
0.46991245112455671 -0.0824456324904288 0.10808488439910925 -0.258459232376758 0.11145099675252866 -0.31077403291628802 -0.16135781568262569 -0.35100307486067517 -0.11661887431237546 0.08608580115259154 -0.29266097472919356 0.27900238620095913 -0.50115532205900926 
-0.13481361442679135 0.25380102115824721 -0.26334313671088883 0.26531170144383859 -0.057616143535336999 0.42196773987148062 -0.66463666332944815 0.13182881666894772 0.031801052985233842 -0.063358585964517336 -0.30046554984218476 -0.19882856497484067 -0.048325330169384242 
-0.22897508819112325 -0.41427213121920681 -0.19658647590224512 -0.31582072650679843 -0.49044227959427605 0.00041227270341885299 0.10030079235392202 0.23656398170158685 -0.26738768859454609 0.02030775107912889 0.4465951600060134 -0.032162678930309989 0.24210166231084768 
0.42045042992427634 -0.20243305760613983 0.096798181448620235 -0.27184074494524935 -0.27583065556280295 -0.16567906039052868 -0.010909329441651966 0.38912289563155411 -0.60316023100742155 -0.052139566689988849 -0.16069360299726007 -0.20222051258611207 0.10330006393294058 
0.34181393430965645 0.20152774465714815 -0.15559871669556685 -0.2010763567018379 0.14938062985656989 0.44437000296332269 -0.45739333905968543 -0.08502280649448167 0.32403425157821308 -0.16954086341147173 0.11261937597887201 -0.023156891000793444 0.44128070230203426 
0.040708233293964155 0.10217793110935877 -0.12321994781065805 0.070120755778104699 0.42285660903350875 0.61996692836847322 0.25575559084710275 -0.30207124384590434 0.29292923906119273 0.21191437661321272 -0.0063655783892441796 -0.3419331463636886 -0.017427915597816646 
-0.068562178342328098 -0.35943540833818854 -0.36406125643097076 -0.0089996903747181223 -0.28233064594924068 -0.041911034039616456 -0.19456232513160882 -0.44925063594454329 0.15321983686091142 0.1377350709082579 0.33745228228319146 -0.48888988022928159 0.13038955259020382 
0.37509657319070394 -0.068301901861144473 -0.32650985533835991 0.07126373375101297 -0.047904078457050886 -0.31046516520528639 0.47092968910931787 -0.17919858062927924 0.45763046372025595 -0.27816027038490004 0.0078903645961721589 -0.10494188385384522 -0.30414807001351413 
0.091859785479214404 0.3065401612722139 -0.17291671542054282 -0.20286058114693686 -0.0178070497592576 -0.67593456408825792 0.35135117911710212 -0.33046001206922665 -0.0035618772174131294 0.33681138032550578 0.079731238364842541 0.12498833597308649 -0.035390104593451793 
0.16117238168472373 -0.091400916838638477 -0.057621459401708965 0.19902572188504339 -0.33299456001238387 -0.40547149235931268 0.54361655606590109 -0.003606190024623175 -0.37037907239024942 0.14396696347357463 0.31595878587286486 -0.30054517893569338 0.062039420452682181 
0.12190948805237774 -0.093385806427206619 -0.29658401176683064 -0.38356281630476796 -0.025891681939673398 0.50970889685514953 -0.017100710369711621 -0.19203160843658565 -0.31570002866887947 0.33895646951763309 0.17293054422305337 -0.1441875521827693 0.42242102986643054 
-0.19499219808510082 -0.10553707439830134 0.099983780956395693 -0.14482936613038588 0.44011877113080272 0.23609528575821204 0.09397821267245858 0.026284034369488736 0.19808503925954438 0.31296581333131274 0.21814249435674718 0.20613312552955096 0.65851127470164561 
-0.44458630123144693 -0.054122581231307233 -0.093942506265108638 -0.10809527461369781 -0.033659140884754309 0.26853277665402975 0.34506109759433018 -0.34807922707910727 -0.18014960244449008 -0.071488573555466103 -0.057241436865814892 -0.62294698786777403 0.19113047267117531 
0.054386481455385736 0.020803654007299693 -0.22403605428885623 -0.21075604484310675 0.47384666096705769 0.067584809135299947 0.014093478233069574 0.14409107252310493 -0.41709527325624185 -0.21702787708535165 -0.46488070385992236 0.38907870974457437 -0.25174183027041064 
0.16742194968416038 0.26171843477689954 0.19179248810972019 -0.061622557571033854 -0.29604199218549043 -0.1017279803912905 -0.61833609404427037 -0.56080113901176465 0.015120772168626598 0.0092577492168286635 0.24439942929240693 0.088940528110177469 -0.010436736463128819 
0.42026582620560876 0.014436492411026843 -0.016433658842277519 0.41916090708729492 -0.11766429201692344 0.16122621485558805 -0.19038049949593694 0.30351353456871361 0.4131140847241605 -0.49991437099962871 0.1500362731105982 0.17593082052541137 0.070414142195137433 
0.37056061819175884 0.03008907219037827 0.16430228470139213 0.021023801773705528 0.42163990343376934 -0.35617782322256353 0.23933166624156885 0.25765891598500462 0.27894170745561336 -0.2854136799429921 0.46610438850813823 -0.062668447501130362 0.15994230662839082 
-0.26323646772220399 0.068220838630768235 0.28790443227680901 -0.2920664956552424 0.10367749460744009 -0.29178674648132669 -0.04309748939226718 -0.14887606371013498 -0.098826984327550368 -0.5850664391117959 0.19703679520228401 -0.45356167977087075 0.20332109569426407 
-0.29555082488838863 -0.058345621554820697 0.044436405158037644 0.08324182733724611 -0.10108881444447219 0.088417527750898964 -0.35599658733115608 -0.0060650846782687945 -0.2018845791164168 -0.25893850209997837 -0.053433694128540273 0.53463578339923579 -0.59919748635527303 
0.28287143307332679 -0.37976048846143695 -0.087996092415721081 0.036748056112855892 -0.022135220844858007 0.20552347887986658 -0.57404206805129709 -0.20450237145269323 0.035958077596377994 -0.42737226840058429 -0.31876499438644673 0.25632823714812114 -0.036623512980074872 
0.30490242020043307 -0.37615757061267713 0.339549576506189 -0.3457776771282764 0.28292015626598849 -0.025837872487666582 -0.30120748937518749 -0.44565546980372683 -0.18107273246225414 0.2244317321928477 0.052561496728071977 -0.18495480866735492 0.20127044089752022 
0.17708781688582387 -0.18667316582565821 0.042072757266126061 -0.039958063600571539 -0.024047549267732143 -0.46010947003179858 -0.34129933849312155 -0.2408845535595435 0.050696228511898672 -0.17289555322929351 -0.63964551286979099 -0.23244684983429414 0.21907933457601397 
-0.39225847739670144 -0.057911983966648983 0.14293822650819135 0.05981593494898374 0.047545703878887298 -0.18896783363228031 -0.36042768611007925 0.38135149345887576 -0.38770943775589628 -0.2931948989421474 -0.41780217621323978 -0.21658104224405925 -0.2184395306958237 
0.11652161048988564 0.093778662951120473 0.19613067566164399 -0.67726542026371406 -0.28797053973275605 0.13129915083063143 0.19924116463683708 -0.017324123912629524 -0.078204537830526027 -0.036790761475174426 -0.244559335212541 -0.46200891084548118 -0.24408586095475748 
-0.44707732098571806 0.092759427914011178 -0.25594343826754873 -0.024550709904609707 0.31059423037028622 0.19984289803632377 0.1581991330898968 0.32757345033541346 -0.33899106345927482 0.008887079028867791 0.12700505494399203 -0.0027048238829507605 -0.57056021978567251 
0.35716038771208025 0.026338026042844707 -0.31113681650371505 0.13639059920727301 0.028479344770963502 -0.13128928701404877 0.51467847731046723 -0.12908723054630322 -0.39412474941386155 -0.25924536906145512 -0.48027635540465313 -0.055147503056632824 0.021903184765094348 
-0.45137580677177946 -0.082703518105204848 0.41828541048313322 0.16041121364959046 0.17999828795557926 0.1040615793794472 0.17932897117836377 -0.27544226761414886 -0.02352954206066165 0.41098602861490857 -0.27571828941973786 0.40829421718827746 -0.15900361765757448 
0.47734750281743848 0.32672884311685113 0.069614936212998177 -0.26571460513237366 0.097782779174397302 -0.29876933579157222 -0.2522342748420438 0.027894107269019926 0.1042624023602472 0.43963087220305702 0.3418947326666979 -0.050912759468610423 0.3210642703963818 
-0.2236643753131862 0.11261494250998735 0.20420192703885015 -0.35676490282650791 0.37856162052616182 -0.028639744081078562 -0.12619788275461286 -0.045293627506736024 -0.076048164678647057 0.21707675112646832 -0.41131790648329664 -0.42726563853748095 0.44895652346736342 
-0.20783101717275398 0.015159391154184807 0.34889762062448587 0.063855687108508502 0.038402602902148336 0.70624927154090367 0.096490901815679625 0.17769999757031524 0.27730561565799661 -0.2342926616019563 0.049022505509011709 0.37481617169512121 0.12221686303157275 
-0.35364037792386788 0.23143219183408234 -0.29379149130939786 -0.16350464585566424 0.048585016729434341 -0.1877215930324235 0.12969935613897396 -0.0025975038014503949 0.20318377498276879 -0.30865254845078743 -0.56949117505499647 -0.42308768370662275 -0.11844161051457809 
-0.47070397496676453 0.42482638092258318 -0.054806471991813668 0.56204212342037696 -0.04316597434893369 0.19147770770356301 -0.074982100989738759 -0.23852553646946131 -0.09725032645333391 0.11814084825183058 0.22402170468801413 0.26125928803637527 -0.19016947564819273 
-0.093971043514963951 -0.21390644015718399 0.17170119446272178 0.29838423941111336 -0.44779340499654885 -0.26333473490001202 -0.044193788966220046 -0.01587747647129489 -0.43471015006410652 0.39078131977186198 -0.45996984834917021 0.031820277096273629 -0.023706034027800804 
-0.51969349073878002 -0.20929848066245349 -0.11992972657066786 0.31759251531981791 0.012296314926344193 -0.34726301539824372 -0.027853188802147679 0.55385154263752279 0.019547412077751 0.29151733344095987 -0.14168479624980987 0.15865076789246307 0.10947803105784379 
-0.20191791460612735 0.044035286152432886 0.13362382247525426 0.083957765805379572 0.17325844707852392 0.39650275418394287 -0.09240154834641566 -0.097727425432951598 -0.64386886513359343 -0.29647546865076396 -0.27916362295993863 -0.045188168748289848 0.38029604205871015 
0.20723551041182614 -0.13347506025197883 0.14443971623640314 0.17440780500096939 -0.23794781266568238 0.21685900259567947 -0.49689486083563889 0.3598356186176152 -0.11151143551006926 -0.03961143296487997 0.58315824733715338 -0.23032086235320998 0.028260693372439138 
-0.00030902490021264643 0.41480004990001729 0.21184818234090083 0.37595105247573402 0.4344443855887889 -0.11408309008530572 0.306144374490391 -0.23614208647506965 -0.033557355467350468 0.30017947081731006 -0.059151832073332945 -0.028332059923694659 0.44152257312008453 
-0.25681649176677479 0.1604580941180484 0.29256177701593411 -0.14133500497782464 0.40886259296500865 -0.053764696009904051 0.30651562591507381 0.28507514155867381 0.49042870107883596 0.045666956470487706 0.084678947699662374 0.35762286881067645 -0.28245559407248377 
-0.009589766356051797 -0.27261826543524503 0.4996139566164019 -0.0053977255421414905 -0.15388876154593009 0.37188849937037111 0.41177966107883734 -0.17224235812911146 -0.16788884878950902 0.41529163128112023 0.05011415182277968 -0.19963528239775447 0.2677907238652526 
0.18522563695885175 0.077820691685704838 -0.28290098333475056 -0.26044552936269205 0.31500797750596743 -0.18580991601423019 0.11096748214667482 -0.13068552559618232 0.12562931639303979 0.19855219128940654 0.080497436612060241 -0.72993678655006189 -0.23265742258237809 
-0.076048668255765867 -0.24023213413292901 0.16043382971227471 -0.37544475779225767 0.29484662910784282 0.33554392365985691 -0.1333146414909866 0.52002918339888615 -0.42104026235350533 0.30812947007439251 -0.039228530482869964 0.057572968679422333 0.070765387835401677 
-0.46630219030397746 -0.022438456013056485 0.15464242480802393 -0.34066593673462886 -0.29262900872623693 0.083879868539130417 -0.10753233865830686 0.32845793164748571 -0.014864072366210755 0.30741384398471222 0.19888333987218199 0.52243861416734305 -0.15084739514287965 
-0.1357656399484061 0.4404177647213634 0.080914040830367157 0.19840669136972833 -0.17144473398684393 -0.11920367769691052 -0.21346965480339794 -0.13131833980038451 0.31859113831204361 -0.088081063569759657 0.44470747014969925 -0.56581994169417682 -0.089974692381056376 
0.20139583220884619 -0.076903385986452383 -0.12707324641508561 0.042552267742675828 -0.13692876612900148 -0.44718272408228649 0.14795039584427705 0.24532776180008661 -0.076078975022851075 0.32192589726813647 -0.15083907207392924 0.10494718232746855 0.70112748197571517 
-0.050332712202041302 -0.23358554938063747 -0.020096265463665559 -0.44528795072507282 0.09743298562614873 0.15245289411072654 -0.45861934270220855 0.0052556675260684279 -0.51636864838156493 -0.41313171361220713 0.24197880736406427 0.046701412932338253 -0.055458417730083136 
0.11317734043157013 0.21991219662878411 0.18112443036247111 -0.30690449173303752 0.014935813168326144 0.055967816112386257 -0.010388098173491987 0.33070090553452752 -0.3855587871664789 -0.04958192836163202 0.49950995166599399 0.32802052523149972 0.43678943421107519 
0.035173920393237489 0.35851325010772511 0.010213967007896564 0.0092464696092330774 0.0047495953843333947 -0.41252766761385634 -0.2084578396117111 0.15028252721860547 -0.42718679926523051 -0.1994692287947388 0.57483974232598645 -0.079586915291871452 -0.27340215300457116 
-0.45496311980116949 -0.48920173887098467 -0.18766981671708458 0.28955608277531253 -0.087101383257009557 0.11713861744766457 0.29730378481846714 -0.27417289861986083 0.032081705498593717 -0.2399613275719189 -0.37638696560212498 -0.01319345952565174 -0.22205228630334056 
-0.67545436739965548 0.09157139507762635 0.19507366202514614 -0.22259484321880804 -0.22155001452204343 -0.2351185419464509 0.25133424457527892 -0.40006855114412776 0.11390510905770682 0.11037249953355378 0.29949994930909696 0.0065915136281680326 0.072697065260141483 
-0.0067817905420180175 -0.33492270096286836 0.16617440171720188 0.016224194941132142 -0.29723042083982198 0.26381658693982279 0.42472853394675936 0.34971816068280975 -0.24137978483847977 -0.05726303895215086 -0.45255824705091657 0.27656090448213189 0.2375357748037504 
0.15685112244341612 0.15144379235884817 -0.023124826021612473 -0.0015299917820027124 0.33414191741881238 0.00414538985041086 -0.12047322717711934 0.27128894008287796 0.80076799261368181 0.21843884675643022 0.012450394198137604 -0.24470735872168953 0.056252115379555927 
-0.040458880629241294 -0.090122754095365354 -0.40177686588613981 -0.11120336605407978 -0.49895127969442093 0.50302758229924305 0.072688638305665354 -0.039382257621157074 0.053465721245184637 -0.47018900274758002 -0.093646504735374031 0.27195264623791893 0.031019507972637177 
0.029851589341377265 -0.20298816466947775 0.20286754264312301 -0.39398239186092066 -0.33468771892705546 0.46466594478294593 -0.20297131055008585 -0.26427510382840552 -0.24174857739119865 0.17452526782187577 -0.35640582409760502 0.321100952393511 0.059379735214666232 
0.064104385257941363 0.26349593311903818 -0.12573203713226386 -0.57629008906154133 -0.12213553003382102 -0.27755096827116266 -0.48489180652492264 0.22851534363379369 0.24950110774659237 -0.24680841458743616 0.13722704920037684 -0.23922172483437784 -0.0052213187554961292 
-0.42911651081694252 -0.30045501573082323 0.60517277386686819 -0.25623308251307969 -0.078886606446413043 -0.032585117529777913 0.21129136171056789 0.27217317894455911 -0.28376389200439622 -0.25393162774978617 0.12168211094759054 0.085990732482409502 0.022022698667371103 
0.12418596198380917 -0.23477727698066511 0.40397106767017332 0.037721320189366039 0.27720807249680263 0.2331729905761239 -0.014418337979831291 0.63064126366450246 0.088574583507581101 -0.3492493634596246 -0.29957921179723468 -0.11048950779826866 -0.062733519390943557 
0.18127303032942252 0.48971950470594683 -0.29566522669404299 -0.066749561314683237 0.22700074530516304 0.01137754867309688 0.058948075776591044 -0.36839455070341642 0.4413681957378523 0.14165646820273312 0.27351946549955269 0.38529257456256072 0.080358895914506803 
-0.0056669114409646833 0.024030024584533592 -0.50443634807895465 0.035508354635584341 0.42967277410374816 -0.11211432522133338 -0.18718639723653988 0.51700910820868629 0.011311767964494013 0.040451501236996285 0.41171677286559777 -0.26749591901531655 0.036318641474118639 
0.27702910383639223 0.033200452786179821 -0.31164298348935682 -0.1268021507100299 -0.53457594714562107 0.10994259172986282 -0.38365754515643613 0.0056412268191009746 0.39974972932279196 0.22464527199550624 -0.012638397561766969 0.39152227773778092 0.012407717746100217 
-0.007647522691743013 -0.19324110284958931 0.34653014784856995 -0.27876860667239428 0.022665765267172771 -0.41040932254514945 -0.2442991709183451 0.2612788816810957 0.20957902367617107 -0.41289271318799281 -0.20404602015847376 0.44241025611823426 -0.12704586349500305 
-0.22160197508036825 0.046982020279685323 0.61418552527438364 0.43873071103925532 0.09452974139097943 -0.017986924984581199 -0.26298907045863773 0.37791469349876594 0.14846015777052501 -0.073037282748998483 0.23357770629568533 0.083551705850760605 -0.26233622391693384 
-0.040123758572194149 0.21027746721793064 -0.16625561227000552 0.077245506500223576 0.49168329195790134 0.31482293617962653 0.43328044347034844 0.50203539832880606 0.046567958726504405 0.063677669212135066 -0.25206231607418689 0.10963367482441858 0.24114285208548869 
0.015419821333255606 0.0050161357232673866 0.074599027384957911 0.56155706199266053 -0.21780411029936966 0.42527132846012633 -0.03747672550191021 0.1037343511777943 0.36176118614303787 0.43430282917809732 0.10565850825067621 -0.3276461132921844 -0.018980667446943659 
0.39736054102580798 0.41093732273659217 0.01691434208088723 -0.50478198473666758 -0.28408703720344092 -0.0076800961726895701 -0.13075764131234921 0.0013073757356023492 -0.22079734546141766 -0.27739429120021458 -0.093525354026214688 0.42531723850450376 -0.070282755991796134 
-0.10363230693381323 0.3728522819591138 -0.26099200869280259 0.16905229872830879 -0.125869230083482 -0.5195918042496338 -0.34834054353366867 -0.091382650303236848 -0.28034583117420697 0.2127564901561399 -0.22052891637402433 -0.35295006400228557 -0.20240929702713484 
0.13547634075094078 0.13015287706752862 -0.077566178160789603 0.74733074759333917 0.13675775510682264 -0.21569869209590931 0.16209246976442362 0.29258805893461093 -0.084985990107267359 0.050664792862463857 0.43861808636711619 0.13601125280775572 0.049008720924919015 
0.19094415050390465 0.0028419910352323334 0.13796126996893152 -0.056439945541120903 0.25846123892903655 0.47453370644966131 0.13480329635376215 -0.15875568477435067 0.19953554459211784 -0.27475956705937621 -0.69750785942419302 0.023053760186649227 -0.059981540543582637 
0.17265096279771056 -0.015519715378091476 0.26303116601155108 0.28299333988524666 -0.30792929739311653 0.45049253051887456 0.13572911112963862 -0.16214766766865285 -0.48040975797648749 -0.26114495080549077 0.097056796591346667 0.40255748434798866 -0.08797248389511185 
-0.35363393046410208 -0.52428911207747075 0.13413897890453969 0.12333972849076399 -0.39864861384188999 0.31279304404469488 -0.3491988068394028 0.107227907528979 -0.1075116951112933 -0.12376847699839265 -0.16651308230903869 -0.32267643508605587 0.1339256902158043 
0.52836741849542823 -0.60951045746315813 -0.15911282021279585 0.14719947860431551 0.16898076823573646 0.037756638752147409 0.23580535010486106 0.21268537869728246 0.08845603564204757 -0.19890390321015658 -0.16273989208755166 0.31094720194712555 0.031005357211903513 
-0.034281606721974944 -0.43040159773057884 -0.244047066471202 -0.19733123459705218 0.26138131432091705 -0.27814669585690222 0.65120839327535007 -0.15540749583336935 0.001304782210097758 0.14644709180158091 -0.083116972666840538 -0.13602938201022108 0.2725988538418419 
0.16827033018344797 0.3556440980896608 0.091739675196779669 0.040366063254642079 -0.40141613774308532 0.0068544622226290527 0.12731346798579973 -0.17275808650570035 0.11284662047586441 -0.5921373626960873 -0.43206418607527403 -0.044850661666278796 0.27544282661769204 
0.31619199607933779 0.069612004410405812 -0.35198720118781957 0.38383894570279214 -0.13149480684170625 0.27327468206807753 0.17470328491865073 -0.45618686058260832 -0.044230546031917173 -0.0077951186240276891 0.41852310344181792 -0.1381727599486908 -0.31157893706199224 
-0.33686721230767441 -0.35908869651509689 0.46982744575412616 -0.01210443323498285 -0.090868604470961983 0.35121603536649987 -0.12330563062583044 -0.51365543687200987 -0.081879214180235166 -0.12068099842683946 0.24989107829480575 0.00081932368505347548 -0.20572097285248542 
-0.21771818749476793 0.6855825623398295 -0.4409852685923038 -0.035565594359225516 0.090143754402149417 0.28208364415814946 0.056937118723374605 -0.23146667706684745 -0.21139672359124512 -0.13364555745320186 0.033025753870887402 -0.076705167082511627 0.269819555895907 
0.15560396135207996 -0.25327607828080467 0.404011569580351 0.13051145204271639 0.26355060785332357 0.28547548026422315 -0.24960647393544957 -0.063543166178779767 -0.40080297337794535 0.17486745191536032 -0.44407745400934806 -0.10537704563001933 -0.33845678198197338 
-0.096499859113080899 0.17515277085377104 0.011808929018168433 0.34206231884925942 -0.099472191653112621 0.271034564776026 0.76065063736754845 -0.35879459746557862 0.038494670447225564 -0.11756034209933185 -0.05623173198223768 0.13942776286340477 0.11950486740044064 
-0.14162356605184437 0.1316457262755627 0.19975247329022106 0.43446180959587372 -0.43034194880541032 0.16577694211148961 -0.1369624823368864 0.41949358689912419 0.19113744518345829 -0.059458602609148724 -0.4782120912611329 0.21315983163899321 -0.11113734217716757 
-0.17406837804470687 0.45993130531065179 0.19121646248115812 0.082111618209031942 0.55420312850651954 0.35167782776841316 -0.050551894263583336 0.10480336179726339 -0.16768448897701999 -0.23283297805696077 0.42967639987349182 0.059497533934312334 -0.0029413052503977732 
-0.20333658781426731 -0.32104965977261385 -0.18282989473718422 -0.038261446401825015 -0.17702459845862298 0.49597277831253989 0.20072719270064762 -0.35027933117483295 0.37053598013617789 0.38668366295264928 0.089701335046420208 0.28036597986018708 0.083092348379820408 
-0.1894969546131505 0.38237348136079047 0.084691115371627407 0.46266792350842123 0.16583930197778143 0.20779621514327853 -0.049226360802180215 0.31082960219491146 0.24667734793347709 -0.25955201555607132 -0.016897936750150066 -0.34415916378139561 0.42423929818821493 
-0.23353541273509298 0.54600537578655817 0.4060336281689445 -0.17596180341686563 0.067308523663373296 0.35831783594884681 -0.10963882703318419 -0.23319141259511311 0.30632089112974475 0.3477348584759693 0.14512545426739523 -0.058719737371682901 0.11371471211682309 
-0.16210469751587295 0.39010868964368911 -0.047211448462766314 0.16184625270699535 0.014813162264420131 0.211178663618215 -0.22425196055835028 0.43593959244738223 -0.108226657985502 0.61542382215131097 0.077680657666382838 0.07826966345273384 0.32457064553452164 
-0.29336617041090113 -0.075615662876491366 0.05927935542606759 -0.016147115135795694 -0.29160026988957627 -0.24977491496554616 -0.2821394522844885 0.20313914009662179 0.43272332430601823 0.42302307503476666 0.43070096723372381 -0.07170960600609208 0.28162705086516643 
0.29938470849975707 -0.28287849899533818 -0.36216021616273597 -0.22331610335752927 -0.018219326137886842 0.37306547453597383 -0.056920179207459974 -0.41927231644597085 -0.14118053283730855 0.026879506737272019 -0.35045325104181019 -0.29486250686346605 -0.31680221401362202 
0.23666407991103086 -0.18435119081372306 -0.11716714273287522 -0.10972858213059998 0.21666675899009166 0.3245423603079437 -0.36670142062624883 -0.37902568537753739 -0.14219175428254857 0.16035836652289717 0.41647482372265232 0.46994243472474145 -0.11663253856636373 
0.044879018811847984 0.47034037144183533 -0.11481423142183046 0.051978051781383892 -0.062173569864381974 -0.2671434072556747 -0.29551399844667481 0.14646630939188268 0.0511864289590509 0.4239733768985034 0.086106429882012406 0.38975640417180712 -0.48494523451162275 
-0.15269482364883066 0.16194518576642714 0.10255842966029526 0.19359135352228377 -0.47195789544694922 0.34163265379816093 -0.17528328648995914 -0.25901026420156159 -0.022415973588990348 0.072111579774150059 -0.11659036275774601 -0.2172075806153142 -0.63144241994846717 
0.31197954425209773 -0.22770591738319218 -0.18892033632875704 -0.35313387957825393 -0.060381289056231906 -0.10397121464912684 0.10014242146575167 0.20445924025967011 -0.18663611573396333 0.47079773090539095 -0.20602050641259942 0.57024050235618451 0.0058418329500321119 
0.067626599382195174 -0.35297522303749446 -0.00020682680177917329 -0.14400375033909588 0.053587196431759181 0.06356530943577389 0.065296939802057474 0.50997742995161743 0.067949334970764649 -0.28275616899428113 0.53076954858602654 0.19147858190032624 -0.41940038416275061 
-0.34930956455421847 -0.30669918654135558 -0.059704805400389374 -0.27973630146784206 0.66493490647092335 0.3756593649676187 -0.11191163764215337 -0.29180046672171511 -0.072686663009374319 -0.071110409378813161 -0.099565407244210646 0.028600212277225426 -0.0099987911973997753 
0.16631268937777186 0.35832887605292363 -0.30962905888015396 -0.035409539866967182 -0.41289366046379788 -0.14390658734647072 0.075570508489266205 0.63387419042147297 0.12235397079255829 -0.039308627062325151 0.31106135894907644 0.17418485849115914 0.067109226371740424 
0.14040394168840126 0.13579888690366163 0.2719506250361719 -0.28005508487910286 -0.079474040951575411 -0.32547563016137554 0.14629352602461776 -0.38245543466990312 0.51046873898293699 0.071870544729856864 -0.091145016717040658 -0.4511037699742147 0.22800702650271168 
-0.013154090654062308 -0.092822235348797716 0.13680443973276063 -0.45080151700815724 -0.60825673634227528 -0.15103771104879044 0.0075323357049460358 -0.17383935730927269 0.055031964570252251 -0.11235241952786813 0.35744433332156117 0.092156105040669442 -0.44079161963765789 
0.17751089410585516 0.26787477354360051 0.055419704030538156 0.43864186359467894 -0.24052143554282795 -0.21862190670081813 0.31198441912228098 0.023721039439692899 0.593534540626241 0.096579015908997909 -0.0070109698241115981 0.203090189877216 0.30790641337136354 
-0.21957913426887041 -0.35961643424182826 -0.074965032375902255 0.24221742137971711 0.15591759296646554 0.43230192850592758 0.21442497451309034 -0.062658312986745637 -0.14714527280705234 -0.26604800065675416 0.61039071079033813 0.0080478991894886668 0.17887913010428427 
-0.12844864673613202 -0.054662372325460458 -0.21103318747502159 0.13111349956302454 -0.18700698143317868 0.13850772393930424 -0.08586021229840772 0.29495545195305367 -0.45231556111590798 0.41737355894248607 0.080556308879442914 -0.618265111599547 -0.052243632895581371 
-0.28595980743049509 0.40108758376021558 0.12114551472375645 -0.14302344969068989 -0.42385355237909789 0.31194191961892387 -0.25769478020819153 0.33997927781070941 -0.15607413940920645 -0.44783418709957079 0.17326629316500375 -0.071895391842598008 -0.056275569998341039 
-0.18888392667209189 -0.29856115965864566 -0.3954071854873854 0.077289132559785811 0.23795883307692389 -0.3047084832434297 -0.11516059428035866 -0.17854950104220524 -0.33679155143963563 -0.24881564467375294 0.019380239834711103 -0.22591906293809641 0.53990489921247919 
-0.28945301925399902 0.41853485701425891 0.14167137378626413 0.15534366854599738 -0.40546792051022884 -0.41097206384878232 0.40465858672264049 -0.099273216813475937 -0.13053563508847638 -0.10057607396157055 -0.20129915956738034 0.020008323726037024 -0.34908493385818085 
-0.38054258331362584 0.019543569131468406 -0.37201744788473251 0.27295539825335646 -0.20929873663616902 0.066632822955211113 0.42919063564171211 0.25531954661267947 -0.16123036234569804 -0.39295590368763306 0.059747830091149499 -0.12136089251877373 0.38151979234125688 
-0.24509964542093329 0.056547961631224303 0.26137599408366263 -0.079108627605035675 -0.34472859854950216 -0.38126312502447196 -0.25661160583070897 -0.15862147597525583 0.41781850166435835 0.30891401595329315 -0.36212775207683423 0.10358685603279517 -0.30834449144386589 
-0.2633576139348735 -0.10555022776034936 -0.43112302630552413 0.37609037279159008 -0.30475355422708311 0.074131569107544829 0.20177371520554396 0.13297197162897839 0.41810588612124594 -0.046087991221310687 0.3727677484753541 0.29214132632843104 -0.18489863371430795 
0.019341579548482656 0.021803890591749482 -0.063478296791573616 -0.0014844265512839916 0.095475883816985546 0.33934509282977149 -0.030264005787080307 -0.78562098849250772 0.044902702696310165 -0.39582142981584922 0.026760741840367759 0.098184760779597674 0.28928285531861608 
-0.18594609259587988 0.0085430343044634663 0.48549360837030708 -0.069941600842733195 0.035739908566094429 -0.37030406451876363 0.57879207303349134 0.23054632884302856 0.14106263118520507 0.1996598270934207 -0.31038021679309991 -0.090974446176482718 0.18391829652859765 
-0.059460554960686494 -0.21876231064710905 0.047013505100874146 -0.41193160937113005 -0.24005801624861089 -0.25260061510856169 0.085720373985386594 -0.12287808651200927 -0.085266703867573346 0.7464295685152097 0.0037935136314919873 -0.26137455718053387 -0.0083116408982452424 
-0.14638391452323421 -0.1423639691150026 -0.1977398474792911 -0.094991013191886103 0.0861362383635004 -0.28207056638224753 0.53637932438939884 0.39939752096172032 -0.033470347658199194 -0.15635379128233109 0.14960361503191427 0.5417387710677708 0.18586711572399278 
0.18922388016208844 -0.44753639586713873 -0.051011600076790689 -0.24575632090987462 -0.072764543065990339 -0.13465866069341964 0.21102210979236841 -0.13449720875470214 -0.25869889933496804 -0.63671573854717467 -0.039003409432635271 0.025079286774368232 -0.37466971124771864 
0.30336914811195148 -0.27932270752431643 -0.074886157185281341 -0.64711663827179411 0.37683468952760046 -0.11811590728210014 -0.022615262518551647 0.23572600784022077 0.048628750008650433 -0.26265612948564171 -0.27313784433735583 -0.17432803544384468 0.1311358443702165 
-0.1357835358365313 -0.17807739802257611 0.3892945842524404 0.14813234844678255 0.1280037364141508 -0.18506656153924747 -0.46929944214685321 -0.10714751880866237 0.29227643424397259 -0.10246041296742199 0.032513348853575201 -0.058568192653409443 0.62736724374027397 
-0.053558135889296268 -0.31513485886398385 0.30589577506738808 -0.23517468213883067 0.042366007087840059 0.35389039237222464 -0.031340131644339964 0.18051029378743694 0.39370995871795073 0.47428258316973676 -0.41144219804146059 -0.19602844211571502 0.026065290362198717 
-0.23445276498999573 0.24243393107503589 -0.11892326197898305 -0.041812988899951269 0.22828395695808462 -0.05312882124650066 -0.71583422603688207 -0.055780952792647297 -0.27656366920627307 0.07148070646408429 0.26086741426689342 -0.20137460912213465 0.33120950426126294 
0.34797722873193082 -0.029660712695778333 0.04736457366512617 -0.16641323677022055 -0.48367403292390454 0.087040075864637467 -0.488803241813622 0.008620046544293828 0.096180977170010631 0.27459485104385001 -0.16258904022952184 -0.48318417940930297 0.15172541985740076 
0.21970143910078507 0.22341038351539372 0.051048218139816227 0.13206992380161503 -0.25654879643515982 0.082298405072363495 0.15183900195053296 -0.35568606470772901 -0.15134709826703749 0.69366779710781845 0.14722414146092991 0.34541603772451929 0.1206009014537828 
0.36365055581733075 0.6218960757510974 0.21006248673070418 0.4444414183627366 -0.065002996841157457 0.19894524714238906 -0.2931989591326109 0.02404982095085231 -0.27180192612368093 0.028682827999944177 0.1141475909375963 -0.090518109470913585 0.11436041589032828 
0.34436156054964934 0.013108189830367777 -0.36302277632559171 0.087547766808404648 0.27056609567803636 -0.65967451132070398 -0.1594334539678551 -0.036727497168219485 -0.15197154678166194 -0.1391126346335228 0.050393107630232782 0.39689684725739249 0.064299970890298055 
-0.16125293208308919 -0.4454506871997081 0.073403291732956372 -0.058652314318590276 -0.05080295241420666 -0.26508072645468922 0.085705119235246222 -0.29245524270751422 -0.41204034750784385 -0.23626268911829318 -0.29390659254876728 0.47495520623640852 0.25190877847999082 
0.2062978340681732 0.26439572931559507 -0.14609869645772214 -0.074205747224698901 0.42610597700781738 0.14303671735816675 -0.27503035952849775 -0.27046315820000227 0.015684029014783354 0.62402600308098211 -0.34669887177473113 0.0017332097891881151 -0.0030663002047513653 
0.49624490965422441 -0.062218298562491704 0.41915318170643817 0.37802369017148818 0.3482782139640524 0.42052675869425193 0.055906838953093896 -0.18211104925587052 0.1012644649260406 -0.095325785078394495 0.27572514745393412 0.03335934411330535 -0.019219650421925243 
0.023827504625928846 -0.4068617524169113 0.12896452371609565 -0.034738169986910102 0.033643657902552492 0.07008530394041769 0.11234345442861812 -0.22991117639863051 0.65174621486475881 -0.15433031024222182 0.51502314763921775 -0.13616152875595802 -0.11024224015037384 
0.42375997452631209 0.0060603463992384829 -0.31046409307374595 0.13084702400825557 0.29463663798678985 0.36273359298216984 0.064350237504246482 0.097448959377217231 0.31861482651408146 0.069780043457715477 -0.032967475342648211 0.20902884115998305 -0.5689407928175646 
-0.13794028373953351 0.73972932516330636 0.081513381807641533 -0.040570953965974703 0.03406815665930097 -0.38298402692927236 -0.058525797488125315 0.25940208499287637 0.21446501453854799 0.1460130267874773 -0.31078584991720648 -0.025400555529134502 0.20586980318119191 
0.0082816745612394847 0.45771638173801876 -0.41934273809718509 0.125952788363275 -0.4774693029817404 0.0709443527353254 0.24614571551511658 -0.17071485078292437 0.12295512008691163 0.28407641818471946 -0.12482645276749096 -0.39474290258541062 -0.093554291554612881 
0.43170494055934644 0.35813459611317777 0.21088063461997955 0.022488616156870367 -0.062561659489250174 -0.095068260431233551 0.22357489271977221 0.024032105026726348 -0.28214406915704965 0.43851031498508808 -0.39294926345307668 -0.38563089237341275 0.043150717643319278 
0.1916391119409106 0.53622003179827382 0.24837174256086447 -0.0017405360691098929 -0.22651973051638785 0.14964816989376795 0.26743862942345042 0.03954218068266567 0.3302539476710491 -0.18940500859742748 0.41456139975489742 0.12482289224825477 -0.36725246472605366 
0.2777347717941413 0.20966198100978906 -0.13878870863290033 -0.40203469397324998 0.45899295984918104 -0.054876904885652604 0.20539959040877567 -0.27465743014646354 -0.20943949444721538 -0.076196780885259371 -0.07830439443487193 0.26427837159354484 0.49097235641747866 
-0.035778402624825595 -0.11430688712814943 -0.050609471835524708 0.20204919249780798 -0.1544618752723744 -0.22231241561187109 0.16731469636717619 0.061259249089673208 0.19698825498678588 0.41719110339629745 0.36182963426691483 -0.25705872661311979 -0.65374903429943143 
0.26658411442302721 0.19747199824114597 -0.59781293310707906 -0.31511078947613724 0.065597494667874151 -0.027480227508805608 0.13613892257555218 0.091088849643465336 0.3426871620025505 -0.14758523069481408 -0.43285100716430758 0.24520906254036529 0.12112001551292831 
0.062372371308102477 0.011631095626567091 0.23284084044830439 -0.23920956726953591 0.15374903451188141 0.28167106729672597 0.25713985064102857 -0.30451535194207813 -0.24940377592106575 0.24112639548108786 0.23597582382246185 -0.0042515299305159763 -0.66832898018838094 
0.43185492888471538 0.40482510603314259 -0.36892426278812346 0.0063824701730534799 -0.062986932760950173 -0.21576959066569215 0.23347271952703541 0.058768392786553672 0.070118339653165801 -0.19484076725410424 0.096425782116853709 -0.38185911447784393 0.45496283442572538 
-0.0020081390164235907 0.091163207925761922 -0.30235260390564034 0.11425757308930981 -0.18143682552536758 0.29767835869819986 0.060444269413554193 0.10154118020546261 -0.076639302872780007 0.12023174100514443 -0.65192461156255588 -0.24521532398479218 0.49623783648292258 
0.25958939106296608 0.31970740749435017 -0.20920129751860056 0.058199880030124211 0.25785389127284014 -0.18632551456946714 -0.34445335741578431 0.24668834116172228 -0.1941246661778584 -0.62538824004940696 -0.22010391057469533 -0.12980869206373793 0.091913917342428944 
-0.14264396108303234 0.17386016454798517 0.030614315957676493 -0.05198174075770752 -0.10665429431391797 0.081980313886487757 0.61042609712923734 0.13920825455077976 0.36347653582059347 0.24844502909891783 0.42781986860895543 -0.32908151713082984 0.22478106640525464 
-0.35042971081780333 0.075756890691712514 -0.22430058070045875 0.075015121125608056 0.31707151007525902 0.073499312393958655 0.020701038425867638 -0.30043753322713362 -0.095488020283403668 0.55844593353350014 0.49397986731646498 -0.23198123792387385 0.0091065822944878423 
-0.18427449916592969 0.13787236211556744 0.31206994896148416 -0.3553037071964753 0.25480596031019659 -0.40138111151212696 -0.27496961202157799 -0.16757612466680941 0.22155321709162956 0.17006592547349778 0.37611875227811986 -0.046137826454757794 -0.41482594216304186 
0.24529272983599784 0.091811029451973405 -0.33003810291583491 0.54872180998969855 0.29570660646019109 -0.12573167147530873 -0.36512502461860563 -0.17903618941044994 0.28399720331948192 0.15211051250545538 0.055584570183696592 -0.060330406869711015 0.37714576021063712 
-0.38251528698627585 -0.062401344768586588 -0.2287914591845259 0.41136351598892479 0.52097724648834309 0.059865635481975238 -0.045301882688649514 0.012993673397252129 -0.15037348744330561 0.14392633730673604 -0.46906799246297964 -0.29294158863553266 0.042823350109990166 
-0.076564937965965127 -0.2241311182726809 0.0093899261667080881 -0.0840347143257376 -0.025436870536694137 -0.25148818307575888 -0.1491528951264442 0.64154844310637926 -0.0068620447918182103 -0.40301505796682974 0.13335213033300197 -0.092729870114972579 0.50017884051806216 
0.012970572796816966 -0.39111092191337338 -0.34774782603511278 -0.17842358906446867 0.046026634025812377 -0.4363401230747106 -0.07164262364573154 0.10757142973956542 0.56463888850504806 0.1831430480839176 0.073740961848552028 0.32851019445288465 -0.13845549286119452 
0.18617373676653867 -0.73788121209006408 -0.080817301212597115 -0.14224472091082505 0.059075260958230624 0.23708210642960004 0.15375322563173854 0.10773847355187596 -0.10841690542812595 -0.099772231478764975 0.11609374408293127 -0.51168201349953024 0.046424682527439441 
0.10305303533383045 -0.093760315887448029 0.02341548918946976 0.46094024562812319 0.01246662721430656 0.12620544321883714 -0.21354567889013179 -0.57606591225323711 -0.3880566502576816 0.15536689523676425 -0.08313383399054014 -0.41468573444339529 0.14295323824579545 
-0.19396373996777028 0.15052429098914727 -0.37461406671584457 0.2576402259437004 0.58813026334420238 -0.10280074556066392 0.37203362130013146 -0.2428411926244132 0.16999649525087512 -0.26064108503593819 0.2539852517952027 -0.12721531390774099 0.040440479766317303 
0.2434544685053992 0.34502243632989316 -0.19045334111477044 0.058029989053756857 0.19587483613533158 0.035269869695053614 0.32280691857828958 0.053694254502256775 -0.32364841759008733 0.02591623722859869 0.31131479771193965 0.58508749551695383 -0.30114275749066827 
-0.26430214221692638 0.06775982886849756 0.46217815564890541 0.16252275134076238 0.11279970576282447 0.16580562962557449 0.40987872295060646 -0.11553676591242146 0.34854211983063249 -0.16681503706439066 -0.061047666962872067 -0.41720972962783209 -0.36995466841690511 
0.024922048889039011 -0.27851876209423382 -0.44484941211357665 0.076472223817506346 -0.12882884525077035 -0.097623214002641845 0.4424824543983451 0.55054269629147667 0.060549718546237058 0.087391978724591701 -0.25409246485422993 -0.30588892043354637 -0.15367955392643057 
-0.047670272149332865 0.13926546728531652 0.46239731272714824 -0.38297438331182188 0.03524212507134343 -0.49688791911862012 -0.12986011113371995 0.030727196322333131 -0.42468453144520796 0.26734478526158978 -0.14482019858669787 0.20036955021392786 0.19736658545599581 
0.51207182712272115 0.22265954452337591 -0.17165544678350941 0.37475865435690131 -0.56220660528878807 -0.18679225466248603 0.035862746905272927 -0.010248348879623117 -0.2000951800299999 -0.033719618257746421 -0.068385845655537181 0.25122349053192905 -0.23868764350853022 
0.4340985927139584 -0.081286356166760762 -0.47551933430841803 -0.38016497987427184 -0.16430503059292698 -0.22326681266216525 -0.084503741815834602 0.030186197978400095 -0.20232338365369931 0.27112249254113463 0.32903443239457614 -0.071477841764890637 -0.3487057386075606 
-0.11348795743683932 -0.43375268716120163 0.22822162551959516 -0.27118711255292638 0.0070376544252989271 -0.16004887486071009 0.17907116293313774 0.33146524863520699 -0.12458232428627687 0.19029326336279737 -0.29005412108267098 0.052905266870786921 -0.60587789539732528 
0.25695303275473247 0.20856644765047014 0.46749185989889708 0.1722478236663614 -0.14105996795601347 0.086080976514672281 0.14062235818711799 -0.60909329177963834 0.31871511392153001 0.052246892692652223 -0.21346671327702216 0.16880142875406243 -0.21403052956947469 
0.14898652356909667 -0.35362485431849516 0.082117578003783109 0.55654014364843696 -0.013135000481716268 0.27412932247029936 -0.11836731647253335 0.24135120496424359 -0.24813642908088357 0.17594545432334244 -0.030193021091829482 -0.033817759731065634 0.54231712211709404 
-0.012427082154446293 -0.0055846191352668714 -0.63216110264590697 0.11413432700243889 0.21865130832690557 -0.16550950159160521 -0.40148927651624 -0.37983993061196736 0.20588867915438608 0.0476838959742883 -0.089448655196916277 -0.053249165891145089 -0.38856895892567195 
-0.060936565090772471 -0.19989633665084686 0.29464068813061967 -0.11503855866874402 0.060542711125267691 -0.41171712315610087 0.28496372834568068 -0.46456369081137977 -0.34832149684066127 0.011820054887274698 -0.30346716527030898 -0.36877409962978824 -0.19111983169920282 
0.25743253548915257 -0.13141389674951551 0.034507566472370715 -0.025656154531213539 0.70402865303263784 0.0068953989953115221 -0.39997339396289766 0.2728053031910988 0.12946195020082144 -0.11920572441488181 0.099534011452772506 0.36729635267765604 0.093383593037808327 
-0.030613172201818504 -0.003453321292052633 0.056676379970912003 -0.051554761989790573 0.57934330949711399 -0.37315027931618311 0.14482016326297067 0.25283089726681324 -0.060737753573977808 0.63482302933843049 0.038335612081909221 0.074725204173006918 -0.14022064982115773 
-0.10874396391898354 0.035774117569690581 -0.63125174828778818 0.27146672100071206 -0.23353076022677571 -0.19635889326726952 -0.075058908420043077 -0.015668908780809451 -0.39852868231017091 0.28128265030996746 0.34039405525888339 0.1855237328016362 0.16588254533155491 
-0.60382523225146734 0.1968911375336424 0.0069589653362675981 0.084695547188909245 -0.33342567067729156 0.36421896134801163 0.41194094406504439 0.23277729738959238 -0.048364745356562412 0.30541534983835955 -0.15144512708675201 -0.02175173926996498 -0.051691541918163081 
-0.14127834442514059 0.01747115566125057 0.29159315254167012 0.30798434482518428 0.16397174193863337 -0.59337061518970646 -0.071577377964420472 0.27781537551996782 -0.22705722996467326 0.09153089052190555 0.069854313879155902 -0.45902982730528269 0.25110405152205767 
-0.009356241527312464 -0.064021505246001018 -0.2477959470542006 0.55189679001230962 0.32880650333961942 0.33422491165875901 -0.096550787817408154 -0.078580978295781326 -0.18230030132214523 -0.52027577870249386 -0.062789176669932764 0.083927633164715978 -0.28212969063211374 
0.16673577446790633 -0.44137006337873635 -0.43932965113623351 -0.06711265341339874 0.17470558720056431 0.013118968874806132 -0.48613442364338061 0.19473022218564609 -0.19195202351351798 0.25427178514775323 -0.33819485197084159 -0.14115368569274969 0.1978293969196559 
0.11117955191664861 0.13107932970396469 -0.30405339008940147 0.49339920084407046 0.034178922499888381 0.32770479327384933 0.16744895485565403 -0.054450963792798006 -0.43048969855098157 0.36718629372607364 -0.31821013782374657 0.083606900324026137 -0.25808609119636322 
-0.055315612920780091 0.086975369371390471 -0.2254016916814337 -0.4103516505609886 -0.35581729138772694 0.13910463793091501 0.58473779785678592 -0.18550020703480211 -0.43299730200138015 0.089867421571912798 0.063692996105934263 0.20916104379527894 -0.067293737949694635 
-0.41770231881149661 -0.34273250194086924 -0.14390042832316471 -0.47882701468092032 0.051490866011233233 -0.1334497407822102 -0.36470578247798358 -0.020920111556693322 -0.075978138258329636 0.089421171659270104 -0.040804564684931315 -0.44976705829186653 -0.29401397520765177 
0.12091212794340901 0.20344909738786168 0.43846586875219901 0.0051372675100890778 -0.61487120890517 -0.060745962774788755 0.11945534937610713 0.33395927805226966 0.052464646223972962 0.46396836972813971 0.10245106527780223 -0.015128584500045597 -0.12413973991974504 
0.22520941628206734 0.10583493644554959 0.34946008289290703 0.16543825640113077 0.23387416599351954 -0.30529559343114299 -0.70050098621815893 0.12276497993021383 0.10431748693629476 0.25986636029592713 -0.17338925767728636 -0.12572515023405959 -0.10309612300160699 
