# n=13 N=300 max_inner=0.49995742630538664
-0.71992413101139285 -0.18225011307248085 0.18403650501228411 0.015844864233802748 -0.46140412823837618 -0.2046163656393459 0.31266392312154834 -0.055045735553175275 -0.044676453015414085 0.14813947669359528 0.04814887447829734 0.039913624318664437 0.17598453618641552 
-0.062367382259794317 0.092524751075691317 -0.52784101591402099 0.14308233900071471 -0.29810917790722297 0.29620603374912396 0.23206167858865434 -0.48933128490175293 0.41702671893099258 0.04292576762941442 0.13976864124273508 0.022945456884057865 -0.15079883263177848 
-0.040043631280349878 -0.23395048458256953 -0.095549837456757408 -0.19321909870224385 0.045336767890620182 -0.23860674174130572 -0.39953231753630497 -0.26084021995724238 -0.33904191841715264 0.5996485289172574 -0.27500120174889686 0.19871952842249288 0.14458596532613641 
0.11842513792826415 0.35179193703634631 -0.15887166865454702 -0.29829488878034938 0.091860315367099488 -0.33440311608949619 0.35727771902152633 -0.19475737328244375 0.2610358388538721 0.19174164722631154 -0.56199247401911445 -0.10712013991419328 0.17303604753331148 
0.36773551450159103 0.054661014788387807 0.0041776544752753176 -0.038348821132188432 -0.14150211707179228 -0.1139690826965884 0.2122261058828325 0.096516601808429053 -0.54462283818825696 -0.080746999158993069 -0.56346402900917869 -0.12239163120616099 0.37056978754627978 
-0.21534491708367137 -0.18424779590110546 0.0052850585297994756 0.4013790453442882 -0.078856788038156531 -0.27392494601275208 -0.11710746053079785 0.35755523891652558 0.21606164317875551 0.37568412699112325 -0.096499395274859526 -0.4545046874105903 0.36335276269411715 
-0.0020434567892048741 -0.11196558890964826 0.24782812321940137 -0.39109475627467782 -0.32943000330596922 0.10840869653720708 -0.23269352054226014 -0.18557377733024213 0.45730120514692452 0.15689661957188075 -0.57278189081933562 -0.048384502656619088 -0.0080046381940813705 
-0.20336772273230247 0.36372954035404076 -0.18888792947870894 -0.18467732019929697 0.15908812899638838 0.54151493907282167 -0.0006623103471841092 -0.30767555413100645 0.23665866487103093 -0.027817437301884334 -0.45942055042582791 0.17201175928693677 -0.21426492963431024 
0.067980171061729086 0.20583103900928923 -0.082008381699717386 -0.27231611138744649 -0.25578994462882387 -0.26994613007808804 -0.44031040302545754 -0.62501049523727004 0.088107092584501875 0.032564677514649989 -0.054793094548228678 -0.020773640618659387 0.37022009144022017 
0.11252639190545052 0.47503208480440701 0.43111659502581628 -0.095893776018035948 0.12416849942284201 -0.12261582981614745 -0.37013814796891636 0.0009473867740127759 0.26639081024872702 -0.035028157105274023 -0.37798205529378887 0.069942002495431144 0.42333938777195551 
-0.033513552383071035 0.51507335057473347 -0.041712953794355544 -0.19161625695842122 -0.21619998365110632 0.089928421575079062 -0.057843818919688934 0.30348876557027532 -0.33152051035780244 -0.41558110441347107 -0.18888554398977658 -0.18126437632537651 -0.4401029501726984 
0.015203445077965835 0.192507726776039 -0.29513345371120658 0.19577730159663581 0.3635500999747438 -0.40313536406107836 -0.0998124114073934 0.12034743956964955 -0.65853700723274533 0.081785449484817821 -0.085939728423713863 -0.18992625376885014 -0.18527502261335346 
0.3374610643001032 -0.043766891155798349 0.24968670036882196 -0.17992136615384907 -0.057741338832854761 0.26539810107793077 0.14595881274590755 0.27472818880350725 0.074820797691160498 0.31223295116112687 0.23450693288833158 0.19598409341774875 -0.64996056954974646 
0.17400400255229154 0.17877657582172107 0.30072242653904419 -0.22145211961078037 0.59062512088400376 0.0038501939620871578 0.028472293935174541 0.51925413354320782 -0.069129497094094744 -0.25437092969210845 -0.25263309164858544 -0.20666218110822132 -0.05460720150251349 
-0.16284270293856479 -0.34086780158799462 0.16562658975458644 -0.031958905142072287 -0.23106339710820464 -0.46044550953221608 -0.33886046259688213 0.11371660951357479 0.23180168455591232 0.024821759428291797 -0.012265901566810291 0.5930927913065932 0.17152831784066019 
-0.30787455258574353 -0.099337937345785721 0.3295776193886959 0.37320114193029846 0.061201336936294641 0.21143030557486323 0.33026524424125475 0.14159788934897552 0.26337030598173655 0.60191335682513825 0.11440065880129617 0.12773797720255295 0.093825125646245289 
0.09278651691810709 -0.33954559755679847 -0.51217607766714124 0.26614274583289671 0.13818381913686986 -0.29983502649155136 -0.27208806500192828 0.22997273858638656 -0.043602921432417036 -0.35488544454764714 0.40628464496777439 0.065808173422572933 0.098919893030401593 
-0.10434838854461009 -0.075442185378016682 -0.24979211534914944 0.57543462562554959 -0.55556728745391437 0.31774099570939407 -0.0049402253319814843 0.08712771880174161 -0.14781676661558518 -0.25113250844265339 0.19212974499641527 0.10284356164500408 -0.20065097654207006 
-0.27695265104961231 0.13151277311297421 -0.2120597432610534 0.027483396965255615 0.098205513301898806 -0.074379063691707048 0.13652207600789271 0.34104914954950161 0.34905432359805588 -0.22904360175487856 0.13318487512330257 -0.71042127335774752 -0.11580626594165411 
-0.10589137947443529 -0.52704715661005974 -0.28762543334142027 -0.055889931652648349 0.11183134722665271 0.13108826111960403 -0.49955033330669152 -0.39660431108505617 0.37278584277647747 -0.13717129795190286 -0.061064767045409495 -0.070918980441758733 0.14858223808961704 
0.55878204137459109 -0.33552069700846399 0.05739989155843938 -0.35152695846866733 -0.090391977456320147 -0.068532311181883937 -0.51602843062072579 -0.090930780469059877 0.086461193474099279 0.081318263741167657 -0.092793392266970198 0.31726917500920243 -0.19375981438568501 
0.17227237168829199 -0.2996386757952138 -0.36354544478347878 0.14634107552121717 -0.3132131780335578 0.10445520167527265 0.26522868226880503 -0.099784140463592338 -0.57805598567130101 0.2037727321969546 0.10424528889329653 -0.28870476388923727 -0.26029177968163342 
-0.56059743395037109 -0.39662303442659025 0.013001553861826363 0.12207811120023286 -0.099140171635439131 0.10204140947879417 -0.12258452022524531 -0.40444591772623439 0.047522493962190354 -0.17331931832628486 0.2088122265567123 0.46006678861448635 -0.16413994835438211 
0.5971327981234128 -0.052527732922712546 0.032250062557833845 -0.29416944716833132 0.1533405255671571 -0.27062291035622621 0.29181270940905923 -0.019291679135951124 0.19727126406865242 -0.31378729515698517 -0.12650878254708697 0.090759567887639017 0.45738434209720524 
0.28097923006497644 0.14458031757970519 -0.099387629823202067 -0.096463312388224046 -0.20159530452996272 -0.26783407340228282 0.35229258010258957 -0.5863723615332177 0.11591982101951182 -0.3732960039717933 -0.13069306792849628 -0.13482096822514331 -0.33556084906982225 
0.13444920694717372 -0.33991119155740868 -0.62218072934676216 0.0040207483094556436 0.26358847688411297 -0.27058637854700551 0.034420696744427694 -0.23216204392923867 0.00015158932115145836 0.080597375461991153 -0.18236788571055929 -0.39433370533290207 -0.29364232835206089 
0.44174288235863907 -0.35723228668130175 0.17227624576459352 0.39954494748261571 -0.11607490611659431 0.35175453207600799 -0.44015239891115138 0.28388234754862651 0.21562515959843889 -0.10916373929490465 0.024831085079388492 -0.12960255359812067 -0.024098900955873137 
0.24927568932237071 0.535545858677416 -0.29313588451797901 0.21055806723044676 0.080161792551392635 0.30029516002443896 0.44745395725915083 -0.18489978625727951 -0.084171136806109895 0.037833927895094398 0.19066781538319996 -0.37755353770063699 -0.048639187183557302 
0.16588172295511111 -0.57381210271195437 0.18256214693943676 -0.2652043580971577 -0.2794399479265286 0.056008231427966307 -0.045158718594855533 0.23291959804929857 0.021356441358804257 0.55306601200769678 0.011215511414340925 -0.23370221636144956 0.20239949447138628 
0.20488480166397094 0.12997880308337215 0.10322162098977053 0.088866129774505337 -0.18292663357665631 0.24285070328414371 -0.0067968565524916032 0.11489606035844545 0.57556698878517565 -0.46379585996969358 -0.29013819288514964 -0.22458876031699249 -0.36862674468552925 
0.34209006999948044 -0.072292754711911586 0.13978436681881981 0.19435119694474873 -0.21788879466957475 0.021384539838856825 0.14855252447042774 -0.10369489462862856 -0.48382678714762034 -0.67220023350709313 0.10562469184909135 -0.17293865514049048 -0.11259177465189681 
0.24967973823735301 -0.60395000520156883 -0.18562974536032348 -0.11805106682810275 -0.47652519071182659 0.028257163308446288 0.13265561686700877 0.050758341791104236 0.17524626447251196 -0.40454481934905334 -0.26514049929534445 0.099456383601849052 0.043617605396876646 
0.19505790092960912 0.15458831662970712 0.082509718269104249 -0.022214789555877495 0.15102006026415118 -0.027072404507984919 -0.0050560900138548349 0.26365784561541133 0.69703062561090778 0.51941870955494307 -0.0024323344975824106 -0.2523327916980494 -0.13545212062331896 
0.45555633051069377 -0.037636413356627575 -0.05383726619577904 0.12085062743494966 0.041857361113768067 0.37555846125949849 -0.060263594449179066 -0.19607052941779929 -0.15724158797127191 -0.33232487830660373 -0.40039090765177071 0.27691420303813186 -0.46531490241515372 
0.18040139587285331 -0.11132000913036867 -0.081890340237018328 -0.36051089428862831 0.31679090730880705 -0.49420742472033363 -0.39517320780538878 -0.19280908636314845 0.16003829172687548 -0.42708696358097514 0.17554550186918036 -0.12889375871099146 -0.15814246777814531 
0.077400752202645876 -0.0030923580992887035 -0.3459404515726161 -0.5263102658878912 0.021057710662864083 -0.021611685076476102 0.13435438062670083 0.037966399178777262 -0.20875431781961798 0.15590840620694596 -0.48156527362458684 0.098377006068193384 -0.51715595837022055 
0.12139014731748669 0.20888211613881294 -0.075396555814188138 0.096449278694557342 0.10902896091741836 -0.025366497025826606 0.27059584857724678 0.15177664587519593 0.4930816381706693 0.18726662907307315 -0.3945157174641114 0.54224855966278207 -0.29997017962417977 
-0.46504150845596709 0.08657630981766741 0.04484195697026748 0.085787312069513191 -0.23269035714728972 -0.33178568203153075 0.10196996594986056 0.11548097594506235 0.092068297795358578 -0.55260419169486286 0.352567040415946 0.047980746973901631 -0.37209779480308269 
-0.068718997192133993 0.0219644616699523 0.15860804012706545 -0.13627819977714439 0.13547120542697436 0.22963722039553155 0.23113716271245655 -0.45828811899096339 0.53929443311380665 0.019451254199150961 0.16380595908805493 0.44963192186390205 0.31033984753153987 
0.24198108638556742 -0.2657923690003009 0.17652868331025806 -0.48630606391317999 -0.4219197851180928 -0.50012490608834115 0.20389091198783824 -0.22920445999254618 -0.19999215422473848 0.05730441465609315 -0.054550540746539575 0.13669587521888329 0.12630918358964563 
-0.42476882685007711 -0.38410302587475231 -0.21071521889548869 -0.19278205169868706 0.055663968381061232 -0.21095340453739342 -0.036355729320767478 0.13704049541084673 -0.46976215417124356 0.11814295805050046 0.35316556930735438 0.030681005910772326 -0.40307238819321933 
-0.47971012751446507 -0.11209034286561517 -0.34842764436412527 0.39102337308549501 0.19053469713270854 0.16071167059341671 0.55568037409749849 -0.18593870146387131 -0.027427269548288589 -0.071864149869796889 0.13811058699923728 0.16715694139835685 0.1568265530901439 
-0.016601152363113186 0.2094558545844481 0.1572823751347992 -0.33182577595722251 0.017298288605916236 -0.21283597533205192 -0.48480088142097028 -0.17346250383553208 -0.46871279757931184 -0.094876824011326411 0.3262772822948532 0.32230511670495832 -0.26693873081695069 
0.0690405992666933 -0.11583078071475487 -0.23371239427956517 0.068285356133643296 -0.43273642028102594 0.4540921521377414 -0.29422379581525582 0.046351917539781365 0.39312492276741584 0.16947058222111325 -0.16619441770432919 0.47449812840937194 -0.065719684692781083 
-0.023276531941761498 -0.046116910719306257 -0.26368313096031115 0.30920338858137791 0.35391195267002878 0.21983150319806091 -0.021540223016541307 -0.30873970216929331 -0.52325148644872266 -0.22034710473546543 0.33869427068440888 0.20018689567070824 -0.29274321985350193 
0.27046984775614552 0.31449222193196119 0.38767339234522291 0.36199577256925208 0.20471061313260877 -0.33203020984138482 0.00037692326340458171 0.35144233573558487 -0.24546164595719386 0.35845237802704044 -0.074806270657390039 -0.18370580586782401 0.20703483843368398 
-0.34270076551965478 -0.025087777824588129 0.42715417809254252 0.39605531036868585 -0.12397004789111102 0.33056935734448545 -0.086266607715197549 0.15849327821914333 0.13826870358179244 -0.074456769121725247 -0.1147661207556572 0.23210788319656281 -0.54193375201474525 
0.44778697426811565 -0.30832174455212441 0.22743817447602274 0.17649825657776619 0.36850462606838436 -0.47591119556572603 -0.0096558115680761055 0.33212578529125614 0.27334016983040937 0.0093209198910601549 0.22788961890989703 -0.053125109451968765 -0.13892151966300609 
-0.17488566798527586 -0.030131456598873476 0.26442940920703867 0.30743358763424877 0.24234185443713166 0.10402456292148014 -0.42522183544730291 0.23478453873110297 -0.30411875596875471 -0.37858711573470305 0.19220911507749214 -0.38532095161741026 -0.27811454568112548 
0.22081910519170272 0.29385872978947281 -0.034049021560962095 -0.22686586613575396 0.22101310012353259 0.33018869552044944 -0.016660996624674428 -0.28637626133756816 0.45070130115733764 -0.26047055040762457 -0.12393685728443471 -0.42579675364322322 0.32320025553660908 
-0.089640006471049 -0.24058283244781181 0.32645219108344148 -0.17214758462389743 0.024629099839268209 -0.28690538242644154 0.12678098946746696 -0.22421127555995737 0.007367041664779527 -0.49118747559737092 0.48154520827655267 0.27692731782104113 0.31419644039555161 
-0.10100256607775232 0.051678395735844276 -0.12177690091021216 0.044147285554178142 -0.25848679520674633 0.24066100647195424 -0.26352688571494515 -0.28968484650195259 0.38397137022608679 0.36635044493592728 0.015266456143782416 -0.63835594139950647 -0.053612696832600837 
-0.21864024903715357 -0.47299534268306948 -0.27549195319572256 0.15883353055558622 0.0021484994493246789 0.15509283387444739 -0.2482293381630655 0.50082770409383026 -0.1718753707484679 0.24306332401606184 -0.075009865731735639 0.44260901936896668 0.026328641806552863 
-0.2557464938671366 0.24581709137418339 0.06306630341529601 0.46385232407570531 -0.36074823189664673 0.1408745278585449 0.0015594815190668871 -0.34645288483951692 -0.064754632553739089 0.24334001035645933 -0.20883672810419981 0.48168619771096005 0.21441199436128089 
-0.18528846927149642 0.12459460077814993 0.16225022674793185 -0.18168434423665653 0.23995291864766446 -0.32388716933498363 -0.40699497070889418 0.59111196557658896 -0.057682831130903951 0.084015501449202334 0.44152636154695091 -0.084437294434209248 0.028466995111730047 
0.26992908092448997 -0.22148494036215105 -0.081118576943185181 0.51867926569900025 0.074991658704663441 -0.11680050460537503 0.52952180515992642 -0.22219657731607848 0.15369738428423441 -0.28901015123959362 -0.26233359425422442 0.27137526221782732 -0.06188973531253527 
-0.48154375970809926 0.11297067957655865 0.084946005661327234 -0.088060980857094906 0.13252399765819267 0.062159323938852498 -0.0080340404277545515 -0.62540057605438515 0.018481881380443904 -0.4091843714130286 -0.16851091118562986 0.019111172178133715 0.362258555638933 
-0.17276472001337059 0.55125393452076665 0.16920928581951461 0.21585990953436376 -0.058374316637584835 0.12267589754039111 0.38151910059766952 -0.16993744373785466 -0.12599516568942962 -0.3400445012065631 -0.0010841054879170895 0.43027553996375206 -0.28549678194920325 
0.37990651019860583 0.073612386279119729 -0.3062396208101269 0.041662327047805578 0.18460133427895964 0.6542198584970379 -0.10067276032901895 0.031916977357591365 0.13255120343332621 0.45944456517379473 -0.14825578005987963 -0.17527084249665545 -0.01183455578655055 
0.067651946191326501 -0.14967488312436192 0.19539377152415996 0.058427916672543267 -0.31500028227704069 0.37500650228355775 0.25465094282285372 -0.38333795946416327 -0.41944299679992963 -0.061339188331235799 0.25053041249229302 0.077802550789681013 0.48089946935117844 
0.082642832574693695 0.3672501789956169 0.018009059069436124 0.20151740119343975 -0.21150164499164706 -0.35428822654543246 0.72400267980059663 0.17785822822820191 -0.14120298903204245 -0.1498726611319639 -0.1082851237061267 -0.18884780379623825 0.038834216465898012 
0.30255273611184202 -0.057620660696418739 -0.28957173823406629 0.085235551291939923 0.016446725614061592 -0.12496723570004568 -0.49252574031326724 0.27424434070432646 -0.13567860577264493 -0.46155021305590199 -0.37294709492768618 -0.32586877365465683 0.060238409575961459 
-0.14021787940597169 -0.44477153270010372 -0.20796425550645414 -0.10185891157936587 -0.11930117792407084 0.053931329972478209 0.34460486479457719 -0.4760841245548742 0.10280019013301532 0.21156741369699059 -0.41240674047430625 0.3240842727787544 0.18948432541260979 
-0.0082807367139746714 -0.060449451099998538 -0.50399511072232761 0.56531817951708785 0.052592992372910541 -0.21511217147895445 0.093635660366676837 0.064316415151464412 0.16414977454073798 0.47444872202077126 0.32366370102145892 0.032744166470115639 -0.0534879436475236 
0.015288438273994755 0.19198987687485017 -0.10471609531880888 0.23774045018506124 0.6980087739939479 -0.26908991842499991 0.3861737681774578 0.032033598185234158 0.051851199127913243 0.12604490579938768 0.23219625112447437 -0.24921348448354433 0.22592007466018302 
0.049817705985637631 -0.2516921416034657 -0.18239969270640199 -0.51764322794157902 -0.067280914890093566 0.36381624340085023 -0.25667958025826026 0.41526986021410617 -0.47661691142455781 0.0048529399345304891 -0.05384042724239204 -0.16126509186908486 -0.0403758065502966 
-0.10233965733798008 0.038893383896513277 -0.20196376869582067 -0.059562524501503046 -0.63798542284616844 -0.21200831125935105 -0.144232667381686 0.2057088465080873 -0.24699563611938508 0.22507681703816046 -0.51805704967019961 0.22024990375746967 0.0050180381651179747 
-0.27209769622379965 0.37675036179072374 -0.023241395056123073 -0.31992811563824508 -0.18122340929984962 -0.45874240485937773 0.18683296127912982 0.33150874905014766 -0.093303064340856112 0.29536849763564815 -0.016512299632728083 -0.29543018030144014 0.33096384105470106 
-0.27067677484176772 0.042636422726626613 -0.30339010637309488 0.13276853489102156 0.084452523040669289 0.28010804354234592 -0.19387818097454323 0.025240819873730971 0.42765395147027319 -0.0968366635086165 0.64922916678017506 0.24559586476771378 0.131694739334936 
0.026038777305946999 -0.6767014229005941 0.13425602005351203 -0.061257214781662683 -0.0064079437039197048 0.17555875477719388 0.28934645753063903 0.12722035248756325 0.14930648208982789 0.15243145871865868 0.38551355930527881 0.43759046090528941 0.056725842952036303 
-0.039050579153186993 0.15782433587623135 0.32362821645643025 0.00040541418027254423 0.39780003806802772 0.35028139542854358 -0.45299884390644229 0.039684951959158388 -0.53182995113420861 0.21046850517829915 -0.1722972454568576 0.15570345265531271 -0.0060312193232485278 
-0.032437795679476626 -0.102733468726859 -0.06825141926719018 -0.18135761104234346 0.64198830795165085 -0.20599788194641705 0.17383286326063016 0.23400945500636131 -0.13768593761043516 -0.29868926272634594 0.34237914009366038 0.36961653595248795 -0.2219680785621469 
-0.44845526028621746 -0.20662750626766155 0.36021611928580655 -0.43288988906316883 -0.26018968006303383 -0.10625164245293006 -0.068425663698747974 0.41591911536488702 -0.083233310306984318 -0.18517544444920481 -0.14370294002354611 0.13312486187463635 -0.3206154837540362 
0.11889087587889718 0.001046918727803117 0.31707876241779692 0.55598432400228937 0.34948881518807684 0.25017332526999336 0.3063371312908108 -0.0032479802650677648 -0.49362691895520716 -0.094655946887845954 -0.16920954653322537 0.024226454573082555 0.12561117124737509 
-0.025411280928294134 0.27675439022052262 0.22052295133019689 0.34582454506050914 0.03967886974599695 -0.053977753682640406 0.17554058490170113 0.35251964818606712 0.37831754215873814 0.012536057453548152 0.62391344124472292 -0.052317645932676043 -0.24428926026430572 
-0.39374618986429682 0.081874548184240725 -0.2175848249713116 -0.36500566729896078 -0.0098503530321253242 0.12309435621564985 0.60219337353302016 0.010610515206500595 0.30604401067061704 0.4245460968957962 0.050777839784624086 -0.054367312343532405 -0.015905736082502162 
-0.018076603584014351 0.070957726760448689 0.238879774660469 0.63971877739684857 -0.15235077808954597 -0.31337585848805988 0.22158232969734598 -0.074216391816802438 -0.2675055049395294 -0.11629700583276331 0.48584423146418165 0.036560801882549364 0.1727630990227336 
-0.5546254767684381 -0.054666823435022251 0.3803319467376628 -0.007394964295291186 0.25332844493922774 0.35775832980099803 0.21574324522020058 0.049095661892410859 -0.33876220423187325 -0.1523445393517229 0.35220615821871754 0.18969730128962486 -0.074634138345076567 
-0.088523678022833591 -0.25579978958106592 -0.55003060254983593 0.0069488489543533781 -0.030677213441939754 0.51959188540146695 -0.030483755938194631 -0.097701842962143418 -0.090370853934322357 -0.377467504529925 0.052267233766790239 -0.43496228374260903 -0.013553129582073458 
0.23233199032535318 0.15472714581798264 -0.25078850326132829 -0.08797877436836557 0.48273810235593662 0.20692444400416352 0.078572348739926079 0.013158196531001738 0.11502274819782106 -0.36106679244838757 0.10940201037111404 -0.26191492555670359 -0.58743338012186741 
0.3208004836524585 0.049704447264271125 -0.076935578073564728 -0.39014877569327361 0.40412741815454029 -0.3432259606910073 0.11145035555704486 0.33045010836589811 -0.25403201920005042 0.43060597732938183 -0.097731692159526373 0.2308931318595952 0.144647795384994 
0.20366411860271208 -0.2470442688278725 -0.32216055505980601 0.44840913774741492 -0.20344859466089382 0.14456254947515151 0.39456759914396622 0.10927991031086397 0.052544278376915214 -0.073100509844082048 -0.10862944296480913 -0.33039669456526422 0.48337315825469124 
0.094168448445411612 -0.21663960718272274 0.13274935562497131 -0.087751813211448024 -0.10457942467306047 0.20102032379473639 -0.24747890020072202 0.43692382256406992 -0.039673969755078552 -0.40876015037510322 0.54234892099265319 0.28817846830222321 -0.26369392533502989 
0.3069224891315756 0.13485708289612408 -0.04420488947994642 0.087189010479720774 -0.2235999341983905 -0.69231930424318311 -0.17856708079922212 0.21331229542589689 -0.1279618759035083 0.21209423169502528 0.3474941415536773 0.24295398070926019 -0.17386158221325798 
-0.46668926425036539 0.33213842079722844 0.31243686223350575 -0.46752799880637147 0.44021315267413669 0.046188977588550506 0.055445788163730206 0.016468063291810987 0.25915548375953651 -0.046115054022353108 0.21820510638481255 -0.15362954784547569 0.12615797298693229 
-0.11096065380748571 -0.057976748300846273 0.089376198679032431 0.0092371568624419025 -0.61547043438729099 0.17232877571974597 -0.041827687495226924 0.59393465105637777 0.36194676310750779 0.13102929168267807 0.059850025688897635 -0.2062757598715074 -0.13761599836086413 
0.56690285093552817 -0.22166672659723102 -0.38311946128754509 -0.13535016671987715 0.025934194700139201 0.22382601150458034 -0.059011396324646456 0.051630394014841575 0.50550250564879429 -0.098932260028357852 0.35530981261139266 0.069932108528490147 -0.10492942521840504 
-0.1647086003509238 -0.096485700010466247 0.0067310306951668744 -0.13630339053121895 -0.15645699564240392 -0.68026188694015299 -0.1360435221235371 -0.19178233076342346 0.16172014933372156 -0.10079536699589418 -0.44380139435114752 -0.062991929949072531 -0.40641550589349035 
-0.57183088502806179 -0.0018096914500969972 0.054319434730822645 -0.010739082420141552 -0.057605042112396608 -0.3661626067068367 -0.30769435627179537 -0.040102959103381609 0.52334726080406868 -0.17784217025582383 0.18478090301736685 -0.16533673398898049 0.26317743974022151 
-0.23029865902026056 -0.019639030192483229 0.45654932504582468 0.19713206277845699 -0.36714520191808897 -0.026103462430488892 0.23557195621790747 -0.045906363423205608 -0.072257125305017211 -0.49029475191205202 -0.46334652591390207 0.045261093549199979 0.20940717130622408 
-0.077026527416633073 0.4590668360407385 -0.15083201171796448 0.10364674251030584 -0.07407236468863207 0.01683887450231971 0.16294839415806539 0.46581418211028691 -0.39028988042018448 0.40932550091648023 0.086387855965722363 0.28771689075293122 -0.30068071017133502 
-0.0010554214627510234 0.13315589235355826 -0.48257360423608875 0.11512563137346452 -0.039858915605782565 0.32542837881453823 -0.46185412867985998 -0.10170919935504705 -0.41410189323692309 0.073907014725969417 -0.31217450045408646 -0.12978048383262913 -0.33727188154901444 
-0.13456933395227461 0.59036842070052142 0.27432047523336828 -0.34303749902824993 -0.3399372645156013 0.073480128413736481 0.23267216470315058 -0.43978094219422276 0.12651571714186247 0.15925509342246985 0.018688591512680739 -0.17193350703209792 0.025508452451192484 
0.28104015582716924 0.10169203941535007 0.28798751962129432 0.56063027696942747 -0.35364590419470116 -0.13823846727741324 -9.4420486689168046e-05 0.41109033707948006 0.12015852795085859 0.046960605277379802 -0.14283910093325014 0.40385629933163619 -0.010732097786622034 
0.32843012486928158 0.21397910948754464 0.11005665931785882 0.13212633349034 0.34412681888327767 -0.16752127378408468 -0.20916620620309206 0.010651796706095494 -0.29443518711496358 -0.35848351549136387 0.28989822344603494 -0.098661397082526275 0.56342576153572799 
-0.025312403848361021 -0.015642417730984303 0.2285129271536184 0.33674129807522335 0.23231701561158224 -0.15695053080656385 0.32354554323405749 0.46893484888150067 0.14690252354140049 -0.35829973764003631 0.022645375806007492 0.29106169941738363 0.44173145919109319 
0.20924165320675825 -0.028492655706057832 -0.52839324402469379 -0.070632850722865043 0.040843236223088941 -0.17271795984459662 -0.43638514907944587 0.48339612632667317 0.047121048071455694 0.41699738466439551 -0.074094706336409202 -0.079003108894975832 -0.16665975401612224 
0.31531225428903359 -0.23519713423592342 0.099506259010298331 -0.017098416621523168 -0.14157210811042953 -0.19689808087771327 -0.15694739511047134 0.33062965800615213 -0.59765013991092542 -0.046373077173800084 -0.172254136754666 0.22196620151111321 -0.4516968375042279 
-0.072103502019927074 0.079519210130475484 0.15368633312309604 0.48356544160592768 -0.063466724619043569 -0.14317358995654988 0.017217800532967474 0.051158974132740731 -0.13709506444902853 0.01104428945000089 -0.57248815916673135 -0.40263093115517379 -0.44137395425327447 
-0.073252581870924968 0.13320855951020749 -0.16791861105176203 -0.11519309340238248 -0.090634724503097744 -0.055482823129244623 0.30283626584312889 -0.37834866879947077 0.11668541273923702 -0.075271075023532974 0.53777929675175629 -0.32869675826198419 0.52224856437230671 
0.0080440585803387126 -0.51387337457041105 0.19692864338504601 -0.36613264148061647 0.11910515468892793 0.24030493633691033 0.27976172131674237 -0.10033237107503817 -0.18100287757304379 -0.40820391619195029 0.068120519194600437 -0.11356797613315922 -0.4310906764969864 
-0.47768078145456644 -0.18617283164243736 -0.16287892743179405 0.020579191931974296 0.15618055644752926 -0.053897814807133342 0.17271439112821624 0.42667315042815646 -0.027072195455484904 0.14103978110838319 0.43761896976072007 0.023333158875916117 0.50828161305866737 
0.13020157026010606 -0.60104947354462057 0.097896641235911894 0.060261311605013836 0.21904921533434199 -0.35284506254438891 -0.083974271484666463 -0.42860273580117042 -0.30352493879336839 -0.30189657096311107 -0.22571274018040627 0.10127672259393621 0.029420731734873581 
0.056786056203255227 0.26159045282119392 -0.56904485221779655 0.45236814927056651 0.21671822628847764 0.15676239667251585 0.16806044561695394 0.46550605406970885 -0.13240647638396424 -0.15065516253143713 -0.20465295862719846 0.03598357077510371 0.0030414313395339659 
-0.38285089730911126 -0.20304948703265296 0.015320369962359547 0.46440585781217136 -0.041375196296051207 -0.31034574081890054 0.15864019166672125 0.17887864800923828 -0.4553935387562118 -0.21372766459909021 -0.21865305820890318 0.34009095194454364 -0.15672941551019684 
0.078072669980440365 -0.26220741114763835 -0.17212485902511279 -0.27068198242312608 -0.073796862808080538 -0.50669553030867531 0.25884562005109568 0.034436204644869725 0.56666547997837646 0.21628964276520771 0.27468360674590919 0.023033474001051105 0.21911271968382606 
0.020024965562124838 0.13570954221720535 0.48881123966284223 0.14371402074108539 0.33486134481188529 0.23685007035857308 0.066544938427389233 -0.44850622785177108 0.1338248075142624 0.41414549991109589 -0.37788149210998551 0.07535233723849076 -0.09938642154494888 
-0.02127443797582209 -0.1644880884722118 -0.073260156931123657 -0.28661131474835044 -0.46225469284661913 0.1060744051249287 -0.3206843215421209 -0.26116370251573529 0.20469093087305248 -0.38678988020900823 0.10103773818903335 0.047790602779132101 -0.53385814760300176 
-0.32727010241197196 -0.13427017550270615 0.032519001622324045 0.46196350758299426 -0.20499651501638089 -0.44996504311141711 -0.39580007555254354 -0.27005696857824263 -0.28358365539361824 0.26504963881521498 0.031916380842662469 -0.084777896950691989 -0.16565176466517245 
-0.10188273490557641 -0.11513752146939439 0.16056598503248604 -0.44041806954256352 -0.10188021934186388 0.23573793598703816 -0.52062195963555158 0.012141349275061239 0.098060954166540509 -0.35224932356268146 0.10326123316979958 0.22373463182389186 0.47439598727212973 
0.048414937076931439 0.41925671238600593 -0.47148154607039977 0.073344399250163742 -0.12832605711930786 -0.061368666753657701 -0.28799678246696347 0.17951063061868566 0.22847229608287453 -0.15056806509765164 0.19264290324137776 0.35300288809576058 -0.47139472940585114 
-0.49471438226132941 0.42541032932291684 -0.11556415136881501 -0.17726826639985724 -0.16909313945361254 0.39018131948803414 -0.077711151380424268 0.022347932805325998 -0.068687968503632901 0.14391829292191755 0.11041739035140861 0.21017927088909027 0.51022972986656634 
0.32743218120453882 -0.12945451875114042 0.45048493905504788 -0.28681046164796253 0.0037937684259548702 -0.15686094307215848 0.43662575567350764 0.2726023414966714 -0.20328166757292954 0.053202793077687209 0.48703598492276234 -0.12390963110883607 0.067433796863322487 
0.15353904019240391 -0.23232322967030403 0.50566882706637273 -0.22506341424162674 -0.23405230929058773 0.44626744891859793 0.11088997418090939 0.1137565396040917 -0.021244388862197854 -0.17348014926975966 -0.25767002226853525 0.48977699241110773 -0.010143566953532869 
-0.2327654010524407 -0.085947381125405037 0.40007343895509756 -0.073662205090561331 -0.041393545624406676 0.025136707453911486 0.29450608919238153 0.54160204675708756 -0.43216919591735581 0.25877567779200511 -0.17294400844279403 0.15624261128505459 0.28719348264990002 
0.16584894988048193 0.37507542412274814 0.23273675341404074 -0.2767213949597076 -0.010293900326821211 0.04524331330840637 -0.16043323750304911 -0.083571440273877154 -0.021612299283201079 -0.48239081479100232 0.57547313719941984 -0.29844046334819951 -0.11309934853765638 
0.38324964641103515 0.12748007272890613 0.28525362241443125 -0.62649698019422673 0.33495960990982887 0.01740391216103504 -0.040153511933526377 -0.1853106429376061 0.11452729002771576 0.32844207564237704 -0.026966149093208922 -0.22709047055079273 -0.20312389502111119 
-0.0071587669902585631 0.24299012947198481 0.3300088959465966 0.036721264959278355 -0.53456218526143262 0.31212420171166166 -0.45126228952391073 0.28938066210245861 -0.34246602055347419 0.07183023999553026 0.058094209181312362 0.16805957350678394 -0.07766364387662042 
0.17169020215244349 -0.30446964451227954 0.28495216564211984 0.16400783261486393 0.030887654386015831 -0.07428709598985736 -0.056401519981831821 -0.33577874579080585 0.65166409321875707 0.014834354660980703 0.026063252726813677 0.17638555281335458 -0.43663025769438923 
0.61215019608725296 0.031138780405165795 0.10197412627392914 0.22755999151749443 0.400746101658287 0.033762714960086593 0.25276795829036719 -0.030865917736927317 0.22065622878534236 0.037384340193382985 -0.39081409839117232 -0.32905106719204724 -0.15633781554580864 
-0.21350631251260005 -0.12522075161892199 0.066973330193978733 -0.039086045262366968 -0.34928852236084468 -0.49555697941150539 -0.32701285630223759 0.10714408385781349 -0.37414459145169149 -0.18181573307989685 0.17455519539242348 -0.14866845480991092 0.47022574961245794 
0.68945237513961766 -0.41496449633054816 -0.21115814717697393 0.22420109294480561 0.070504641197756346 -0.2395233447739811 0.03109706264040412 -0.0040318239680013305 -0.15361515560240449 0.35563722760158567 -0.1158358417945921 -0.016563369754121461 0.17467866161137066 
0.21475030607333292 0.77467557078929572 0.27549627163994694 0.02792621184401059 0.15237796112659416 0.38260399243490278 -0.039105691667741728 0.2375932631889493 0.12790424589679045 0.068396120858280549 0.061149791396093681 0.061267841432812033 -0.14479901353911548 
0.43241948752838494 0.23043103737912973 0.04324725730310286 0.08292996499909841 -0.15678483930504736 0.078166160807931789 0.55677318805536324 -0.19531717895492509 -0.18914740505145985 0.44824054562804433 -0.2115923930279538 0.30111678451609958 -0.013842518131880055 
-0.39023019069238624 -0.57010467222866812 0.098775069215861683 0.27879362076029074 0.33519658853198014 -0.37790346634763283 0.099409080173122943 -0.082490372034992945 0.1144054673359463 -0.055611955228142253 0.33332420747272679 -0.18323392663771162 -0.050030535481590928 
0.11463193507663658 -0.27186429442342475 0.34183147703395211 -0.12960143153016757 0.30581612619016985 0.13574559222157231 -0.15804817914548483 -0.22626940966373318 0.4067161282255945 0.028867364548767999 0.49095815512731511 -0.41992716849041029 0.086870725729859821 
-0.34891257471743831 0.1132920764159302 0.090419199120663568 0.39919863103817815 0.39704196580153284 -0.15328552136133697 -0.16538646116816902 0.13710437089737207 -0.021203210243508235 0.18827507872290325 0.21699126070653496 0.61902465510606042 0.06653469820060906 
-0.076521324226150877 0.019763420570468666 0.21322440944816232 -0.0058541652676725835 0.081683824973543637 0.47097160246682296 -0.23637868561421391 0.14847996605409869 -0.19279708509526217 0.39631349904489632 0.62201543518518898 -0.10657358370772445 0.22215097858564714 
0.091592478097797705 -0.18092452039743137 0.15405625591856617 -0.22216941779744651 0.20253991846262087 0.37639729765279378 -0.017494423369802826 -0.032310387731795787 -0.064240450530836296 0.33320655490182194 -0.31063620822424104 0.16543440436255141 0.68023551488179246 
-0.35511765320429162 0.14722724452195696 -0.19284348248759881 -0.055580321435452273 0.086926896114974589 -0.17286835547822188 0.11374567615485977 -0.50002908148588865 0.078793584898640259 0.28032010228800991 -0.034798326581709102 0.27862460015849583 -0.5898309207735305 
-0.26229226974552333 0.16654409557740238 -0.048823401101301574 0.11599186463403112 -0.22830650649858719 0.042297577378783389 -0.34161335714491642 0.54966896907402629 0.033626767884781243 -0.51528179616705594 -0.18174490227278253 0.32462885331107727 0.099086800914701609 
-0.05057361661612942 -0.29226607110699931 0.69227325294050357 0.25076670097553139 0.23237804704900469 0.21442343427350916 0.14686919495297812 0.29557579337462053 0.18242977609651337 -0.073572299265096494 -0.019766190475157031 -0.342702485686669 0.066744884061919155 
0.27167167962863153 -0.19330154433940025 -0.2742157792375462 -0.083854460016180479 0.062872016845599371 0.39410089743595261 -0.15142538343228992 -0.25204541871157243 -0.23025555029161637 0.43108222914579086 0.28173530660087553 0.49177910171250905 0.028411707113192092 
-0.049982640297124341 0.30396441094838977 -0.22787884123204102 -0.52758079954666293 -0.35136715400851665 -0.24252542244098377 -0.16704173955731791 0.15587574249548328 0.34889556427335144 -0.42765480590637284 -0.080578907392309398 -0.14228815042561047 0.094888529668131591 
0.1274895321277674 -0.30662597927622975 -0.10152797819679726 -0.32926830185187328 0.055264539995826804 -0.16936941036006403 0.15282874722277065 -0.44306311984698904 0.075746452007640838 0.11657046431104683 0.59679974447353645 0.023457589583993108 -0.37888424448964286 
-0.28477019862173847 0.28635489926080315 0.35173143249398503 0.21846752245944562 -0.40512481982761633 0.31502434548052355 -0.31741047899063624 -0.26232506231842651 0.26181852521712595 -0.19652188753821956 0.33225514595817157 -0.05610984896327436 0.10872832518891515 
-0.32315082197139561 -0.32150792474914441 0.073145380165981447 0.087110061500845493 0.052750472377813967 0.028249452385866233 -0.53079148879009319 0.093339346817767885 0.29966001599622533 0.40594572013293134 0.32372953884845779 0.023507024965236576 -0.35396872964852971 
-0.10818956877621574 -0.18133601132282595 0.0026932947637565057 -0.6507858276879056 -0.011991297572603766 0.3060018629430018 -0.16969869721214456 -0.56946318443280286 -0.25732714960364006 0.019139217880607524 -0.029166791039632503 0.12354353858640135 -0.048152300436245889 
-0.37924706195919272 0.19579427753044742 -0.0043235526366551527 -0.32818554238131903 0.038125865340520634 -0.27197116989395487 0.087868249580835292 -0.3085145358837435 -0.32683998933028391 -0.21759377337707234 0.1003233842883056 -0.5638603114343077 -0.22274024213188351 
-0.07104116473308425 0.059290559357018394 0.2173167721951709 0.090307786786592403 -0.010375960594880806 -0.35581564884496192 0.39080046231977816 -0.0297182422205149 0.063124031809277434 0.4457724714156559 0.22532913245271904 -0.57224504645212149 -0.27349541874929917 
0.11668307117945484 0.40493058431643908 -0.19215974306457662 0.009168771447594818 -0.31975549789727481 0.36877755168522508 0.34175156869207274 0.12605655127115195 0.30262936710954447 -0.2466116771949288 -0.30774547993241502 0.19953875692868075 0.3571514392732143 
0.31104297320429103 -0.17654937334943385 -0.014526437213838934 0.37772684878721691 0.17188910436943824 -0.11508860764443397 -0.09540061090934697 -0.70718721949429053 0.12691079581218162 0.1954927018396071 0.26759495152978346 0.13513096028580562 0.18164945651083544 
0.16534930626587516 -0.55840032065096668 0.27357338798459385 0.10642580486310008 -0.12906279090428988 -0.29107552330166092 0.47821055145620561 0.22213988902186443 -0.14588327739009918 -0.0075490218109000142 -0.29345548691537515 -0.24185978636010322 -0.17121628067697284 
0.29557899704478785 -0.28539478488663678 0.60649237014928448 -0.11380548686435528 -0.040352869180727474 -0.24220630625588155 -0.31094494461121724 0.29176636741383255 -0.12241319951371245 -0.35711994792568996 -0.17004152321159216 0.028067088488573932 0.18992113918000605 
-0.31605484717872184 0.043879636040453411 -0.30251513491517018 0.033753329824502853 0.14306557961260377 -0.094585867942939564 -0.25268645510011956 -0.21831817911137347 0.55698809252435122 0.48267533500893611 -0.1902630867977726 0.23956375789113493 0.16673226457462767 
-0.52387027348922033 -0.26814868194323299 0.059139333657108245 -0.16156054518425939 0.20184744923834785 0.13043222959503684 -0.20804362710955743 -0.034154651487104865 0.15166354883112076 -0.2604193640678194 -0.40743222563680781 -0.40154055606329148 -0.32217601745631436 
0.32654333103139571 0.16663180248032974 0.40144848734179506 0.052599994587102926 -0.043606887864427242 -0.024050004937879083 -0.025667065801800604 0.090392059126604821 -0.34251462110515873 0.16910017690255877 0.28024691842757299 0.56931323623879693 0.37656225271608657 
0.14653619133009976 0.027830117083963865 0.12146098153855754 -0.50274142803813848 0.10242776419981345 -0.0021264252424506667 -0.059819426079573149 -0.20115760798090698 -0.13471190553918835 -0.52892221650408022 -0.57572760006213086 -0.15921448157826698 -0.031538404207012913 
-0.22411071396964083 0.33606913543251316 -0.24331187994544196 -0.23753845926408076 0.43390705330436402 -0.22445277818585549 -0.41598288130272226 -0.07519339599694648 0.020826222045496112 0.17563895818726077 -0.30287983931735352 -0.4221385691907581 0.051347880572699463 
0.28956385923892597 -0.018015701361056125 0.21892118767574553 0.096227555966739237 -0.3180666806000586 -0.098136624487576929 -0.026008911662988302 0.2045735685988587 0.48792989425731981 -0.39561148417517167 0.35108849187439312 -0.17643328068789951 0.39540118661347629 
-0.070983782709443666 0.36063530046924014 0.28066159078550723 -0.083848747286755163 0.15633734073790684 -0.67319822315914735 0.031639558833113819 0.19266223438223462 -0.26159642963742441 -0.40946384161695215 -0.079061443097373382 0.14310628652886151 0.022835959591983965 
-0.48905169888459366 -0.083958812186517032 -0.16141415832447945 0.069748082155225474 0.025569031040236535 0.48014836873582745 0.023627782464847445 0.064366304801633106 -0.39606785818142903 -0.29300926357706131 -0.45577097827615803 0.13753142304618798 0.1326508566351626 
-0.32549280924588531 0.072989835022977359 -0.67694919781518881 -0.31596383426893465 0.25034352710389246 -0.067288829192506117 -0.035959286069677472 0.014392075309251918 -0.14398665246278061 0.2317844807863586 0.091021859508479894 0.41492089221644934 0.083863917233852822 
0.34131922843783258 -0.14902068169238772 0.30659790063329179 0.09849491344249417 0.19758932655601508 -0.23598780420921289 -0.59599717722620804 -0.25101168893379205 -0.016210238423346533 0.17050604062227667 -0.22597537485787186 -0.40526098007754047 -0.0016725424994731167 
-0.34350756272299243 0.037131816859690914 0.63635008290147255 0.1188923991236167 0.13857452887462007 -0.11192775705577619 -0.15726443126964912 -0.26609133306195015 -0.21360792287812128 0.18090487148907611 0.1573388120488794 -0.11528460489375018 0.46677464699560384 
-0.09895822414620685 0.51808924549744406 -0.26460595239821172 0.10396282810658443 -0.20122148835817982 0.066469516155403321 -0.28652369557007162 0.2347543418231742 -0.2745169306326633 -0.044099526812402742 0.26027787126456087 -0.51114973283181675 0.22919331950375729 
0.10860308314684207 -0.20306173282998599 0.10530970676680772 0.078613557255835978 0.36635386007112297 0.20883688723133012 0.085405980252934471 -0.15197351030194478 -0.35741891105816154 0.39768536601871957 -0.16195101759546837 -0.63500608738382003 0.078231453209386043 
-0.23547679700659657 0.41302813086624285 -0.0052637768003097997 -0.21690732519987491 0.11221331045557588 -0.32838568971579973 0.38974607599252387 -0.061734974222528743 -0.083250460838796295 0.14122215970045668 0.55485090676964965 0.33958968834679737 0.026167236591309085 
-0.11746097277564058 0.29401385269145236 -0.15935346520871096 0.57087333193233458 0.015017059454835564 0.045210856661202829 -0.56881429768765346 -0.067073390222601892 -0.26346330782027655 -0.25647899848129491 0.10773181830682205 0.18904344061725586 0.18871367042253276 
0.35387098438567127 -0.15299844180065703 -0.070298519555044361 0.30396514086257448 -0.12804924017568522 0.19056145551237302 -0.18351916146355357 -0.31786776864657146 0.031642572305807234 -0.38116821120408895 -0.23315724149647121 0.30131447321436444 0.52455454306935889 
0.15030953432974117 0.11722539362870188 -0.023449133935877272 -0.24783816645728665 0.51514078452974743 0.34300947753635008 0.27049069844969176 0.34157130889494886 0.26872173013832912 0.27808431459680061 0.28163291421270564 0.26146321688694413 0.1777851493885409 
0.18960618396543796 0.40792703188898338 -0.35170411873987323 0.20863109418103457 -0.36414968791116842 -0.033165728531604939 -0.075581302768446754 -0.34174970516137448 -0.31460315166177216 0.20490874239682427 0.45273859191059707 0.14484885508041698 0.085415436708951603 
-0.14211295966588605 0.16822177560527821 0.10622758311252421 -0.18688153847202535 -0.61888383758773824 -0.12332732249320802 0.24398503902680943 -0.093852419626276024 -0.40601351594033497 0.062386991125921526 0.29669054718879834 0.12098856405132732 -0.40905977316518333 
-0.24688904606876694 0.059882037638375199 -0.018138740674643543 -0.45929307566037458 -0.15936742808019438 -0.17396371562043958 0.12445216597696908 -0.19342450648806198 0.15717254648316728 -0.34383389783103724 -0.28081054332796845 0.62694150384598957 -0.02798026572997438 
-0.05737563279723433 -0.023427074542330919 -0.55487351006594143 -0.33071715227087994 0.078647997100945943 0.14671608942223682 -0.17504077800243639 0.18665170576046244 0.35046832755140733 0.1186102770973195 0.17718634912329104 -0.31056612459066502 0.47007312609999818 
0.0023273342751785179 -0.13948208372725457 0.51555895609449753 -0.25125601541100195 -0.26156139648469917 0.018352859340222856 -0.063324033310448571 -0.11964532092132403 -0.66175508575121178 0.069812523620553971 -0.099825607822700113 -0.33173044256600576 -0.041578375156826552 
0.3459677561484496 -0.0049151463444059703 -0.23131121158112888 -0.14709103480499511 0.035052662244213231 -0.37018597210627413 0.20508820858046695 0.48020957971657574 0.14968311044415961 -0.41400388580058683 -0.25558761550925924 0.17768531903333407 -0.32173186706011264 
-0.28621601630454824 -0.4517833048085213 0.085726133599080642 0.60176288742738426 0.16550407551873883 0.13563177783769839 -0.11519117132603253 -0.11195044536365453 0.14194458652257544 0.051496466677188553 -0.43659019979029423 0.11333901145306914 0.21600537656631685 
0.22599323266399809 -0.38836038383445032 -0.29796585542049164 -0.1131740764885979 0.26811675325776441 0.16052085726140367 0.39614728784182307 0.085328686831240036 -0.45770219749204638 -0.16501995282477031 -0.19686924341098225 0.38089888083526119 0.1186579461149592 
-0.25323290869911352 0.0089109026883526597 -0.096162239114570058 -0.72363851613041652 -0.092989276508933461 -0.36245857241398266 -0.25288589515214621 0.034334442942237565 0.16075668009620489 0.34257985910620231 0.087625296428074359 -0.0022982822404571867 -0.21645626479469021 
-0.22047088254338576 0.58043219673883406 0.084966670821655099 0.19324930273677446 0.19192421019921643 -0.12490059075801636 -0.20884570381607984 -0.22121650348689928 -0.096276200875661508 0.59436542871639997 0.23743574082894683 -0.070507262191499886 -0.032430272555083323 
-0.1413283389521178 -0.024307835103227864 -0.12076105160973637 -0.43507188499394955 -0.2812189975404159 0.42330426884395944 0.13167177091866156 0.10497505628794231 0.067961576479286634 0.032732825506432695 0.54602091075311687 -0.34248031992645428 -0.26041311123887151 
-0.093377838007627917 -0.16943427132089514 -0.31904791046442327 -0.045334574026097939 0.2817766779547507 -0.010447383904923687 -0.41890591684651796 -0.37494527204586725 -0.37685289003244271 0.084463088842722328 0.38856527789460377 -0.29201705107998577 0.27882503226839739 
0.091945352895436455 -0.068439246083080857 -0.25515890726917917 0.00022273555845508274 -0.34751337205211758 -0.16651148193215973 0.262576508524406 0.59570998880468329 -0.41961549210004867 -0.27908911011889781 0.24782355415609336 0.12303048475697093 0.137574221329231 
-0.029593033623053558 -0.20016112838122885 0.2763967451039388 0.03687656956424519 -0.58292696035596014 -0.24492169792974533 -0.10153996451966193 -0.12542424065876764 0.077832287323814156 -0.26954865884670509 -0.052341833279132999 -0.60764631786252443 -0.069170728159603484 
-0.23094165140962067 -0.12633791040086637 0.024382960877505216 -0.13180954142739973 -0.38390010269000291 0.59207445419332638 0.23854261505565674 -0.042555411196547599 -0.31172880618059184 0.44003093684389455 -0.12409298744580503 0.19646157970921646 -0.10626907290603391 
0.053946508573911242 -0.27202673322259224 -0.25331454106354806 -0.36514680603618022 0.71152919461857167 0.09540912395447354 0.19974714740192664 -0.372336342179036 0.11690665755770208 -0.043314529775442909 -0.043230034427997818 -0.0030156126773935653 0.11941343623745974 
0.10539514462505528 0.20424843315178992 0.01969496105009369 -0.35004933740460287 0.063782494081495347 0.33268335120826176 -0.70186613528059361 0.20450319475419987 0.27533316709106948 -0.0260406267476672 0.063268686424188994 -0.24677503958178792 -0.18352288606951581 
0.16030551475657839 0.54546680889169963 0.16370348122200606 0.31102930686127517 0.23146380257334973 0.072264249494984334 -0.17977435511549666 -0.40877380869118607 -0.13791204536527951 -0.3694922016903483 -0.26849283435763943 -0.23529183734013093 -0.10964813528891891 
-0.19992056747715353 -0.056412507627566458 0.11083411316366562 0.19906649180929883 -0.10584741321945179 0.079713239900676872 0.24000858841958084 -0.66119148274852491 -0.49190438646703133 -0.02445488520614551 -0.29396162383443186 0.0094547995520306363 -0.25205308101227908 
0.13919059036903467 -0.039654732734965052 -0.08425204305766 0.37205382785264379 0.074768574913884486 -0.3386019018366494 0.3851046760572443 0.021403348686801462 -0.15864124889372644 -0.080609340844430305 0.22275581184404825 -0.013787335412472282 -0.69501839368251173 
-0.10816651429741096 -0.099256940109818351 0.768294049730184 -0.17540925645588645 0.18573096812795434 -0.34156643678890386 0.054341134419005226 -0.19246088778202622 -0.02329313876373227 -0.076895927713420881 0.067572589480909287 -0.08259687162287821 -0.38523016935586607 
-0.36535130302403479 0.31500682761292553 -0.26209631603664918 -0.37562198330626728 0.17617517371422681 0.22679835873503787 -0.080544564097255827 0.62805924254399736 0.12877934416512296 0.060536585827557714 -0.21112143623806923 0.02115490248838317 -0.093878410502560863 
-0.2765991354327651 -0.39614803160069456 -0.27313084019673584 -0.17521063322301422 0.12172177723191689 -0.5932996703047112 0.091482969535118377 0.37900737427363024 -0.091837303001253992 0.058753716646744308 -0.33497338384505548 -0.034606949744127334 0.13089355168715508 
-0.10896646319443469 0.1057382275588785 0.15455057875011505 0.078146790297873206 0.60244819464785759 -0.36067583559088379 -0.012920998720845487 -0.21256063537373746 0.52873984295848375 -0.19418821386715843 -0.29662541229608419 -0.02559318567322837 -0.051541663382798072 
0.18006032416124004 0.33171981305779097 -0.17321928010210369 -0.12856156286647052 -0.22518230998883457 0.53330803496482126 -0.18451023368687089 -0.23143053502186897 -0.13057178141806747 -0.40735843907646663 0.24278767794446859 0.38201818860560149 0.020123570751224926 
-0.36302943928196435 0.033473490395143239 -0.24879040148308412 0.25920552102405947 0.18749611327898916 -0.10528014565203384 0.2944823309460276 0.06603030389581778 -0.1752248535857725 0.57998907448596693 -0.4817566219598578 4.8240523145549076e-05 -0.038806170310071116 
-0.25776127279270394 0.11725716789773569 -0.091189470248158239 0.13760851789049561 -0.28133387051056369 0.43452120915528725 0.54262683908646114 0.13937987118680828 0.01013443128401334 -0.092442482454960451 -0.2456333723625175 -0.28429039825444341 -0.40115469938135667 
0.022610673293227121 0.23573350915808616 -0.40452828262767071 0.2310709544334095 0.3181170778600278 0.16541656831423213 0.099810900440343533 -0.49265227315653759 -0.26652833054592756 0.2335425810045344 -0.22912048276528482 0.045205772985653134 0.40685711574583505 
0.22736839355788241 0.27600868045598803 -0.20222379659042691 0.44160125482980961 0.17131357289723065 -0.46389574980113096 -0.26985230886363293 -0.12724116594668519 0.014823426519158495 0.11724484872848644 -0.48586684019191145 0.22681384589309453 -0.034370107393583413 
-0.56224922597076299 0.485435533992224 0.27652776061004108 0.35198601610669827 0.2165448837689615 0.014951905906182653 0.086244297888250498 0.31030118322630751 -0.088140965472306584 -0.11513585517248479 -0.17609558881850235 -0.16899689260370204 0.12818557583416587 
0.13163946294915702 0.43574861928513631 -0.15321857368058994 -0.15619490875141184 0.54262723491971909 0.084040530084133494 -0.42630961703127951 -0.37816244802244703 0.12677970264767549 -0.010669281594418586 0.16402487068412303 0.27482234720175569 -0.0070107778634525978 
-0.23638531397646254 -0.20584490612312459 -0.46633659806900635 -0.17812114114776065 -0.12729859464538854 0.35314948852477268 0.28673321013047237 0.21413303893793931 0.020438387162303132 -0.22099752079154417 0.071101028473603112 0.41000655295261307 -0.40143012736545008 
-0.29813616380846192 -0.20339694596709568 -0.0072815203161857561 -0.67362285079684459 -0.030550847625509258 0.056039210454143257 0.40703633666428518 0.067558950440523013 -0.19888027858442672 -0.19179589063817656 0.0052452855218829723 0.017847350767879664 0.40610606517661563 
0.0033791193711614131 -0.23017901943782509 -0.29196120257985997 0.21195873219916697 -0.19525460583870505 -0.35626229647810181 0.18991457700477954 -0.0084214210510851484 -0.25899256507364038 0.18618352492205634 0.0088065000572092045 0.42839526093451175 0.574727059534198 
-0.084813039831663495 0.075162305384010364 -0.56154164355442804 0.027618998534245036 -0.5177459419222028 -0.42212408030124782 0.11398650099927396 0.20836525290595592 0.045826643966015476 0.046070372783796901 0.075440319300630623 -0.2970546680002723 -0.26505031771301013 
-0.34594189649110696 -0.35266547165134154 0.1569149290363766 -0.31796539872195206 0.092198712406023134 -0.26203697707259299 0.055972479592913106 -0.45885438604528578 0.18273128668721253 0.35818441637996262 -0.11541902318396706 -0.37992160855225027 0.14154135367883319 
0.35756426001602315 0.57216302347914227 -0.27919368322846644 0.098003622917972461 0.2089693698163439 -0.32801362058294325 -0.14094709428656896 0.27342152313126278 0.35209892894707268 -0.12502107542942886 0.067109231049327742 -0.22153956485641726 0.13472027834757497 
0.14754759009200513 -0.43476005930570305 -0.094658613508950801 0.17341852722739345 0.47899692713875835 -0.024403394640955506 0.0005807301368239569 -0.11779777163497271 -0.072886872799883068 0.36194996993876466 -0.22490737030349359 0.33483455350936364 -0.45524844454373392 
-0.52808107879798116 0.27602953472981784 0.34122067876109052 -0.21357474558756331 -0.020901989675609727 -0.18569352220991869 -0.14647316149365072 -0.17781252307321888 -0.24661779805400885 0.14569711128542417 -0.54824748922431932 0.10760657990806181 -0.026442708040020552 
-0.44469991659882208 0.14194180935667622 -0.34528463984510821 0.44472306753201546 0.40308980573378633 0.12972062902957213 -0.27995415695523113 -0.0092989847815223084 0.29222561298220556 -0.19515042647820299 -0.077934660260031471 -0.011629429971928425 -0.27863278823556065 
-0.084847130986319491 -0.62581824239776307 0.040187523446724376 0.086315244469882743 -0.31236540790252382 0.19325451761956064 -0.31515925241410236 -0.20248650423986442 -0.14745164104213787 0.18564268621957347 -0.34112989627695217 -0.058659524260996264 -0.37526763602477581 
-0.04599116822191248 0.048599734136471652 -0.2088639992341263 0.179659546583184 -0.4758539561062663 -0.30074843131732643 0.2645213517483776 -0.45420716229329572 -0.12761719861476542 0.33467278628652919 -0.15832859974988142 -0.32519519368767558 0.25951295609732689 
0.18892388743745889 -0.17565409578390762 -0.16191255274618577 0.073922173891595278 0.068938220896019503 0.59831155217761434 -0.010247957609331903 0.41436868960698298 -0.094171820707071432 -0.26014612565749268 0.18935341114780788 0.14190806548490401 0.48445914756156466 
-0.15680477015087835 0.34758436416844185 0.22053832681449051 0.038598107802194116 0.50793849554423254 -0.1573648269790329 -0.16780388776850549 0.14765081362817867 -0.084713215003812209 0.092073100742742303 -0.11294325036843635 0.15811599387944211 -0.64678873272607473 
0.19275673143525349 0.028425946102510518 0.14283209815299081 -0.25033872586514583 -0.33560324095662136 -0.23395867143165736 -0.31720518957554966 -0.16259960706573967 -0.12849162746475509 0.39203979365089681 0.51727517359429298 -0.38271041082495988 0.017210474966203961 
-0.28498960477497459 0.08897579733680451 0.44933849894917688 -0.31929535304593776 -0.14956169071647471 0.1063360068761091 -0.13241844986643558 -0.14339621404871439 0.073130828649855137 0.47700653524327441 0.21070010975383369 0.50242228470678341 -0.074366770824906586 
-0.055064601043295074 -0.3077950940083482 0.070895625563514836 0.037399278151159225 0.25897955269229883 -0.13312965356976636 0.39380635260282842 -0.24326461126173768 -0.4505688222991992 0.51266053340287365 0.32327466950801492 0.084403791040624634 0.13887601753555698 
0.11896036316874585 -0.25379781412351266 -0.15318911844575678 -0.028304397805066869 0.1176396680197547 0.097161273809753271 0.68470875973217393 0.27825919956860384 0.32866060154205295 -0.3360889975890477 0.30329849573575046 -0.1211136078126379 -0.0011381377640996108 
-0.21252409880856901 -0.067938582029608188 0.21358414278771343 -0.27667263123921559 0.06939290965588342 0.054613359269595159 -0.18819042732862809 0.31815797443837118 -0.013479353357654444 -0.18854837379760747 -0.22321006127061171 -0.5805327236964104 0.51092136386010922 
-0.19199180881925326 -0.091104805353117269 0.21588138642786645 -0.038552588972589487 0.24923660439494433 0.080049563179978522 0.66370667989603416 -0.27932030695419741 0.14068090013957044 -0.19479607712896341 -0.28999476272905528 -0.41330746917718786 0.083893518803883294 
-0.45173339191434919 0.32206451927135726 -0.33873114435319224 -0.11565153441923146 0.31550143021407878 -0.24523927616112931 0.42195084899833785 0.051187130364144989 0.019378417781139988 -0.30097996547137063 -0.28719449316168189 0.044115668569854591 -0.21990883192044433 
-0.091246039695713058 -0.39538159704006232 -0.42140282411462232 -0.33323059267789557 -0.50492451106358782 0.011960630984970022 -0.21690425486149553 -0.05706142505572178 -0.12689757001568402 0.044999383004686026 0.39838056261798499 0.17041958065146334 0.18828558211651283 
0.39612551597621898 0.39821099593416792 0.42428211097440444 -0.2072775013021817 -0.3238577851359295 -0.19674384783851792 -0.02292333610496167 -0.072178429154910836 -0.011164337593350915 -0.022999131391060509 -0.34510378483521814 0.24691606913490566 -0.36261318847850055 
-0.1211331757468718 -0.36947071211990706 -0.10325951458148251 0.45465717670626271 -0.17605565196474501 -0.34269870258486013 -0.26494178682241321 0.37576308682342491 0.34103453150850427 -0.18691613195182519 -0.15520929230185643 -0.017491919583398113 -0.30979726602822255 
0.047828558312301601 -0.091320442768160592 0.44801428976906665 -0.077189583326586167 0.043547611176917425 -0.21457755201527887 -0.31040318779582426 0.41636709985251302 0.088084835600103037 0.49970902497384195 -0.37217633274601891 0.16046633081537262 -0.20811928105022809 
0.050606789944814927 -0.32241831587766101 -0.082336194960847445 -0.074491570177882299 -0.45642875011197087 -0.16396465453989922 0.3280263492781324 -0.048205517212772366 0.28720469720640684 0.46216502575448548 -0.16114830771277325 0.055332710083225239 -0.45924605036987481 
-0.16403647903591145 0.33642296168392799 0.33536189055513133 -0.069147999474118704 -0.31589873152767511 0.33278961032632093 0.36577439186812227 0.3840311904347713 -0.08409648435550264 -0.27973999301339897 0.32726766987798195 -0.082542465031536227 0.22717112048236227 
0.62588293453584387 0.3750550833522186 0.34508000148422147 0.13952676176097334 -0.044586990376679153 -0.26810827369552875 0.16570145598379846 -0.29282603750263675 0.12437710253939162 0.036452221046096911 0.31090085269086026 -0.16857946838222207 0.010266436961750986 
-0.39809084596498712 0.0072901590175867394 0.11083258751395629 0.47721586040161051 -0.13709576569258536 0.3123527642236042 0.18986914375941419 -0.15278792572948971 -0.17017610328816121 0.048153806176484154 0.2590915247132955 -0.56265252546668765 0.10350253139391272 
0.022839554883280613 -0.16260804828682959 0.31620069906320203 0.080343208567227514 -0.083103428561632525 0.57051744521811054 -0.37149960363172069 -0.33414691902851967 -0.14098700030590749 -0.17697145448811655 -0.29098766575019086 -0.31990026879603645 0.21524492195880571 
-0.19270957609922501 -0.26213565090274671 -0.096641209296231489 0.0070579622376423625 0.34903016400122455 -0.08986768639983847 0.35232989144648758 0.27964484345198276 -0.486690497208288 -0.35023574186874534 0.051012783011034381 -0.42213675694678515 0.11040051526792699 
-0.17745607986371861 0.29783586624110142 0.10860038009110742 0.58871290577277802 -0.10629972329953659 -0.085640075678319216 0.29120238712408097 -0.17180969727324902 0.5903592891888837 -0.080577798171712345 -0.10156374042582794 -0.11367206116258383 0.10110167997010769 
0.25858109551971104 0.093681572397340623 -0.084429862239178657 0.15436763656832486 -0.19333847403776669 -0.0601110738606968 -0.68481155954043571 0.086744395389286313 0.23147271922817161 0.28227179472541014 0.27956377978468644 0.15460432577203054 0.3749691345439824 
0.72512996519378092 0.061172915436510489 0.0038976191647319409 -0.16414130483591452 0.27880878470840814 0.25130942612714535 -0.13968524633396134 0.15438470453120678 -0.40381246881135313 -0.046196269269110475 0.29045748940029903 -0.015618596576885871 -0.097166756195271944 
-0.45139208714428702 -0.15035232942786686 -0.077132191622782981 -0.1693688076657244 0.43280662180273216 -0.19912126571790964 -0.46649318612842677 0.034045941057551023 -0.3340290098565406 -0.3054375598729121 -0.13198693210545842 0.21326991536906365 0.15964408571994285 
-0.081234931166185298 -0.48983762243747037 0.013245784029095303 0.42298892117597381 -0.49383961888297445 -0.053402098726362035 -0.099507124036314801 -0.17846102269650727 0.30735671759864303 0.13523586099964818 0.3265988259860842 -0.0024727322892149689 0.2577901398319134 
-0.14910347843184951 0.32764759075315308 -0.36054504595119735 -0.20542937216900359 -0.14481954408142911 -0.14297268326519016 0.1466366149856406 -0.20625196270443846 -0.64099164807971065 -0.34459695184170158 -0.0077365358472020005 0.16278447760914083 0.1912830419500437 
0.43437630392009985 -0.51112497601345441 -0.067893061668136218 -0.2010879916477033 -0.039124864802669433 -0.038741443492736408 -0.069677816881160287 -0.0064211515509488464 -0.14462603145411213 -0.25266966921759076 0.24044677031658865 -0.5086712248721621 0.30947542447304133 
-0.21319700708431444 0.16281000180696112 -0.23845658482838181 -0.35106066897424093 -0.16826279752822074 0.32821875624668007 0.10625187506136953 -0.15217833089960112 -0.2078799677383974 0.22022172436734105 -0.47516593554332892 -0.43555216369533417 0.26504175997183715 
0.38780402782077161 0.061460114878987428 0.048178344564659609 -0.46936620036108312 -0.10315156821471307 0.3130392662624279 0.43169869837298092 0.4294640860179687 0.094026197179670812 0.071647008879209009 -0.24731608379992359 -0.26196559514563383 0.0015728228326254993 
-0.022000062162199234 0.24067788562257775 0.2829864716893401 -0.087151485734845741 -0.081878395482307409 0.43902090443335329 -0.15817011470342815 -0.34680110377866114 -0.14482729100600847 0.10033357457728466 0.04991314823757783 -0.29384226566149674 -0.62394297912937491 
0.20472130902962976 0.34974260761110343 -0.26086254112603252 -0.61761793334660897 0.029672341973297739 0.13964410367453206 0.42806685165532454 -0.12414150257938115 0.16076712045254785 -0.2529820483580425 0.18635712228539211 0.15935003478941243 -0.13140569605076863 
0.031372588566530725 -0.53602880331616187 -0.067927151441305469 -0.57408242690183819 0.24536254723744058 -0.010397735221288189 -0.12668428871221907 0.39957391695933259 0.34749509089651431 -0.14010973523848405 -0.0098736127417749908 0.028277703878455726 -0.014294839814965134 
0.22109053746898272 -0.50071343125577883 0.44579059207987753 0.23713611841190119 -0.0042405034958579819 -0.022858961751347252 -0.2798738832284613 -0.13413858657492517 -0.33592187513245159 0.055691771637191669 0.45386121201438595 0.071832199440087549 -0.14657501208338736 
0.2575963003668148 0.12080189025962368 -0.026418284205180515 0.5094273936069853 0.10052742065019467 0.51214743671968921 0.28652899205645349 0.085113594117686417 0.064548460798845395 0.097686075709354267 0.27679610262458343 0.43306288835903317 -0.13865167483594096 
0.49676517857697594 0.10049671547711947 0.3969733366084422 -0.20296739360892641 -0.25073958612039188 0.44719076458578771 -0.073155740280769821 -0.064950936062876205 0.3328006197678175 0.24646883316779514 0.20159469080023823 0.07444955289341243 0.23288317833052491 
-0.016719548831617109 -0.21059665158382956 0.13327251860188036 -0.029828474433689561 0.37920833850181773 0.72986262504937593 -0.27531862288660658 -0.1730565790356548 0.13901563532775993 -0.14502755626753108 0.19058166017518199 0.17152459157701508 -0.21993288109042966 
-0.16101095039264182 0.32233189029392134 -0.0086903969945666924 0.37376114346141925 -0.067797533003507326 0.26633250874944198 -0.49602534671618564 0.21553321131012415 0.1248961726407997 0.36756300081376192 -0.44545060959133032 -0.078796938873747016 0.083920640263858273 
0.020959493540604765 0.091045575807019274 -0.32553413016247307 0.36187325340092774 -0.11215775536795473 -0.20043955391683888 -0.28028550910720434 -0.39984046462585776 0.067558905189422841 -0.30474033066122846 0.33472552473924488 -0.39518910156905268 -0.31226985602966484 
0.335067475616594 -0.1304400856147693 0.10808911287321203 0.01879689650654072 -0.048218363436972764 -0.19907216083226106 0.16719859011328186 -0.27539032721831447 -0.14630057464078103 -0.13495071808750553 0.19826690079375164 0.73103088390701687 -0.31559021361205786 
-0.30702352404931543 -0.34956588594466548 0.079838453585341862 -0.16500312075057319 -0.27263996229862941 0.54976941391351219 0.20497664399256157 -0.060086212144263483 0.41773312424753301 -0.040805739740666064 -0.0078683935344674109 -0.19391768878592283 0.33749555614282495 
-0.50397063433410427 0.52746370341213866 0.00765454687974237 0.041943693323853053 -0.36533354468763229 -0.17861036450292631 0.025816781840024002 0.1687704501260906 0.36024403392283222 0.23040428287826034 -0.07861398001145041 0.18367001503578578 -0.22063729002525509 
-0.075845136291986942 -0.38506047537287746 0.056472009502853984 0.092668861302254962 0.31112386369367567 0.091828975663596962 -0.075636128744393127 0.049427953313417726 0.27302091364655995 -0.70221629390931872 -0.19575224630952281 0.31909862731629185 -0.11407784803506622 
-0.05713279800589427 -0.26612984817352087 -0.46971603257990868 -0.028475726005384238 0.091269021322596261 0.17014085754208122 0.21680969440733311 0.20378107741729418 0.47185667743059112 0.065366172349865123 -0.56950318111677645 -0.16377739099949476 0.024025916841627068 
0.3943998603247878 -0.12581618593013635 -0.28231683158823773 0.23572428112467317 -0.22311227737075384 -0.31972761224759622 -0.17153208320988256 -0.23328862650977059 0.57577879253272779 -0.023273613180251361 -0.23232544659897025 -0.24547411087218021 0.10584471172881919 
0.04151564319942231 0.033675477205102514 -0.12441881363043267 0.10131100014802624 -0.57179474501069982 -0.1414534245959006 0.48543424549076541 0.051418125637132391 0.29816400208473837 -0.059339187579258407 0.28144867014699265 0.46033017001224447 0.051086112641287533 
0.18787526407796723 0.15543827541108376 -0.067867279376985182 -0.53681456429959606 -0.34702153689013693 -0.0022937397897946849 -0.023254791650737964 0.48256461730386829 0.066462932472885081 0.13099631704293799 0.16857628690650436 0.49181171332118079 0.045313328896590052 
0.28675090272105586 -0.21085102664793917 0.49413221226650883 0.21364144803432059 -0.19864365602459946 -0.17471153348222568 0.18719039759237052 -0.21389580264596189 0.22363092212061614 0.21759986755712188 -0.34234132076026869 -0.077263953728651275 0.46065559949557933 
0.30050232577729125 0.22890532806227842 -0.48862538662254895 0.15432515109596018 0.25915595204786368 -0.14155538877625443 0.19962863082360657 -0.099552363426906737 0.14946513842467277 -0.20182877341978653 0.24331171445271471 0.50719627346054108 0.27972191870833063 
0.41613783856638653 0.099028308195207915 -0.12408493669145088 -0.33449291792013808 -0.71636528584129522 0.23221285072567363 -0.1446631398289587 -0.090655050834577686 -0.1384195542047062 -0.099551053440669363 -0.063550314412761419 -0.21704140290363963 0.1152229079024929 
0.18985904817216137 0.38228534398359831 -0.040836827684390523 0.23936383053878235 -0.54772851079750051 -0.43038235983199663 -0.099882099601494731 -0.14610173956137315 -0.0069078970743136191 -0.41247569331610662 -0.078912980042081221 0.15514724010752853 0.20447317004344148 
-0.33036319938631947 -0.35801556240323607 0.27096544129818129 -0.4068449010310628 0.40528023517509582 0.36554238497461461 -0.018868703454185801 0.10974836546657346 -0.037042999070880531 0.41756268022990572 -0.12441186441298917 -0.03562395433423781 -0.14487159810062006 
-0.089686909051183608 0.140771194413154 0.50416783246636154 -0.27414783030014234 -0.16073859570641635 -0.27442735760228998 0.38594542317499353 0.29307738870770994 0.50015967158034369 -0.1047820740924502 -0.19143453834466281 -0.087544066677382085 0.036767793194751153 
-0.33192481405669805 -0.64126499954490113 0.17107819120181306 0.13973894092998113 -0.29128112106552523 0.22474506485391044 -0.082934728949070544 0.28331597757488453 -0.26077431766809428 -0.28303041273727636 0.10030867836681077 -0.16363387137719868 0.14953901453287219 
0.013425838690195211 0.45242884546290196 -0.061723632609188575 -0.10110440265470984 0.16079795970990668 0.069560612332711644 0.0055669300027394245 0.1718572052055313 -0.26363997292418972 0.0032293745660689913 -0.4697067115441188 0.61836842025700822 0.21980688123886219 
0.12715009597580246 -0.53177994384324789 -0.081646462076511175 0.45889180184329759 0.12998040387319654 0.37492877163339977 0.22262410918515207 -0.16363297500071386 0.1789106678793847 0.088230944511685311 0.18541721303440117 -0.27047671386105332 -0.32040670698690144 
-0.11634153613949014 0.0471869381329761 0.26328262429423888 0.23932633400929379 0.049063894298043226 -0.71631827233544176 0.30417044504474722 -0.25182215403788694 0.10319841471925499 0.30702862399432129 -0.060585278648120494 0.27847933140330755 0.0072258400417706007 
-0.25708703950620082 0.011760963627476183 0.25091920073266377 0.041697289997184951 0.21036474324562607 0.39393612318433768 -0.18225364379387857 0.34878477274032826 0.63285627252053367 -0.062463779614546605 -0.19985907215478574 0.18438449277948751 0.1908207182374354 
-0.1276510323112183 0.25225134025336815 -0.18876808584280158 0.22363381374975064 0.14547130297938149 0.15522536424613786 0.13613454465416008 -0.020244355406031353 0.11771224177437291 -0.81716935314304739 0.18049062914967984 -0.10728205573435191 0.21100120914859455 
0.36176900638386972 0.44082344147160984 -0.076743927591288161 -0.086300274946591066 -0.21215503980970213 -0.10999184264368567 -0.096862904851155229 0.014638272584119781 -0.22931447351479139 0.47652512072031139 -0.29858603431145703 -0.42140402023334644 -0.2199080654963724 
0.17482135466918947 0.46686372245253061 0.28739053313469132 -0.61844316084641981 -0.041638163682074021 0.032512118829347993 -0.11094320569700854 0.12648644119871993 -0.36583251599406152 -0.011187383397907478 0.039653541516716899 -0.045593372572987373 0.34307836036388811 
-0.56127429808269724 0.01234499891217238 0.069605050435758695 -0.027416685571651674 -0.1616998294474512 0.092217189575782968 -0.19082205250169729 0.31142123742982081 -0.31502549547270636 0.43329497560442864 -0.063496676825473511 -0.4331897121242268 -0.18028972388865433 
-0.31639478862089448 -0.32539175880001209 -0.49514016830029434 -0.19352031910968012 -0.12307525526287665 -0.35355905433186058 0.26989496683781483 -0.28417534921141707 0.075159786114097571 -0.4344662294472208 0.090303129783436534 -0.089616469778513314 0.083991251930728178 
0.4075428544346677 0.010773810363228281 -0.59292489508600121 -0.38734870907533953 0.049780182808597882 0.14730120495483073 -0.22717258940518098 -0.10986360017588181 -0.054206713621338984 -0.053013898237739887 -0.36175733994547321 0.14829617797680872 0.29279978647058175 
0.4888542199615854 -0.27445940866900853 -0.077325428802882748 -0.24610767604273742 -0.10346818655892456 0.34644915138856192 0.38491128769539085 -0.50017059183461199 0.039543105410611075 0.13020601244907257 -0.04161426451990332 -0.2626826352244066 0.028882473743963279 
0.1020553656868694 0.46271501081604371 0.056678096803986569 0.088634675942277683 -0.085126611876115615 -0.16264847407618252 0.18407304860305218 0.0065206425532461027 0.33462371316757478 0.43150605938239622 0.13667922766561666 0.17352527510601826 0.59145734877461698 
0.029661829929530033 -0.25103688056558826 0.10396348266396334 -0.11863410429959774 0.47637004105381037 -0.40518502423730685 -0.29281328064501311 -0.023145315259173429 0.19955409143044642 0.18191649195053722 0.075395272573520536 0.044463356893417405 0.59435904847769983 
-0.042333437274211023 0.42280861241175705 0.39556861056011355 0.20421931647599159 -0.15318795860101911 -0.39420495510676451 -0.47192288453789444 0.088334302194375644 0.2412118850221821 -0.05127537359388773 0.056268603912697751 -0.25546193753458035 -0.2874772209453369 
0.19668676846276753 -0.27641665698969575 0.052324020241436495 -0.22799059882764663 -0.038742328666935721 -0.16392927216507291 -0.21716961521565659 0.26271291094983018 0.0011737646248779746 0.049678056518962732 0.030197628639557696 -0.55250753652603735 -0.6139954228087724 
0.31309156010685529 0.18039344883281397 0.49181269172621289 -0.18951177964471524 0.3811440393251776 0.2849348708898285 0.32172511014781774 -0.28360302986681951 -0.09284560702215823 -0.35223677471211001 0.045084947415758109 0.19186419478973604 0.098516404222285456 
-0.042494282344825891 0.22034797460393832 0.21243285961894462 -0.27150459740312471 0.28797990077145308 0.11775777979998363 0.5784462389963333 0.0084032946610798648 -0.4633137491573 0.18751182921363868 -0.056079091806966998 -0.10970436547174764 -0.36650828978675581 
0.16431729128177874 -0.12124575215308667 -0.041756875188490722 0.28318908038482049 0.10524242964714771 0.21091751083444815 0.15877136668448566 0.66473879958246596 -0.22263624542859151 0.23139567061248617 0.30122104933898375 -0.36297894763430744 -0.1676685075522 
0.073647076297290323 0.18689445207363103 0.11664700202524178 0.53553234246024972 0.353544408997644 0.39187490365628724 -0.14044742965072876 -0.094072783928762754 0.23673843462511365 0.10422600248031047 0.13613650550057693 -0.1291661562374308 0.49998521032622745 
-0.078223257409467228 0.34599236914191667 -0.22212733226701625 -0.27784269554860069 0.49844896248487891 0.49675621315391227 0.071915465280886631 0.045991914879950288 -0.38800441495458571 -0.17656475132367686 0.075333746478316949 -0.14807469190719105 0.18922015806930412 
0.26307514832710061 0.12146260916024018 -0.48283431681771594 -0.40960651105823059 0.14509360649335179 -0.32339479122482451 0.15863403679959068 0.13393795100686556 -0.25193114707403091 0.012231345252025199 0.43523851946117481 -0.30513139846451715 0.015320042372924829 
-0.013557433595336768 -0.37111462299580383 -0.2133670138059767 0.19803896054470924 0.67913221600790552 0.1712108910418656 -0.306562646733262 0.328101570817805 0.011775255481709532 0.082457953149159893 -0.065778331581317795 -0.24135223679997642 0.12515800074037403 
0.48222369989133468 -0.033349412415422892 0.11973157330463734 0.22468273246641854 0.52678689439263426 0.084449558962892413 -0.29706296442114499 0.2108855906538348 0.083015483047267746 -0.067255390939954945 -0.19660514669137732 0.46814335679870911 0.12226282548166616 
-0.30890917534650852 0.067725192507423801 -0.38409661884141844 -0.045364097756041132 0.44883573593500309 0.2778047247662665 0.0224830569071022 -0.099083865578285329 -0.00056784585546553064 0.39681972397560594 0.33147718516693098 -0.29787556864815878 -0.32461519993169591 
-0.348035956256114 -0.27195886546243758 -0.026310978742398006 0.075908182638084132 0.31802257067363043 -0.039472277975048285 0.32452539001423297 0.46870928168207343 0.29617476349716604 0.13690502299121882 -0.050504118510246367 -0.02993396106814596 -0.51072919370807734 
-0.093322619378430199 -0.33327790928849232 0.38362247032528457 -0.18029059404946554 0.43306866229261753 -0.18664442100817374 0.38833243297035919 0.078042582185848308 0.13842136320693096 0.074018554414851959 -0.34695991629655742 0.40571133761849276 0.10791850345848894 
0.18510311501466689 -0.14293899877346752 -0.10993936300398913 0.33363090440244425 -0.16318256973767872 0.14380412430165104 -0.34287022038479242 0.19124369038361111 -0.62065810397525434 0.27068520094973086 -0.0059658840630093801 -0.096132660834484143 0.39077190388466959 
0.011457881964403007 0.026796484588123025 0.50254742004979247 0.21434821391005615 -0.021031526685493181 -0.030675311235309026 -0.51551904540339322 -0.41532697114071898 0.032081578200666351 -0.22530622208515813 -0.14830965155537928 0.42340645796155074 -0.089168477763518134 
0.0047041821662217329 -0.16858662691024651 -0.60188561846373545 0.1763180130609415 -0.2301900536793178 -0.19592985319720985 -0.20505319176683626 -0.3688336612582826 -0.1492833893890167 -0.18604839772190518 -0.20787878831353543 0.4253856376207899 -0.1663579368984425 
0.11194788175500857 0.25285650994463232 0.33339830501131995 -0.28628367775171759 0.17768202504626732 -0.17983947259115146 -0.17670350668443854 0.14870174439052913 0.51957944747133067 -0.19866476027448265 0.25474975857181192 0.4551572324158486 -0.17796902064562892 
0.19941311893472879 0.031321624448489314 0.41792444499052678 0.42625154134221271 -0.46472112411570732 0.095101567879199461 -0.074113980416592021 -0.1784628687940833 0.0049950459098290854 0.53163241076643486 0.047891957838717324 -0.095459486672021879 -0.21560638370707255 
0.21283839800209584 -0.19320217643064838 0.072856541352199725 0.25103915031179486 -0.00073034163560580542 0.42488360142037263 0.1275345759855725 0.47344496294043564 -0.13065840574102691 0.17773418657095594 -0.59500462847545621 0.069503014552565717 -0.14345716637732758 
-0.28444402350619474 0.24135376794261792 -0.40286688239742408 0.1241204574500737 0.1343016473257673 -0.26839075453643368 -0.045203084446461247 0.10171696515344368 0.10159004099028238 -0.20701884501862089 -0.31255149294358464 0.052405425524298735 0.65349831742386577 
0.7301133013965736 0.16891319070263369 -0.32119802393821162 0.31828977381789864 -0.35283270796677413 0.014027638963316109 0.091786865538857551 0.18239606061982827 -0.025491129497983132 -0.11382541406374126 0.023820272162055019 -0.068782905991650031 -0.22054702051504338 
0.41589102517770932 0.13957228123208751 -0.060418903603722339 0.43065538065401288 0.1997115381622655 0.070506723143167305 -0.44227482586206546 -0.086760235950442174 -0.010574164762349555 0.27113247183855349 0.23677922826328635 -0.01872894438267839 -0.49031588749703187 
0.46748095412191537 0.25965048751640518 -0.41597342964804446 -0.23253850968957906 -0.038297766233799851 -0.25564255454321949 -0.026287310512568024 -0.32103473355655843 0.24344842580481008 0.42605625407521391 0.051574911164545705 0.18011968492407743 -0.20116369390655547 
0.32074706903445388 0.34281234594801224 0.32254193004909559 0.2921320131602923 -0.30373925001822283 0.27968181660943198 0.020311591237841837 0.22824960019816914 -0.0078236342283695467 -0.093380612008614958 -0.24939533640003123 -0.49452108304551851 0.22739047649249669 
-0.1132521290948619 -0.094182588945309703 -0.048154834301132037 0.42972473522128757 0.19232488903464653 -0.36718083489192516 -0.025141240002730773 -0.29055457678192503 -0.088895670242000777 -0.27626426975672447 -0.22751486149498534 -0.54329437852859763 0.32140396030804791 
0.16575246186376402 0.10304336934717033 -0.4050259070797072 -0.036822320031205669 -0.40124321152536763 0.2383575376826281 0.26605459075127674 0.30423515618238695 -0.063268639103375948 0.52151260403478183 0.21252813811076554 -0.055069345618007914 0.30194809405300144 
-0.0012619416768604422 -0.1609927795763601 0.51577389406191743 0.040085455942470045 -0.42446257219500594 0.18254992914513368 0.47562497170664431 -0.30466101444042848 0.21321103733620286 -0.1401030204330205 0.25012521046429587 -0.048587061760501898 -0.20954391745096854 
-0.25500742856375791 0.22936175750367174 0.22787095376043623 0.22776279999116766 0.35519444725298421 0.0098237881949758635 0.18885747491171284 -0.57355876904649417 0.15374301615959907 -0.12730759530273769 0.43157147775844845 -0.10008237451309376 -0.22705144890134965 
-0.4327296398122209 0.07756676827128911 -0.33419684886184264 0.21510555793596756 -0.49120260937294119 0.074154849781815732 -0.16513576821429632 -0.1254052837931636 0.22524609938499948 -0.24918817589251455 -0.43914782129202723 -0.21527337951026065 0.083494185017797401 
0.27208665176299462 -0.11937788247526349 -0.074874587056446187 -0.088403945844038823 -0.22479493707221251 -0.1210682300358277 -0.15517342153048888 0.55854427222292979 0.29382665827953702 0.065045620410851074 -0.38347291907444842 0.093350230655362645 0.50072423125247933 
0.24228999540968213 0.23673584669549882 0.15195773957204894 -0.21454320770365756 0.36445244198545235 -0.42207658505417789 0.082130972332979876 -0.53817868561012505 -0.42670757873061499 0.075291112886424386 -0.088036819637521635 -0.023217159388392687 0.11286322038992835 
-0.60533957887942969 0.23919387302665995 -0.31116422250194631 -0.17156364296132373 -0.24420881123426269 0.068383206763832652 -0.48444728788171304 -0.27070203574901269 -0.096866546530742725 0.032861073634824357 0.18352489106796049 -0.04039508667217348 -0.17898024579497734 
