n=14 supports=3003 vertices=768768
support-adjacency entries: 4768764
seeded solution size 1568
n=14 supports=3003 vertices=768768
support-adjacency entries: 4768764
seeded solution size 1568
wrote kissing/logs/mis8_n14_s31.txt (1568 vertices)
n=14 best_weight8=1568  total_with_Droots=1932
n=14 supports=3003 vertices=768768
support-adjacency entries: 4768764
seeded solution size 1568
wrote kissing/logs/mis8_n14_s32.txt (1568 vertices)
n=14 best_weight8=1568  total_with_Droots=1932
n=14 supports=3003 vertices=768768
support-adjacency entries: 4768764
seeded solution size 1568
Terminated
n=14 supports=3003 vertices=768768
support-adjacency entries: 4768764
seeded solution size 1568
